Archive member included to satisfy reference by file (symbol)

/usr/lib/gcc/arm-none-eabi/13.2.0/thumb/v6-m/nofp/libgcc.a(_dvmd_tls.o)
                              CMakeFiles/hello_dvi.dir/aux/pico/pico-sdk/src/rp2_common/pico_divider/divider.S.obj (__aeabi_idiv0)
/usr/lib/gcc/arm-none-eabi/13.2.0/../../../../arm-none-eabi/lib/thumb/v6-m/nofp/libc.a(libc_a-atexit.o)
                              /usr/lib/gcc/arm-none-eabi/13.2.0/../../../../arm-none-eabi/lib/thumb/v6-m/nofp/crt0.o (atexit)
/usr/lib/gcc/arm-none-eabi/13.2.0/../../../../arm-none-eabi/lib/thumb/v6-m/nofp/libc.a(libc_a-calloc.o)
                              CMakeFiles/hello_dvi.dir/aux/pico/pico-sdk/src/rp2_common/pico_malloc/pico_malloc.c.obj (calloc)
/usr/lib/gcc/arm-none-eabi/13.2.0/../../../../arm-none-eabi/lib/thumb/v6-m/nofp/libc.a(libc_a-callocr.o)
                              /usr/lib/gcc/arm-none-eabi/13.2.0/../../../../arm-none-eabi/lib/thumb/v6-m/nofp/libc.a(libc_a-calloc.o) (_calloc_r)
/usr/lib/gcc/arm-none-eabi/13.2.0/../../../../arm-none-eabi/lib/thumb/v6-m/nofp/libc.a(libc_a-malloc.o)
                              CMakeFiles/hello_dvi.dir/aux/pico/pico-sdk/src/rp2_common/pico_malloc/pico_malloc.c.obj (malloc)
/usr/lib/gcc/arm-none-eabi/13.2.0/../../../../arm-none-eabi/lib/thumb/v6-m/nofp/libc.a(libc_a-mallocr.o)
                              /usr/lib/gcc/arm-none-eabi/13.2.0/../../../../arm-none-eabi/lib/thumb/v6-m/nofp/libc.a(libc_a-callocr.o) (_malloc_r)
/usr/lib/gcc/arm-none-eabi/13.2.0/../../../../arm-none-eabi/lib/thumb/v6-m/nofp/libc.a(libc_a-mlock.o)
                              /usr/lib/gcc/arm-none-eabi/13.2.0/../../../../arm-none-eabi/lib/thumb/v6-m/nofp/libc.a(libc_a-mallocr.o) (__malloc_lock)
/usr/lib/gcc/arm-none-eabi/13.2.0/../../../../arm-none-eabi/lib/thumb/v6-m/nofp/libc.a(libc_a-realloc.o)
                              CMakeFiles/hello_dvi.dir/aux/pico/pico-sdk/src/rp2_common/pico_malloc/pico_malloc.c.obj (realloc)
/usr/lib/gcc/arm-none-eabi/13.2.0/../../../../arm-none-eabi/lib/thumb/v6-m/nofp/libc.a(libc_a-reallocr.o)
                              /usr/lib/gcc/arm-none-eabi/13.2.0/../../../../arm-none-eabi/lib/thumb/v6-m/nofp/libc.a(libc_a-realloc.o) (_realloc_r)
/usr/lib/gcc/arm-none-eabi/13.2.0/../../../../arm-none-eabi/lib/thumb/v6-m/nofp/libc.a(libc_a-memmove.o)
                              /usr/lib/gcc/arm-none-eabi/13.2.0/../../../../arm-none-eabi/lib/thumb/v6-m/nofp/libc.a(libc_a-reallocr.o) (memmove)
/usr/lib/gcc/arm-none-eabi/13.2.0/../../../../arm-none-eabi/lib/thumb/v6-m/nofp/libc.a(libc_a-impure.o)
                              /usr/lib/gcc/arm-none-eabi/13.2.0/../../../../arm-none-eabi/lib/thumb/v6-m/nofp/libc.a(libc_a-calloc.o) (_impure_ptr)
/usr/lib/gcc/arm-none-eabi/13.2.0/../../../../arm-none-eabi/lib/thumb/v6-m/nofp/libc.a(libc_a-sbrkr.o)
                              /usr/lib/gcc/arm-none-eabi/13.2.0/../../../../arm-none-eabi/lib/thumb/v6-m/nofp/libc.a(libc_a-mallocr.o) (_sbrk_r)
/usr/lib/gcc/arm-none-eabi/13.2.0/../../../../arm-none-eabi/lib/thumb/v6-m/nofp/libc.a(libc_a-errno.o)
                              /usr/lib/gcc/arm-none-eabi/13.2.0/../../../../arm-none-eabi/lib/thumb/v6-m/nofp/libc.a(libc_a-callocr.o) (__errno)
/usr/lib/gcc/arm-none-eabi/13.2.0/../../../../arm-none-eabi/lib/thumb/v6-m/nofp/libc.a(libc_a-init.o)
                              /usr/lib/gcc/arm-none-eabi/13.2.0/../../../../arm-none-eabi/lib/thumb/v6-m/nofp/crt0.o (__libc_init_array)
/usr/lib/gcc/arm-none-eabi/13.2.0/../../../../arm-none-eabi/lib/thumb/v6-m/nofp/libc.a(libc_a-fini.o)
                              /usr/lib/gcc/arm-none-eabi/13.2.0/../../../../arm-none-eabi/lib/thumb/v6-m/nofp/crt0.o (__libc_fini_array)
/usr/lib/gcc/arm-none-eabi/13.2.0/../../../../arm-none-eabi/lib/thumb/v6-m/nofp/libc.a(libc_a-lock.o)
                              /usr/lib/gcc/arm-none-eabi/13.2.0/../../../../arm-none-eabi/lib/thumb/v6-m/nofp/libc.a(libc_a-mlock.o) (__retarget_lock_acquire_recursive)
/usr/lib/gcc/arm-none-eabi/13.2.0/../../../../arm-none-eabi/lib/thumb/v6-m/nofp/libc.a(libc_a-sysconf.o)
                              /usr/lib/gcc/arm-none-eabi/13.2.0/../../../../arm-none-eabi/lib/thumb/v6-m/nofp/libc.a(libc_a-mallocr.o) (sysconf)
/usr/lib/gcc/arm-none-eabi/13.2.0/../../../../arm-none-eabi/lib/thumb/v6-m/nofp/libc.a(libc_a-strlen-stub.o)
                              CMakeFiles/hello_dvi.dir/aux/pico/pico-sdk/src/rp2_common/pico_stdio/stdio.c.obj (strlen)
/usr/lib/gcc/arm-none-eabi/13.2.0/../../../../arm-none-eabi/lib/thumb/v6-m/nofp/libc.a(libc_a-__atexit.o)
                              /usr/lib/gcc/arm-none-eabi/13.2.0/../../../../arm-none-eabi/lib/thumb/v6-m/nofp/libc.a(libc_a-atexit.o) (__register_exitproc)
/usr/lib/gcc/arm-none-eabi/13.2.0/../../../../arm-none-eabi/lib/thumb/v6-m/nofp/libc.a(libc_a-__call_atexit.o)
                              /usr/lib/gcc/arm-none-eabi/13.2.0/../../../../arm-none-eabi/lib/thumb/v6-m/nofp/libc.a(libc_a-__atexit.o) (__atexit_recursive_mutex)
[...]
Memory Configuration

Name             Origin             Length             Attributes
FLASH            0x10000000         0x00200000         xr
RAM              0x20000000         0x00040000         xrw
SCRATCH_X        0x20040000         0x00001000         xrw
SCRATCH_Y        0x20041000         0x00001000         xrw
*default*        0x00000000         0xffffffff

Linker script and memory map

LOAD /usr/lib/gcc/arm-none-eabi/13.2.0/thumb/v6-m/nofp/crti.o
LOAD /usr/lib/gcc/arm-none-eabi/13.2.0/thumb/v6-m/nofp/crtbegin.o
LOAD /usr/lib/gcc/arm-none-eabi/13.2.0/../../../../arm-none-eabi/lib/thumb/v6-m/nofp/crt0.o

.flash_begin    0x10000000        0x0
                0x10000000                        __flash_binary_start = .

.boot2          0x10000000      0x100
                0x10000000                        __boot2_start__ = .
 *(.boot2)
 .boot2         0x10000000      0x100 /tmp/ccOcrlVn.o
                0x10000100                        __boot2_end__ = .
                0x00000001                        ASSERT (((__boot2_end__ - __boot2_start__) == 0x100), ERROR: Pico second stage bootloader must be 256 bytes in size)

.text           0x10000100     0x4490
                0x10000100                        __logical_binary_start = .
 *(.vectors)
 .vectors       0x10000100       0xd4 CMakeFiles/hello_dvi.dir/aux/pico/pico-sdk/src/rp2_common/pico_standard_link/crt0.S.obj
                0x10000100                __vectors
                0x10000100                __VECTOR_TABLE
                0x100001c0                isr_invalid
                0x100001c0                __default_isrs_start
                0x100001c2                isr_nmi
                0x100001c4                isr_hardfault
                0x100001c6                isr_svcall
                0x100001c8                isr_pendsv
                0x100001ca                isr_systick
                0x100001cc                isr_irq30
                0x100001cc                __unhandled_user_irq
                0x100001cc                isr_irq13
                0x100001cc                isr_irq27
                0x100001cc                isr_irq31
                0x100001cc                isr_irq5
                0x100001cc                isr_irq11
                0x100001cc                isr_irq23
                0x100001cc                isr_irq18
                0x100001cc                isr_irq28
                0x100001cc                isr_irq19
                0x100001cc                isr_irq0
                0x100001cc                isr_irq6
                0x100001cc                isr_irq22
                0x100001cc                isr_irq17
                0x100001cc                isr_irq14
                0x100001cc                isr_irq2
                0x100001cc                isr_irq10
                0x100001cc                isr_irq8
                0x100001cc                isr_irq24
                0x100001cc                isr_irq1
                0x100001cc                isr_irq7
                0x100001cc                isr_irq21
                0x100001cc                isr_irq20
                0x100001cc                isr_irq15
                0x100001cc                isr_irq25
                0x100001cc                isr_irq4
                0x100001cc                isr_irq16
                0x100001cc                isr_irq29
                0x100001cc                isr_irq26
                0x100001cc                __default_isrs_end
                0x100001cc                isr_irq3
                0x100001cc                isr_irq12
                0x100001cc                isr_irq9
                0x100001d2                unhandled_user_irq_num_in_r0
 *(.binary_info_header)
 .binary_info_header
                0x100001d4       0x14 CMakeFiles/hello_dvi.dir/aux/pico/pico-sdk/src/rp2_common/pico_standard_link/crt0.S.obj
                0x100001e8                        __binary_info_header_end = .
 *(.reset)
 .reset         0x100001e8       0xa0 CMakeFiles/hello_dvi.dir/aux/pico/pico-sdk/src/rp2_common/pico_standard_link/crt0.S.obj
                0x100001e8                _entry_point
 .reset         0x10000288       0x30 CMakeFiles/hello_dvi.dir/aux/pico/pico-sdk/src/rp2_common/pico_standard_link/binary_info.c.obj
 *(.init)
 .init          0x100002b8        0x4 /usr/lib/gcc/arm-none-eabi/13.2.0/thumb/v6-m/nofp/crti.o
                0x100002b8                _init
 *(EXCLUDE_FILE(*libm.a: *libc.a:*lib_a-mem*.o *libgcc.a:) .text*)
 .text.frame_dummy
                0x100002bc       0x20 /usr/lib/gcc/arm-none-eabi/13.2.0/thumb/v6-m/nofp/crtbegin.o
 .text.core1_main
                0x100002dc       0x6c CMakeFiles/hello_dvi.dir/main.c.obj
                0x100002dc                core1_main
 .text.startup.main
                0x10000348      0x204 CMakeFiles/hello_dvi.dir/main.c.obj
                0x10000348                main
 .text.set_sys_clock_pll
                0x1000054c       0x78 CMakeFiles/hello_dvi.dir/aux/pico/pico-sdk/src/rp2_common/pico_stdlib/stdlib.c.obj
                0x1000054c                set_sys_clock_pll
 .text.check_sys_clock_khz
                0x100005c4      0x234 CMakeFiles/hello_dvi.dir/aux/pico/pico-sdk/src/rp2_common/pico_stdlib/stdlib.c.obj
                0x100005c4                check_sys_clock_khz
 .text.setup_default_uart
                0x100007f8        0x8 CMakeFiles/hello_dvi.dir/aux/pico/pico-sdk/src/rp2_common/pico_stdlib/stdlib.c.obj
                0x100007f8                setup_default_uart
 .text.gpio_set_function
                0x10000800       0x30 CMakeFiles/hello_dvi.dir/aux/pico/pico-sdk/src/rp2_common/hardware_gpio/gpio.c.obj
                0x10000800                gpio_set_function
 .text.gpio_set_outover
                0x10000830       0x24 CMakeFiles/hello_dvi.dir/aux/pico/pico-sdk/src/rp2_common/hardware_gpio/gpio.c.obj
                0x10000830                gpio_set_outover
 .text.running_on_fpga
                0x10000854       0x10 CMakeFiles/hello_dvi.dir/aux/pico/pico-sdk/src/rp2_common/pico_platform/platform.c.obj
                0x10000854                running_on_fpga
 .text.hw_claim_lock
                0x10000864       0x18 CMakeFiles/hello_dvi.dir/aux/pico/pico-sdk/src/rp2_common/hardware_claim/claim.c.obj
                0x10000864                hw_claim_lock
 .text.hw_claim_unlock
                0x1000087c       0x14 CMakeFiles/hello_dvi.dir/aux/pico/pico-sdk/src/rp2_common/hardware_claim/claim.c.obj
                0x1000087c                hw_claim_unlock
 .text.hw_claim_or_assert
                0x10000890       0x44 CMakeFiles/hello_dvi.dir/aux/pico/pico-sdk/src/rp2_common/hardware_claim/claim.c.obj
                0x10000890                hw_claim_or_assert
 .text.hw_claim_unused_from_range
                0x100008d4       0x9c CMakeFiles/hello_dvi.dir/aux/pico/pico-sdk/src/rp2_common/hardware_claim/claim.c.obj
                0x100008d4                hw_claim_unused_from_range
 .text.spin_locks_reset
                0x10000970       0x1c CMakeFiles/hello_dvi.dir/aux/pico/pico-sdk/src/rp2_common/hardware_sync/sync.c.obj
                0x10000970                spin_locks_reset
 .text.next_striped_spin_lock_num
                0x1000098c       0x18 CMakeFiles/hello_dvi.dir/aux/pico/pico-sdk/src/rp2_common/hardware_sync/sync.c.obj
                0x1000098c                next_striped_spin_lock_num
 .text.irq_set_enabled
                0x100009a4       0x24 CMakeFiles/hello_dvi.dir/aux/pico/pico-sdk/src/rp2_common/hardware_irq/irq.c.obj
                0x100009a4                irq_set_enabled
 .text.irq_is_enabled
                0x100009c8       0x18 CMakeFiles/hello_dvi.dir/aux/pico/pico-sdk/src/rp2_common/hardware_irq/irq.c.obj
                0x100009c8                irq_is_enabled
 .text.irq_get_vtable_handler
                0x100009e0       0x10 CMakeFiles/hello_dvi.dir/aux/pico/pico-sdk/src/rp2_common/hardware_irq/irq.c.obj
                0x100009e0                irq_get_vtable_handler
 .text.irq_set_exclusive_handler
                0x100009f0       0x54 CMakeFiles/hello_dvi.dir/aux/pico/pico-sdk/src/rp2_common/hardware_irq/irq.c.obj
                0x100009f0                irq_set_exclusive_handler
 .text.irq_remove_handler
                0x10000a44      0x1c4 CMakeFiles/hello_dvi.dir/aux/pico/pico-sdk/src/rp2_common/hardware_irq/irq.c.obj
                0x10000a44                irq_remove_handler
 .text.irq_add_tail_to_free_list
                0x10000c08       0xb4 CMakeFiles/hello_dvi.dir/aux/pico/pico-sdk/src/rp2_common/hardware_irq/irq.c.obj
                0x10000c08                irq_add_tail_to_free_list
 .text.irq_init_priorities
                0x10000cbc       0x24 CMakeFiles/hello_dvi.dir/aux/pico/pico-sdk/src/rp2_common/hardware_irq/irq.c.obj
                0x10000cbc                irq_init_priorities
 .text.lock_init
                0x10000ce0       0x10 CMakeFiles/hello_dvi.dir/aux/pico/pico-sdk/src/common/pico_sync/lock_core.c.obj
                0x10000ce0                lock_init
 .text.mutex_init
                0x10000cf0       0x1c CMakeFiles/hello_dvi.dir/aux/pico/pico-sdk/src/common/pico_sync/mutex.c.obj
                0x10000cf0                mutex_init
 .text.recursive_mutex_init
                0x10000d0c       0x1c CMakeFiles/hello_dvi.dir/aux/pico/pico-sdk/src/common/pico_sync/mutex.c.obj
                0x10000d0c                recursive_mutex_init
 .text.timer_pool_entry_comparator
                0x10000d28       0x34 CMakeFiles/hello_dvi.dir/aux/pico/pico-sdk/src/common/pico_time/time.c.obj
                0x10000d28                timer_pool_entry_comparator
 .text.sleep_until_callback
                0x10000d5c       0x30 CMakeFiles/hello_dvi.dir/aux/pico/pico-sdk/src/common/pico_time/time.c.obj
 .text.add_alarm_under_lock.isra.0
                0x10000d8c      0x100 CMakeFiles/hello_dvi.dir/aux/pico/pico-sdk/src/common/pico_time/time.c.obj
 .text.alarm_pool_alarm_callback
                0x10000e8c      0x1c0 CMakeFiles/hello_dvi.dir/aux/pico/pico-sdk/src/common/pico_time/time.c.obj
 .text.alarm_pool_init_default
                0x1000104c       0x6c CMakeFiles/hello_dvi.dir/aux/pico/pico-sdk/src/common/pico_time/time.c.obj
                0x1000104c                alarm_pool_init_default
 .text.alarm_pool_add_alarm_at
                0x100010b8      0x17c CMakeFiles/hello_dvi.dir/aux/pico/pico-sdk/src/common/pico_time/time.c.obj
                0x100010b8                alarm_pool_add_alarm_at
 .text.sleep_until
                0x10001234       0xc4 CMakeFiles/hello_dvi.dir/aux/pico/pico-sdk/src/common/pico_time/time.c.obj
                0x10001234                sleep_until
 .text.sleep_ms
                0x100012f8       0x38 CMakeFiles/hello_dvi.dir/aux/pico/pico-sdk/src/common/pico_time/time.c.obj
                0x100012f8                sleep_ms
 .text.best_effort_wfe_or_timeout
                0x10001330       0xcc CMakeFiles/hello_dvi.dir/aux/pico/pico-sdk/src/common/pico_time/time.c.obj
                0x10001330                best_effort_wfe_or_timeout
 .text.hardware_alarm_irq_handler
                0x100013fc       0xbc CMakeFiles/hello_dvi.dir/aux/pico/pico-sdk/src/rp2_common/hardware_timer/timer.c.obj
 .text.hardware_alarm_claim
                0x100014b8       0x18 CMakeFiles/hello_dvi.dir/aux/pico/pico-sdk/src/rp2_common/hardware_timer/timer.c.obj
                0x100014b8                hardware_alarm_claim
 .text.time_us_64
                0x100014d0       0x14 CMakeFiles/hello_dvi.dir/aux/pico/pico-sdk/src/rp2_common/hardware_timer/timer.c.obj
                0x100014d0                time_us_64
 .text.busy_wait_us
                0x100014e4       0x68 CMakeFiles/hello_dvi.dir/aux/pico/pico-sdk/src/rp2_common/hardware_timer/timer.c.obj
                0x100014e4                busy_wait_us
 .text.busy_wait_until
                0x1000154c       0x20 CMakeFiles/hello_dvi.dir/aux/pico/pico-sdk/src/rp2_common/hardware_timer/timer.c.obj
                0x1000154c                busy_wait_until
 .text.hardware_alarm_set_callback
                0x1000156c       0x8c CMakeFiles/hello_dvi.dir/aux/pico/pico-sdk/src/rp2_common/hardware_timer/timer.c.obj
                0x1000156c                hardware_alarm_set_callback
 .text.hardware_alarm_set_target
                0x100015f8       0xd0 CMakeFiles/hello_dvi.dir/aux/pico/pico-sdk/src/rp2_common/hardware_timer/timer.c.obj
                0x100015f8                hardware_alarm_set_target
 .text.hardware_alarm_cancel
                0x100016c8       0x3c CMakeFiles/hello_dvi.dir/aux/pico/pico-sdk/src/rp2_common/hardware_timer/timer.c.obj
                0x100016c8                hardware_alarm_cancel
 .text.ph_merge_nodes
                0x10001704       0x58 CMakeFiles/hello_dvi.dir/aux/pico/pico-sdk/src/common/pico_util/pheap.c.obj
 .text.ph_post_alloc_init
                0x1000175c       0x3c CMakeFiles/hello_dvi.dir/aux/pico/pico-sdk/src/common/pico_util/pheap.c.obj
                0x1000175c                ph_post_alloc_init
 .text.ph_merge_two_pass
                0x10001798       0x8c CMakeFiles/hello_dvi.dir/aux/pico/pico-sdk/src/common/pico_util/pheap.c.obj
                0x10001798                ph_merge_two_pass
 .text.ph_remove_any_head
                0x10001824      0x100 CMakeFiles/hello_dvi.dir/aux/pico/pico-sdk/src/common/pico_util/pheap.c.obj
 .text.ph_remove_head
                0x10001924      0x104 CMakeFiles/hello_dvi.dir/aux/pico/pico-sdk/src/common/pico_util/pheap.c.obj
                0x10001924                ph_remove_head
 .text.ph_remove_and_free_node
                0x10001a28       0x78 CMakeFiles/hello_dvi.dir/aux/pico/pico-sdk/src/common/pico_util/pheap.c.obj
                0x10001a28                ph_remove_and_free_node
 .text.queue_init_with_spinlock
                0x10001aa0       0x24 CMakeFiles/hello_dvi.dir/aux/pico/pico-sdk/src/common/pico_util/queue.c.obj
                0x10001aa0                queue_init_with_spinlock
 .text.uart_init
                0x10001ac4      0x18c CMakeFiles/hello_dvi.dir/aux/pico/pico-sdk/src/rp2_common/hardware_uart/uart.c.obj
                0x10001ac4                uart_init
 .text.clock_configure
                0x10001c50      0x114 CMakeFiles/hello_dvi.dir/aux/pico/pico-sdk/src/rp2_common/hardware_clocks/clocks.c.obj
                0x10001c50                clock_configure
 .text.clocks_init
                0x10001d64      0x2c8 CMakeFiles/hello_dvi.dir/aux/pico/pico-sdk/src/rp2_common/hardware_clocks/clocks.c.obj
                0x10001d64                clocks_init
 .text.clock_get_hz
                0x1000202c        0xc CMakeFiles/hello_dvi.dir/aux/pico/pico-sdk/src/rp2_common/hardware_clocks/clocks.c.obj
                0x1000202c                clock_get_hz
 .text.pll_init
                0x10002038       0xa4 CMakeFiles/hello_dvi.dir/aux/pico/pico-sdk/src/rp2_common/hardware_pll/pll.c.obj
                0x10002038                pll_init
 .text.vreg_set_voltage
                0x100020dc       0x1c CMakeFiles/hello_dvi.dir/aux/pico/pico-sdk/src/rp2_common/hardware_vreg/vreg.c.obj
                0x100020dc                vreg_set_voltage
 .text.watchdog_start_tick
                0x100020f8       0x10 CMakeFiles/hello_dvi.dir/aux/pico/pico-sdk/src/rp2_common/hardware_watchdog/watchdog.c.obj
                0x100020f8                watchdog_start_tick
 .text.xosc_init
                0x10002108       0x28 CMakeFiles/hello_dvi.dir/aux/pico/pico-sdk/src/rp2_common/hardware_xosc/xosc.c.obj
                0x10002108                xosc_init
 .text.runtime_init
                0x10002130       0xf0 CMakeFiles/hello_dvi.dir/aux/pico/pico-sdk/src/rp2_common/pico_runtime/runtime.c.obj
                0x10002130                runtime_init
 .text._exit    0x10002220        0x4 CMakeFiles/hello_dvi.dir/aux/pico/pico-sdk/src/rp2_common/pico_runtime/runtime.c.obj
                0x10002220                _exit
 .text._sbrk    0x10002224       0x34 CMakeFiles/hello_dvi.dir/aux/pico/pico-sdk/src/rp2_common/pico_runtime/runtime.c.obj
                0x10002224                _sbrk
 .text.exit     0x10002258        0x8 CMakeFiles/hello_dvi.dir/aux/pico/pico-sdk/src/rp2_common/pico_runtime/runtime.c.obj
                0x10002258                exit
 .text.panic    0x10002260       0x30 CMakeFiles/hello_dvi.dir/aux/pico/pico-sdk/src/rp2_common/pico_runtime/runtime.c.obj
                0x10002260                panic
 .text.hard_assertion_failure
                0x10002290        0xc CMakeFiles/hello_dvi.dir/aux/pico/pico-sdk/src/rp2_common/pico_runtime/runtime.c.obj
                0x10002290                hard_assertion_failure
 .text._out_char
                0x1000229c       0x10 CMakeFiles/hello_dvi.dir/aux/pico/pico-sdk/src/rp2_common/pico_printf/printf.c.obj
 .text.weak_raw_vprintf
                0x100022ac       0x30 CMakeFiles/hello_dvi.dir/aux/pico/pico-sdk/src/rp2_common/pico_printf/printf.c.obj
                0x100022ac                weak_raw_vprintf
 .text          0x100022dc       0x10 CMakeFiles/hello_dvi.dir/aux/pico/pico-sdk/src/rp2_common/pico_bit_ops/bit_ops_aeabi.S.obj
 .text.ctzsi    0x100022ec        0xc CMakeFiles/hello_dvi.dir/aux/pico/pico-sdk/src/rp2_common/pico_bit_ops/bit_ops_aeabi.S.obj
                0x100022ec                __wrap___ctzsi2
 .text.rom_func_lookup
                0x100022f8       0x10 CMakeFiles/hello_dvi.dir/aux/pico/pico-sdk/src/rp2_common/pico_bootrom/bootrom.c.obj
                0x100022f8                rom_func_lookup
 .text.rom_data_lookup
                0x10002308       0x10 CMakeFiles/hello_dvi.dir/aux/pico/pico-sdk/src/rp2_common/pico_bootrom/bootrom.c.obj
                0x10002308                rom_data_lookup
 .text.rom_funcs_lookup
                0x10002318       0x44 CMakeFiles/hello_dvi.dir/aux/pico/pico-sdk/src/rp2_common/pico_bootrom/bootrom.c.obj
                0x10002318                rom_funcs_lookup
 .text.__wrap___aeabi_uidiv
                0x1000235c       0x4c CMakeFiles/hello_dvi.dir/aux/pico/pico-sdk/src/rp2_common/pico_divider/divider.S.obj
                0x1000235c                __wrap___aeabi_uidiv
                0x1000235c                __wrap___aeabi_uidivmod
                0x1000235c                div_u32u32
                0x1000235c                divmod_u32u32
                0x10002364                divmod_u32u32_unsafe
                0x1000238c                divmod_u32u32_savestate
 .text.__wrap___aeabi_ldiv
                0x100023a8      0x424 CMakeFiles/hello_dvi.dir/aux/pico/pico-sdk/src/rp2_common/pico_divider/divider.S.obj
                0x100023a8                div_s64s64
                0x100023a8                divmod_s64s64
                0x100023a8                __wrap___aeabi_ldivmod
                0x100023d8                div_u64u64
                0x100023d8                divmod_u64u64
                0x100023d8                __wrap___aeabi_uldivmod
                0x100023e8                divmod_u64u64_savestate
                0x10002408                divmod_s64s64_unsafe
                0x10002490                divmod_u64u64_unsafe
 .text.__aeabi_double_init
                0x100027cc       0x98 CMakeFiles/hello_dvi.dir/aux/pico/pico-sdk/src/rp2_common/pico_double/double_init_rom.c.obj
                0x100027cc                __aeabi_double_init
 .text.double_table_shim_on_use_helper
                0x10002864       0x2c CMakeFiles/hello_dvi.dir/aux/pico/pico-sdk/src/rp2_common/pico_double/double_v1_rom_shim.S.obj
                0x10002864                double_table_shim_on_use_helper
 .text.__aeabi_lmul
                0x10002890       0x32 CMakeFiles/hello_dvi.dir/aux/pico/pico-sdk/src/rp2_common/pico_int64_ops/pico_int64_ops_aeabi.S.obj
                0x10002890                __wrap___aeabi_lmul
 *fill*         0x100028c2        0x2 
 .text.__aeabi_float_init
                0x100028c4       0x64 CMakeFiles/hello_dvi.dir/aux/pico/pico-sdk/src/rp2_common/pico_float/float_init_rom.c.obj
                0x100028c4                __aeabi_float_init
 .text.float_table_shim_on_use_helper
                0x10002928       0x2c CMakeFiles/hello_dvi.dir/aux/pico/pico-sdk/src/rp2_common/pico_float/float_v1_rom_shim.S.obj
                0x10002928                float_table_shim_on_use_helper
 .text.__wrap_malloc
                0x10002954       0x3c CMakeFiles/hello_dvi.dir/aux/pico/pico-sdk/src/rp2_common/pico_malloc/pico_malloc.c.obj
                0x10002954                __wrap_malloc
 .text.__wrap_calloc
                0x10002990       0x40 CMakeFiles/hello_dvi.dir/aux/pico/pico-sdk/src/rp2_common/pico_malloc/pico_malloc.c.obj
                0x10002990                __wrap_calloc
 .text          0x100029d0       0x10 CMakeFiles/hello_dvi.dir/aux/pico/pico-sdk/src/rp2_common/pico_mem_ops/mem_ops_aeabi.S.obj
                0x100029d0                __aeabi_mem_init
 .text.memset   0x100029e0        0xc CMakeFiles/hello_dvi.dir/aux/pico/pico-sdk/src/rp2_common/pico_mem_ops/mem_ops_aeabi.S.obj
                0x100029e0                __wrap_memset
 .text.memcpy   0x100029ec        0xc CMakeFiles/hello_dvi.dir/aux/pico/pico-sdk/src/rp2_common/pico_mem_ops/mem_ops_aeabi.S.obj
                0x100029ec                __wrap___aeabi_memcpy
                0x100029ec                __wrap_memcpy
 .text.stdio_out_chars_crlf
                0x100029f8       0x94 CMakeFiles/hello_dvi.dir/aux/pico/pico-sdk/src/rp2_common/pico_stdio/stdio.c.obj
 .text.__wrap_putchar
                0x10002a8c       0x98 CMakeFiles/hello_dvi.dir/aux/pico/pico-sdk/src/rp2_common/pico_stdio/stdio.c.obj
                0x10002a8c                __wrap_putchar
 .text.__wrap_puts
                0x10002b24       0xe0 CMakeFiles/hello_dvi.dir/aux/pico/pico-sdk/src/rp2_common/pico_stdio/stdio.c.obj
                0x10002b24                __wrap_puts
 .text.stdio_set_driver_enabled
                0x10002c04       0x30 CMakeFiles/hello_dvi.dir/aux/pico/pico-sdk/src/rp2_common/pico_stdio/stdio.c.obj
                0x10002c04                stdio_set_driver_enabled
 .text.stdio_uart_out_chars
                0x10002c34       0x4c CMakeFiles/hello_dvi.dir/aux/pico/pico-sdk/src/rp2_common/pico_stdio_uart/stdio_uart.c.obj
 .text.stdio_uart_in_chars
                0x10002c80       0x90 CMakeFiles/hello_dvi.dir/aux/pico/pico-sdk/src/rp2_common/pico_stdio_uart/stdio_uart.c.obj
                0x10002c80                stdio_uart_in_chars
 .text.on_uart_rx
                0x10002d10       0x28 CMakeFiles/hello_dvi.dir/aux/pico/pico-sdk/src/rp2_common/pico_stdio_uart/stdio_uart.c.obj
 .text.stdio_uart_set_chars_available_callback
                0x10002d38       0x8c CMakeFiles/hello_dvi.dir/aux/pico/pico-sdk/src/rp2_common/pico_stdio_uart/stdio_uart.c.obj
 .text.stdio_uart_init
                0x10002dc4       0x48 CMakeFiles/hello_dvi.dir/aux/pico/pico-sdk/src/rp2_common/pico_stdio_uart/stdio_uart.c.obj
                0x10002dc4                stdio_uart_init
 .text.core1_trampoline
                0x10002e0c        0x4 CMakeFiles/hello_dvi.dir/aux/pico/pico-sdk/src/rp2_common/pico_multicore/multicore.c.obj
 .text.core1_wrapper
                0x10002e10        0xc CMakeFiles/hello_dvi.dir/aux/pico/pico-sdk/src/rp2_common/pico_multicore/multicore.c.obj
                0x10002e10                core1_wrapper
 .text.multicore_launch_core1_raw
                0x10002e1c       0x84 CMakeFiles/hello_dvi.dir/aux/pico/pico-sdk/src/rp2_common/pico_multicore/multicore.c.obj
                0x10002e1c                multicore_launch_core1_raw
 .text.multicore_launch_core1
                0x10002ea0       0x58 CMakeFiles/hello_dvi.dir/aux/pico/pico-sdk/src/rp2_common/pico_multicore/multicore.c.obj
                0x10002ea0                multicore_launch_core1
 .text.dvi_init
                0x10002ef8      0x1a4 CMakeFiles/hello_dvi.dir/__/libs/PicoDVI/software/libdvi/dvi.c.obj
                0x10002ef8                dvi_init
 .text.dvi_register_irqs_this_core
                0x1000309c       0x9c CMakeFiles/hello_dvi.dir/__/libs/PicoDVI/software/libdvi/dvi.c.obj
                0x1000309c                dvi_register_irqs_this_core
 .text.dvi_start
                0x10003138       0xdc CMakeFiles/hello_dvi.dir/__/libs/PicoDVI/software/libdvi/dvi.c.obj
                0x10003138                dvi_start
 .text.dvi_serialiser_init
                0x10003214      0x18c CMakeFiles/hello_dvi.dir/__/libs/PicoDVI/software/libdvi/dvi_serialiser.c.obj
                0x10003214                dvi_serialiser_init
 .text.dvi_serialiser_enable
                0x100033a0       0x60 CMakeFiles/hello_dvi.dir/__/libs/PicoDVI/software/libdvi/dvi_serialiser.c.obj
                0x100033a0                dvi_serialiser_enable
 .text.dvi_timing_state_init
                0x10003400        0x8 CMakeFiles/hello_dvi.dir/__/libs/PicoDVI/software/libdvi/dvi_timing.c.obj
                0x10003400                dvi_timing_state_init
 .text.dvi_setup_scanline_for_vblank
                0x10003408      0x12c CMakeFiles/hello_dvi.dir/__/libs/PicoDVI/software/libdvi/dvi_timing.c.obj
                0x10003408                dvi_setup_scanline_for_vblank
 .text.dvi_setup_scanline_for_active
                0x10003534      0x1c4 CMakeFiles/hello_dvi.dir/__/libs/PicoDVI/software/libdvi/dvi_timing.c.obj
                0x10003534                dvi_setup_scanline_for_active
 .text.dma_claim_unused_channel
                0x100036f8       0x24 CMakeFiles/hello_dvi.dir/aux/pico/pico-sdk/src/rp2_common/hardware_dma/dma.c.obj
                0x100036f8                dma_claim_unused_channel
 .text.interp_save
                0x1000371c       0x20 CMakeFiles/hello_dvi.dir/aux/pico/pico-sdk/src/rp2_common/hardware_interp/interp.c.obj
                0x1000371c                interp_save
 .text.interp_restore
                0x1000373c       0x20 CMakeFiles/hello_dvi.dir/aux/pico/pico-sdk/src/rp2_common/hardware_interp/interp.c.obj
                0x1000373c                interp_restore
 .text.pio_sm_claim
                0x1000375c       0x30 CMakeFiles/hello_dvi.dir/aux/pico/pico-sdk/src/rp2_common/hardware_pio/pio.c.obj
                0x1000375c                pio_sm_claim
 .text.pio_add_program
                0x1000378c       0xf0 CMakeFiles/hello_dvi.dir/aux/pico/pico-sdk/src/rp2_common/hardware_pio/pio.c.obj
                0x1000378c                pio_add_program
 .text.pio_sm_set_pins_with_mask
                0x1000387c       0xa8 CMakeFiles/hello_dvi.dir/aux/pico/pico-sdk/src/rp2_common/hardware_pio/pio.c.obj
                0x1000387c                pio_sm_set_pins_with_mask
 .text.pio_sm_set_pindirs_with_mask
                0x10003924       0xa8 CMakeFiles/hello_dvi.dir/aux/pico/pico-sdk/src/rp2_common/hardware_pio/pio.c.obj
                0x10003924                pio_sm_set_pindirs_with_mask
 .text.pio_sm_init
                0x100039cc       0x98 CMakeFiles/hello_dvi.dir/aux/pico/pico-sdk/src/rp2_common/hardware_pio/pio.c.obj
                0x100039cc                pio_sm_init
 .text.atexit   0x10003a64       0x10 /usr/lib/gcc/arm-none-eabi/13.2.0/../../../../arm-none-eabi/lib/thumb/v6-m/nofp/libc.a(libc_a-atexit.o)
                0x10003a64                atexit
 .text.calloc   0x10003a74       0x18 /usr/lib/gcc/arm-none-eabi/13.2.0/../../../../arm-none-eabi/lib/thumb/v6-m/nofp/libc.a(libc_a-calloc.o)
                0x10003a74                calloc
 .text._calloc_r
                0x10003a8c       0xa8 /usr/lib/gcc/arm-none-eabi/13.2.0/../../../../arm-none-eabi/lib/thumb/v6-m/nofp/libc.a(libc_a-callocr.o)
                0x10003a8c                _calloc_r
 .text.malloc   0x10003b34       0x14 /usr/lib/gcc/arm-none-eabi/13.2.0/../../../../arm-none-eabi/lib/thumb/v6-m/nofp/libc.a(libc_a-malloc.o)
                0x10003b34                malloc
 .text._malloc_r
                0x10003b48      0x5a4 /usr/lib/gcc/arm-none-eabi/13.2.0/../../../../arm-none-eabi/lib/thumb/v6-m/nofp/libc.a(libc_a-mallocr.o)
                0x10003b48                _malloc_r
 .text.__malloc_lock
                0x100040ec       0x10 /usr/lib/gcc/arm-none-eabi/13.2.0/../../../../arm-none-eabi/lib/thumb/v6-m/nofp/libc.a(libc_a-mlock.o)
                0x100040ec                __malloc_lock
 .text.__malloc_unlock
                0x100040fc       0x10 /usr/lib/gcc/arm-none-eabi/13.2.0/../../../../arm-none-eabi/lib/thumb/v6-m/nofp/libc.a(libc_a-mlock.o)
                0x100040fc                __malloc_unlock
 .text._sbrk_r  0x1000410c       0x24 /usr/lib/gcc/arm-none-eabi/13.2.0/../../../../arm-none-eabi/lib/thumb/v6-m/nofp/libc.a(libc_a-sbrkr.o)
                0x1000410c                _sbrk_r
 .text.__errno  0x10004130        0xc /usr/lib/gcc/arm-none-eabi/13.2.0/../../../../arm-none-eabi/lib/thumb/v6-m/nofp/libc.a(libc_a-errno.o)
                0x10004130                __errno
 .text.__libc_fini_array
                0x1000413c       0x28 /usr/lib/gcc/arm-none-eabi/13.2.0/../../../../arm-none-eabi/lib/thumb/v6-m/nofp/libc.a(libc_a-fini.o)
                0x1000413c                __libc_fini_array
 .text.__retarget_lock_acquire_recursive
                0x10004164        0x4 /usr/lib/gcc/arm-none-eabi/13.2.0/../../../../arm-none-eabi/lib/thumb/v6-m/nofp/libc.a(libc_a-lock.o)
                0x10004164                __retarget_lock_acquire_recursive
 .text.__retarget_lock_release_recursive
                0x10004168        0x4 /usr/lib/gcc/arm-none-eabi/13.2.0/../../../../arm-none-eabi/lib/thumb/v6-m/nofp/libc.a(libc_a-lock.o)
                0x10004168                __retarget_lock_release_recursive
 .text.sysconf  0x1000416c       0x1c /usr/lib/gcc/arm-none-eabi/13.2.0/../../../../arm-none-eabi/lib/thumb/v6-m/nofp/libc.a(libc_a-sysconf.o)
                0x1000416c                sysconf
 .text.strlen   0x10004188       0x5c /usr/lib/gcc/arm-none-eabi/13.2.0/../../../../arm-none-eabi/lib/thumb/v6-m/nofp/libc.a(libc_a-strlen-stub.o)
                0x10004188                strlen
 .text.__register_exitproc
                0x100041e4       0xa8 /usr/lib/gcc/arm-none-eabi/13.2.0/../../../../arm-none-eabi/lib/thumb/v6-m/nofp/libc.a(libc_a-__atexit.o)
                0x100041e4                __register_exitproc
 .text.startup.register_fini
                0x1000428c       0x18 /usr/lib/gcc/arm-none-eabi/13.2.0/../../../../arm-none-eabi/lib/thumb/v6-m/nofp/libc.a(libc_a-__call_atexit.o)
 .text._malloc_trim_r
                0x100042a4       0xb4 /usr/lib/gcc/arm-none-eabi/13.2.0/../../../../arm-none-eabi/lib/thumb/v6-m/nofp/libc.a(libc_a-freer.o)
                0x100042a4                _malloc_trim_r
 .text._free_r  0x10004358      0x1d4 /usr/lib/gcc/arm-none-eabi/13.2.0/../../../../arm-none-eabi/lib/thumb/v6-m/nofp/libc.a(libc_a-freer.o)
                0x10004358                _free_r
 *(.fini)
 .fini          0x1000452c        0x4 /usr/lib/gcc/arm-none-eabi/13.2.0/thumb/v6-m/nofp/crti.o
                0x1000452c                _fini
 .fini.__stub   0x10004530       0x60 linker stubs
 *crtbegin.o(.ctors)
 *crtbegin?.o(.ctors)
 *(EXCLUDE_FILE(*crtend.o *crtend?.o) .ctors)
 *(SORT_BY_NAME(.ctors.*))
 *(.ctors)
 *crtbegin.o(.dtors)
 *crtbegin?.o(.dtors)
 *(EXCLUDE_FILE(*crtend.o *crtend?.o) .dtors)
 *(SORT_BY_NAME(.dtors.*))
 *(.dtors)
 *(.eh_frame*)
 .eh_frame      0x10004590        0x0 /usr/lib/gcc/arm-none-eabi/13.2.0/thumb/v6-m/nofp/crtbegin.o
                0x10004590                        . = ALIGN (0x4)

.glue_7         0x10004590        0x0
 .glue_7        0x10004590        0x0 linker stubs

.glue_7t        0x10004590        0x0
 .glue_7t       0x10004590        0x0 linker stubs

.vfp11_veneer   0x10004590        0x0
 .vfp11_veneer  0x10004590        0x0 linker stubs

.v4_bx          0x10004590        0x0
 .v4_bx         0x10004590        0x0 linker stubs

.iplt           0x10004590        0x0
 .iplt          0x10004590        0x0 /usr/lib/gcc/arm-none-eabi/13.2.0/thumb/v6-m/nofp/crtbegin.o

.rodata         0x10004590      0x1f0
 *(EXCLUDE_FILE(*libm.a: *libc.a:*lib_a-mem*.o *libgcc.a:) .rodata*)
 .rodata.main.str1.4
                0x10004590      0x1a5 CMakeFiles/hello_dvi.dir/main.c.obj
                                 0x32 (size before relaxing)
 .rodata.hardware_alarm_claim.str1.4
                0x10004735       0x22 CMakeFiles/hello_dvi.dir/aux/pico/pico-sdk/src/rp2_common/hardware_timer/timer.c.obj
 .rodata.panic.str1.4
                0x10004735       0x12 CMakeFiles/hello_dvi.dir/aux/pico/pico-sdk/src/rp2_common/pico_runtime/runtime.c.obj
 .rodata.hard_assertion_failure.str1.4
                0x10004735        0xc CMakeFiles/hello_dvi.dir/aux/pico/pico-sdk/src/rp2_common/pico_runtime/runtime.c.obj
 .rodata.__wrap_malloc.str1.4
                0x10004735        0xe CMakeFiles/hello_dvi.dir/aux/pico/pico-sdk/src/rp2_common/pico_malloc/pico_malloc.c.obj
 .rodata.str1.4
                0x10004735       0x40 CMakeFiles/hello_dvi.dir/aux/pico/pico-sdk/src/rp2_common/pico_standard_link/binary_info.c.obj
 *fill*         0x10004735        0x3 
 .rodata.__bi_81
                0x10004738        0xc CMakeFiles/hello_dvi.dir/aux/pico/pico-sdk/src/rp2_common/pico_standard_link/binary_info.c.obj
 .rodata.__bi_75
                0x10004744        0xc CMakeFiles/hello_dvi.dir/aux/pico/pico-sdk/src/rp2_common/pico_standard_link/binary_info.c.obj
 .rodata.__bi_44
                0x10004750        0xc CMakeFiles/hello_dvi.dir/aux/pico/pico-sdk/src/rp2_common/pico_standard_link/binary_info.c.obj
 .rodata.crlf_str.0
                0x1000475c        0x2 CMakeFiles/hello_dvi.dir/aux/pico/pico-sdk/src/rp2_common/pico_stdio/stdio.c.obj
 .rodata.str1.4
                0x1000475e       0x2c CMakeFiles/hello_dvi.dir/aux/pico/pico-sdk/src/rp2_common/pico_stdio_uart/stdio_uart.c.obj
 *fill*         0x1000475e        0x2 
 .rodata.__bi_33.4
                0x10004760        0xc CMakeFiles/hello_dvi.dir/aux/pico/pico-sdk/src/rp2_common/pico_stdio_uart/stdio_uart.c.obj
 .rodata.__bi_34.5
                0x1000476c        0x8 CMakeFiles/hello_dvi.dir/aux/pico/pico-sdk/src/rp2_common/pico_stdio_uart/stdio_uart.c.obj
 .rodata.str1.4
                0x10004774       0x1d CMakeFiles/hello_dvi.dir/__/libs/PicoDVI/software/libdvi/dvi.c.obj
 .rodata.dvi_init.str1.4
                0x10004774       0x1e CMakeFiles/hello_dvi.dir/__/libs/PicoDVI/software/libdvi/dvi.c.obj
 .rodata.dvi_serialiser_program
                0x10004774        0x6 CMakeFiles/hello_dvi.dir/__/libs/PicoDVI/software/libdvi/dvi_serialiser.c.obj
 *fill*         0x1000477a        0x2 
 .rodata.dvi_serialiser_program_instructions
                0x1000477c        0x4 CMakeFiles/hello_dvi.dir/__/libs/PicoDVI/software/libdvi/dvi_serialiser.c.obj
 .rodata.dma_claim_unused_channel.str1.4
                0x10004780       0x1e CMakeFiles/hello_dvi.dir/aux/pico/pico-sdk/src/rp2_common/hardware_dma/dma.c.obj
 .rodata.pio_sm_claim.str1.4
                0x10004780       0x40 CMakeFiles/hello_dvi.dir/aux/pico/pico-sdk/src/rp2_common/hardware_pio/pio.c.obj
 .rodata.pio_add_program.str1.4
                0x10004780       0x11 CMakeFiles/hello_dvi.dir/aux/pico/pico-sdk/src/rp2_common/hardware_pio/pio.c.obj
                0x100047c0                        . = ALIGN (0x4)
 *(SORT_BY_ALIGNMENT(SORT_BY_NAME(.flashdata*)))
                0x100047c0                        . = ALIGN (0x4)

.ARM.extab
 *(.ARM.extab* .gnu.linkonce.armextab.*)
                0x10004780                        __exidx_start = .

.ARM.exidx
 *(.ARM.exidx* .gnu.linkonce.armexidx.*)
                0x10004780                        __exidx_end = .
                0x100047c0                        . = ALIGN (0x4)
                0x10004780                        __binary_info_start = .

.binary_info    0x10004780       0x24
 *(.binary_info.keep.*)
 .binary_info.keep.__bi_ptr81
                0x10004780        0x4 CMakeFiles/hello_dvi.dir/aux/pico/pico-sdk/src/rp2_common/pico_standard_link/binary_info.c.obj
 .binary_info.keep.__bi_ptr75
                0x10004784        0x4 CMakeFiles/hello_dvi.dir/aux/pico/pico-sdk/src/rp2_common/pico_standard_link/binary_info.c.obj
 .binary_info.keep.__bi_ptr50
                0x10004788        0x4 CMakeFiles/hello_dvi.dir/aux/pico/pico-sdk/src/rp2_common/pico_standard_link/binary_info.c.obj
 .binary_info.keep.__bi_ptr44
                0x1000478c        0x4 CMakeFiles/hello_dvi.dir/aux/pico/pico-sdk/src/rp2_common/pico_standard_link/binary_info.c.obj
 .binary_info.keep.__bi_ptr38
                0x10004790        0x4 CMakeFiles/hello_dvi.dir/aux/pico/pico-sdk/src/rp2_common/pico_standard_link/binary_info.c.obj
 .binary_info.keep.__bi_ptr30
                0x10004794        0x4 CMakeFiles/hello_dvi.dir/aux/pico/pico-sdk/src/rp2_common/pico_standard_link/binary_info.c.obj
 .binary_info.keep.__bi_ptr22
                0x10004798        0x4 CMakeFiles/hello_dvi.dir/aux/pico/pico-sdk/src/rp2_common/pico_standard_link/binary_info.c.obj
 *(.binary_info.*)
 .binary_info.__bi_ptr34
                0x1000479c        0x4 CMakeFiles/hello_dvi.dir/aux/pico/pico-sdk/src/rp2_common/pico_stdio_uart/stdio_uart.c.obj
 .binary_info.__bi_ptr33
                0x100047a0        0x4 CMakeFiles/hello_dvi.dir/aux/pico/pico-sdk/src/rp2_common/pico_stdio_uart/stdio_uart.c.obj
                0x100047a4                        __binary_info_end = .
                0x100047a4                        . = ALIGN (0x4)

.ram_vector_table
                0x20000000       0xc0
 *(.ram_vector_table)
 .ram_vector_table
                0x20000000       0xc0 CMakeFiles/hello_dvi.dir/aux/pico/pico-sdk/src/rp2_common/pico_runtime/runtime.c.obj
                0x20000000                ram_vector_table

.data           0x200000c0    0x2688c load address 0x100047a4
                0x200000c0                        __data_start__ = .
 *(vtable)
 *(.time_critical*)
 .time_critical.mutex_enter_blocking
                0x200000c0       0x48 CMakeFiles/hello_dvi.dir/aux/pico/pico-sdk/src/common/pico_sync/mutex.c.obj
                0x200000c0                mutex_enter_blocking
 .time_critical.mutex_try_enter_block_until
                0x20000108       0x9c CMakeFiles/hello_dvi.dir/aux/pico/pico-sdk/src/common/pico_sync/mutex.c.obj
                0x20000108                mutex_try_enter_block_until
 .time_critical.mutex_exit
                0x200001a4       0x28 CMakeFiles/hello_dvi.dir/aux/pico/pico-sdk/src/common/pico_sync/mutex.c.obj
                0x200001a4                mutex_exit
 .time_critical.dvi_dma_irq_handler
                0x200001cc      0x50c CMakeFiles/hello_dvi.dir/__/libs/PicoDVI/software/libdvi/dvi.c.obj
 .time_critical.dvi_dma1_irq
                0x200006d8       0x24 CMakeFiles/hello_dvi.dir/__/libs/PicoDVI/software/libdvi/dvi.c.obj
 .time_critical.dvi_dma0_irq
                0x200006fc       0x24 CMakeFiles/hello_dvi.dir/__/libs/PicoDVI/software/libdvi/dvi.c.obj
 .time_critical.dvi_scanbuf_main_16bpp
                0x20000720      0x290 CMakeFiles/hello_dvi.dir/__/libs/PicoDVI/software/libdvi/dvi.c.obj
                0x20000720                dvi_scanbuf_main_16bpp
 .time_critical.dvi_timing_state_advance
                0x200009b0       0x44 CMakeFiles/hello_dvi.dir/__/libs/PicoDVI/software/libdvi/dvi_timing.c.obj
                0x200009b0                dvi_timing_state_advance
 .time_critical.dvi_update_scanline_data_dma
                0x200009f4       0x14 CMakeFiles/hello_dvi.dir/__/libs/PicoDVI/software/libdvi/dvi_timing.c.obj
                0x200009f4                dvi_update_scanline_data_dma
 .time_critical.empty_scanline_tmds
                0x20000a08        0xc CMakeFiles/hello_dvi.dir/__/libs/PicoDVI/software/libdvi/dvi_timing.c.obj
 .time_critical.dvi_ctrl_syms
                0x20000a14       0x10 CMakeFiles/hello_dvi.dir/__/libs/PicoDVI/software/libdvi/dvi_timing.c.obj
                0x20000a14                dvi_ctrl_syms
 .time_critical.dvi_timing_640x480p_60hz
                0x20000a24       0x2c CMakeFiles/hello_dvi.dir/__/libs/PicoDVI/software/libdvi/dvi_timing.c.obj
                0x20000a24                dvi_timing_640x480p_60hz
 .time_critical.tmds_encode_data_channel_16bpp
                0x20000a50       0xa4 CMakeFiles/hello_dvi.dir/__/libs/PicoDVI/software/libdvi/tmds_encode.c.obj
                0x20000a50                tmds_encode_data_channel_16bpp
 *(.text*)
 .text          0x20000af4        0x4 /usr/lib/gcc/arm-none-eabi/13.2.0/thumb/v6-m/nofp/libgcc.a(_dvmd_tls.o)
                0x20000af4                __aeabi_ldiv0
                0x20000af4                __aeabi_idiv0
 .text.__stub   0x20000af8       0x40 linker stubs
                0x20000b38                        . = ALIGN (0x4)
 *(.rodata*)
                0x20000b38                        . = ALIGN (0x4)
 *(.data*)
 .data.testcard_320x240
                0x20000b38    0x25800 CMakeFiles/hello_dvi.dir/main.c.obj
                0x20000b38                testcard_320x240
 .data.striped_spin_lock_num
                0x20026338        0x1 CMakeFiles/hello_dvi.dir/aux/pico/pico-sdk/src/rp2_common/hardware_sync/sync.c.obj
 *fill*         0x20026339        0x3 
 .data          0x2002633c       0x48 CMakeFiles/hello_dvi.dir/aux/pico/pico-sdk/src/rp2_common/hardware_irq/irq_handler_chain.S.obj
                0x2002633c                irq_handler_chain_slots
                0x2002636c                irq_handler_chain_first_slot
                0x20026376                irq_handler_chain_remove_tail
 .data.default_alarm_pool
                0x20026384       0x18 CMakeFiles/hello_dvi.dir/aux/pico/pico-sdk/src/common/pico_time/time.c.obj
 .data.default_alarm_pool_heap
                0x2002639c       0x10 CMakeFiles/hello_dvi.dir/aux/pico/pico-sdk/src/common/pico_time/time.c.obj
 *fill*         0x200263ac        0x4 
 .data.aeabi_bits_funcs
                0x200263b0       0x10 CMakeFiles/hello_dvi.dir/aux/pico/pico-sdk/src/rp2_common/pico_bit_ops/bit_ops_aeabi.S.obj
                0x200263b0                aeabi_bits_funcs
                0x200263c0                aeabi_bits_funcs_end
 .data.aeabi_mem_funcs
                0x200263c0       0x10 CMakeFiles/hello_dvi.dir/aux/pico/pico-sdk/src/rp2_common/pico_mem_ops/mem_ops_aeabi.S.obj
                0x200263c0                aeabi_mem_funcs
                0x200263d0                aeabi_mem_funcs_end
 .data.stdio_uart
                0x200263d0       0x18 CMakeFiles/hello_dvi.dir/aux/pico/pico-sdk/src/rp2_common/pico_stdio_uart/stdio_uart.c.obj
                0x200263d0                stdio_uart
 .data.__malloc_sbrk_base
                0x200263e8        0x4 /usr/lib/gcc/arm-none-eabi/13.2.0/../../../../arm-none-eabi/lib/thumb/v6-m/nofp/libc.a(libc_a-mallocr.o)
                0x200263e8                __malloc_sbrk_base
 .data.__malloc_trim_threshold
                0x200263ec        0x4 /usr/lib/gcc/arm-none-eabi/13.2.0/../../../../arm-none-eabi/lib/thumb/v6-m/nofp/libc.a(libc_a-mallocr.o)
                0x200263ec                __malloc_trim_threshold
 .data.__malloc_av_
                0x200263f0      0x408 /usr/lib/gcc/arm-none-eabi/13.2.0/../../../../arm-none-eabi/lib/thumb/v6-m/nofp/libc.a(libc_a-mallocr.o)
                0x200263f0                __malloc_av_
 .data._impure_ptr
                0x200267f8        0x4 /usr/lib/gcc/arm-none-eabi/13.2.0/../../../../arm-none-eabi/lib/thumb/v6-m/nofp/libc.a(libc_a-impure.o)
                0x200267f8                _impure_ptr
 *fill*         0x200267fc        0x4 
 .data._impure_data
                0x20026800      0x120 /usr/lib/gcc/arm-none-eabi/13.2.0/../../../../arm-none-eabi/lib/thumb/v6-m/nofp/libc.a(libc_a-impure.o)
                0x20026800                _impure_data
 .data.__atexit_recursive_mutex
                0x20026920        0x4 /usr/lib/gcc/arm-none-eabi/13.2.0/../../../../arm-none-eabi/lib/thumb/v6-m/nofp/libc.a(libc_a-__call_atexit.o)
                0x20026920                __atexit_recursive_mutex
                0x20026924                        . = ALIGN (0x4)
 *(.after_data.*)
                0x20026924                        . = ALIGN (0x4)
                0x20026924                        PROVIDE (__mutex_array_start = .)
 *(SORT_BY_NAME(.mutex_array.*))
 *(.mutex_array)
 .mutex_array   0x20026924        0x8 CMakeFiles/hello_dvi.dir/aux/pico/pico-sdk/src/rp2_common/pico_malloc/pico_malloc.c.obj
 .mutex_array   0x2002692c        0x8 CMakeFiles/hello_dvi.dir/aux/pico/pico-sdk/src/rp2_common/pico_stdio/stdio.c.obj
                0x20026934                        PROVIDE (__mutex_array_end = .)
                0x20026934                        . = ALIGN (0x4)
                0x20026934                        PROVIDE (__preinit_array_start = .)
 *(SORT_BY_NAME(.preinit_array.*))
 .preinit_array.00001
                0x20026934        0x4 CMakeFiles/hello_dvi.dir/aux/pico/pico-sdk/src/rp2_common/pico_mem_ops/mem_ops_aeabi.S.obj
 .preinit_array.00010
                0x20026938        0x4 CMakeFiles/hello_dvi.dir/aux/pico/pico-sdk/src/rp2_common/pico_bit_ops/bit_ops_aeabi.S.obj
 .preinit_array.00020
                0x2002693c        0x4 CMakeFiles/hello_dvi.dir/aux/pico/pico-sdk/src/rp2_common/pico_double/double_aeabi.S.obj
 .preinit_array.00020
                0x20026940        0x4 CMakeFiles/hello_dvi.dir/aux/pico/pico-sdk/src/rp2_common/pico_float/float_aeabi.S.obj
 *(.preinit_array)
                0x20026944                        PROVIDE (__preinit_array_end = .)
                0x20026944                        . = ALIGN (0x4)
                0x20026944                        PROVIDE (__init_array_start = .)
 *(SORT_BY_NAME(.init_array.*))
 .init_array.00000
                0x20026944        0x4 /usr/lib/gcc/arm-none-eabi/13.2.0/../../../../arm-none-eabi/lib/thumb/v6-m/nofp/libc.a(libc_a-__call_atexit.o)
 *(.init_array)
 .init_array    0x20026948        0x4 /usr/lib/gcc/arm-none-eabi/13.2.0/thumb/v6-m/nofp/crtbegin.o
                0x2002694c                        PROVIDE (__init_array_end = .)
                0x2002694c                        . = ALIGN (0x4)
                0x2002694c                        PROVIDE (__fini_array_start = .)
 *(SORT_BY_NAME(.fini_array.*))
 *(.fini_array)
                0x2002694c                        PROVIDE (__fini_array_end = .)
 *(.jcr)
                0x2002694c                        . = ALIGN (0x4)
                0x2002694c                        __data_end__ = .
                0x100047a4                        __etext = LOADADDR (.data)

.igot.plt       0x2002694c        0x0 load address 0x1002b030
 .igot.plt      0x2002694c        0x0 /usr/lib/gcc/arm-none-eabi/13.2.0/thumb/v6-m/nofp/crtbegin.o

.uninitialized_data
                0x2002694c        0x0 load address 0x1002b030
                0x2002694c                        . = ALIGN (0x4)
 *(.uninitialized_data*)

.scratch_x      0x20040000      0x164 load address 0x1002b030
                0x20040000                        __scratch_x_start__ = .
 *(.scratch_x.*)
 .scratch_x.tmds_encode_loop_16bpp
                0x20040000       0x30 CMakeFiles/hello_dvi.dir/__/libs/PicoDVI/software/libdvi/tmds_encode.S.obj
                0x20040000                tmds_encode_loop_16bpp
 .scratch_x.tmds_encode_loop_16bpp_leftshift
                0x20040030       0x34 CMakeFiles/hello_dvi.dir/__/libs/PicoDVI/software/libdvi/tmds_encode.S.obj
                0x20040030                tmds_encode_loop_16bpp_leftshift
 .scratch_x.tmds_table
                0x20040064      0x100 CMakeFiles/hello_dvi.dir/__/libs/PicoDVI/software/libdvi/tmds_encode.c.obj
                0x20040164                        . = ALIGN (0x4)
                0x20040164                        __scratch_x_end__ = .
                0x1002b030                        __scratch_x_source__ = LOADADDR (.scratch_x)

.rel.dyn        0x20040164        0x0 load address 0x1002b194
 .rel.iplt      0x20040164        0x0 /usr/lib/gcc/arm-none-eabi/13.2.0/thumb/v6-m/nofp/crtbegin.o

.scratch_y      0x20041000        0x0 load address 0x1002b194
                0x20041000                        __scratch_y_start__ = .
 *(.scratch_y.*)
                0x20041000                        . = ALIGN (0x4)
                0x20041000                        __scratch_y_end__ = .
                0x1002b194                        __scratch_y_source__ = LOADADDR (.scratch_y)

.bss            0x20026950      0x9b0
                0x20026950                        . = ALIGN (0x4)
                0x20026950                        __bss_start__ = .
 *(SORT_BY_ALIGNMENT(SORT_BY_NAME(.bss*)))
 .bss.configured_freq
                0x20026950       0x28 CMakeFiles/hello_dvi.dir/aux/pico/pico-sdk/src/rp2_common/hardware_clocks/clocks.c.obj
 .bss.default_alarm_pool_entries
                0x20026978      0x100 CMakeFiles/hello_dvi.dir/aux/pico/pico-sdk/src/common/pico_time/time.c.obj
 .bss.sd_table  0x20026a78      0x100 CMakeFiles/hello_dvi.dir/aux/pico/pico-sdk/src/rp2_common/pico_double/double_init_rom.c.obj
                0x20026a78                sd_table
 .bss.sf_table  0x20026b78      0x100 CMakeFiles/hello_dvi.dir/aux/pico/pico-sdk/src/rp2_common/pico_float/float_init_rom.c.obj
                0x20026b78                sf_table
 .bss.__atexit  0x20026c78        0x4 /usr/lib/gcc/arm-none-eabi/13.2.0/../../../../arm-none-eabi/lib/thumb/v6-m/nofp/libc.a(libc_a-__call_atexit.o)
                0x20026c78                __atexit
 .bss.__atexit0
                0x20026c7c      0x190 /usr/lib/gcc/arm-none-eabi/13.2.0/../../../../arm-none-eabi/lib/thumb/v6-m/nofp/libc.a(libc_a-__atexit.o)
                0x20026c7c                __atexit0
 .bss.__lock___atexit_recursive_mutex
                0x20026e0c        0x1 /usr/lib/gcc/arm-none-eabi/13.2.0/../../../../arm-none-eabi/lib/thumb/v6-m/nofp/libc.a(libc_a-lock.o)
                0x20026e0c                __lock___atexit_recursive_mutex
 *fill*         0x20026e0d        0x3 
 .bss.__lock___malloc_recursive_mutex
                0x20026e10        0x1 /usr/lib/gcc/arm-none-eabi/13.2.0/../../../../arm-none-eabi/lib/thumb/v6-m/nofp/libc.a(libc_a-lock.o)
                0x20026e10                __lock___malloc_recursive_mutex
 *fill*         0x20026e11        0x3 
 .bss.__malloc_current_mallinfo
                0x20026e14       0x28 /usr/lib/gcc/arm-none-eabi/13.2.0/../../../../arm-none-eabi/lib/thumb/v6-m/nofp/libc.a(libc_a-mallocr.o)
                0x20026e14                __malloc_current_mallinfo
 .bss.__malloc_max_sbrked_mem
                0x20026e3c        0x4 /usr/lib/gcc/arm-none-eabi/13.2.0/../../../../arm-none-eabi/lib/thumb/v6-m/nofp/libc.a(libc_a-mallocr.o)
                0x20026e3c                __malloc_max_sbrked_mem
 .bss.__malloc_max_total_mem
                0x20026e40        0x4 /usr/lib/gcc/arm-none-eabi/13.2.0/../../../../arm-none-eabi/lib/thumb/v6-m/nofp/libc.a(libc_a-mallocr.o)
                0x20026e40                __malloc_max_total_mem
 .bss.__malloc_top_pad
                0x20026e44        0x4 /usr/lib/gcc/arm-none-eabi/13.2.0/../../../../arm-none-eabi/lib/thumb/v6-m/nofp/libc.a(libc_a-mallocr.o)
                0x20026e44                __malloc_top_pad
 .bss.__sf      0x20026e48      0x138 /usr/lib/gcc/arm-none-eabi/13.2.0/../../../../arm-none-eabi/lib/thumb/v6-m/nofp/libc.a(libc_a-findfp.o)
                0x20026e48                __sf
 .bss._used_instruction_space
                0x20026f80        0x8 CMakeFiles/hello_dvi.dir/aux/pico/pico-sdk/src/rp2_common/hardware_pio/pio.c.obj
 .bss.alarm_callbacks
                0x20026f88       0x10 CMakeFiles/hello_dvi.dir/aux/pico/pico-sdk/src/rp2_common/hardware_timer/timer.c.obj
 .bss.chars_available_callback
                0x20026f98        0x4 CMakeFiles/hello_dvi.dir/aux/pico/pico-sdk/src/rp2_common/pico_stdio_uart/stdio_uart.c.obj
 .bss.chars_available_param
                0x20026f9c        0x4 CMakeFiles/hello_dvi.dir/aux/pico/pico-sdk/src/rp2_common/pico_stdio_uart/stdio_uart.c.obj
 .bss.default_alarm_pool_entry_ids_high
                0x20026fa0       0x10 CMakeFiles/hello_dvi.dir/aux/pico/pico-sdk/src/common/pico_time/time.c.obj
 .bss.default_alarm_pool_heap_nodes
                0x20026fb0       0x30 CMakeFiles/hello_dvi.dir/aux/pico/pico-sdk/src/common/pico_time/time.c.obj
 .bss.dma_irq_privdata
                0x20026fe0        0x8 CMakeFiles/hello_dvi.dir/__/libs/PicoDVI/software/libdvi/dvi.c.obj
 .bss.drivers   0x20026fe8        0x4 CMakeFiles/hello_dvi.dir/aux/pico/pico-sdk/src/rp2_common/pico_stdio/stdio.c.obj
 .bss.dvi0      0x20026fec      0x2b4 CMakeFiles/hello_dvi.dir/main.c.obj
                0x20026fec                dvi0
 .bss.errno     0x200272a0        0x4 /usr/lib/gcc/arm-none-eabi/13.2.0/../../../../arm-none-eabi/lib/thumb/v6-m/nofp/libc.a(libc_a-reent.o)
                0x200272a0                errno
 .bss.filter    0x200272a4        0x4 CMakeFiles/hello_dvi.dir/aux/pico/pico-sdk/src/rp2_common/pico_stdio/stdio.c.obj
 .bss.heap_end.0
                0x200272a8        0x4 CMakeFiles/hello_dvi.dir/aux/pico/pico-sdk/src/rp2_common/pico_runtime/runtime.c.obj
 .bss.lazy_vsnprintf
                0x200272ac        0x4 CMakeFiles/hello_dvi.dir/aux/pico/pico-sdk/src/rp2_common/pico_printf/printf.c.obj
 .bss.object.0  0x200272b0       0x18 /usr/lib/gcc/arm-none-eabi/13.2.0/thumb/v6-m/nofp/crtbegin.o
 .bss.pools     0x200272c8       0x10 CMakeFiles/hello_dvi.dir/aux/pico/pico-sdk/src/common/pico_time/time.c.obj
 .bss.sf_clz_func
                0x200272d8        0x4 CMakeFiles/hello_dvi.dir/aux/pico/pico-sdk/src/rp2_common/pico_double/double_init_rom.c.obj
                0x200272d8                sf_clz_func
 .bss.sleep_notifier
                0x200272dc        0x4 CMakeFiles/hello_dvi.dir/aux/pico/pico-sdk/src/common/pico_time/time.c.obj
 .bss.target_hi
                0x200272e0       0x10 CMakeFiles/hello_dvi.dir/aux/pico/pico-sdk/src/rp2_common/hardware_timer/timer.c.obj
 .bss.uart_char_to_line_feed
                0x200272f0        0x4 CMakeFiles/hello_dvi.dir/aux/pico/pico-sdk/src/rp2_common/hardware_uart/uart.c.obj
                0x200272f0                uart_char_to_line_feed
 .bss.uart_instance
                0x200272f4        0x4 CMakeFiles/hello_dvi.dir/aux/pico/pico-sdk/src/rp2_common/pico_stdio_uart/stdio_uart.c.obj
 .bss._claimed  0x200272f8        0x2 CMakeFiles/hello_dvi.dir/aux/pico/pico-sdk/src/rp2_common/hardware_dma/dma.c.obj
 .bss.claimed   0x200272fa        0x1 CMakeFiles/hello_dvi.dir/aux/pico/pico-sdk/src/rp2_common/hardware_timer/timer.c.obj
 .bss.claimed   0x200272fb        0x1 CMakeFiles/hello_dvi.dir/aux/pico/pico-sdk/src/rp2_common/hardware_pio/pio.c.obj
 .bss.irq_hander_chain_free_slot_head
                0x200272fc        0x1 CMakeFiles/hello_dvi.dir/aux/pico/pico-sdk/src/rp2_common/hardware_irq/irq.c.obj
 .bss.timer_callbacks_pending
                0x200272fd        0x1 CMakeFiles/hello_dvi.dir/aux/pico/pico-sdk/src/rp2_common/hardware_timer/timer.c.obj
 *(COMMON)
                0x20027300                        . = ALIGN (0x4)
 *fill*         0x200272fe        0x2 
                0x20027300                        __bss_end__ = .

.heap           0x20027300      0x800
                0x20027300                        __end__ = .
                0x20027300                        end = __end__
 *(.heap*)
 .heap          0x20027300      0x800 CMakeFiles/hello_dvi.dir/aux/pico/pico-sdk/src/rp2_common/pico_standard_link/crt0.S.obj
                0x20027b00                        __HeapLimit = .

.stack1_dummy   0x20040164      0x800
 *(.stack1*)
 .stack1        0x20040164      0x800 CMakeFiles/hello_dvi.dir/aux/pico/pico-sdk/src/rp2_common/pico_multicore/multicore.c.obj

.stack_dummy    0x20041000      0x800
 *(.stack*)
 .stack         0x20041000      0x800 CMakeFiles/hello_dvi.dir/aux/pico/pico-sdk/src/rp2_common/pico_standard_link/crt0.S.obj

.flash_end      0x1002b194        0x0
                0x1002b194                        PROVIDE (__flash_binary_end = .)
                0x20040000                        __StackLimit = (ORIGIN (RAM) + LENGTH (RAM))
                0x20041000                        __StackOneTop = (ORIGIN (SCRATCH_X) + LENGTH (SCRATCH_X))
                0x20042000                        __StackTop = (ORIGIN (SCRATCH_Y) + LENGTH (SCRATCH_Y))
                0x20040800                        __StackOneBottom = (__StackOneTop - SIZEOF (.stack1_dummy))
                0x20041800                        __StackBottom = (__StackTop - SIZEOF (.stack_dummy))
                0x20042000                        PROVIDE (__stack = __StackTop)
                0x00000001                        ASSERT ((__StackLimit >= __HeapLimit), region RAM overflowed)
                0x00000001                        ASSERT (((__binary_info_header_end - __logical_binary_start) <= 0x100), Binary info must be in first 256 bytes of the binary)
LOAD CMakeFiles/hello_dvi.dir/main.c.obj
LOAD CMakeFiles/hello_dvi.dir/aux/pico/pico-sdk/src/rp2_common/pico_stdlib/stdlib.c.obj
LOAD CMakeFiles/hello_dvi.dir/aux/pico/pico-sdk/src/rp2_common/hardware_gpio/gpio.c.obj
LOAD CMakeFiles/hello_dvi.dir/aux/pico/pico-sdk/src/rp2_common/pico_platform/platform.c.obj
LOAD CMakeFiles/hello_dvi.dir/aux/pico/pico-sdk/src/rp2_common/hardware_claim/claim.c.obj
LOAD CMakeFiles/hello_dvi.dir/aux/pico/pico-sdk/src/rp2_common/hardware_sync/sync.c.obj
LOAD CMakeFiles/hello_dvi.dir/aux/pico/pico-sdk/src/rp2_common/hardware_irq/irq.c.obj
LOAD CMakeFiles/hello_dvi.dir/aux/pico/pico-sdk/src/rp2_common/hardware_irq/irq_handler_chain.S.obj
LOAD CMakeFiles/hello_dvi.dir/aux/pico/pico-sdk/src/common/pico_sync/sem.c.obj
LOAD CMakeFiles/hello_dvi.dir/aux/pico/pico-sdk/src/common/pico_sync/lock_core.c.obj
LOAD CMakeFiles/hello_dvi.dir/aux/pico/pico-sdk/src/common/pico_sync/mutex.c.obj
LOAD CMakeFiles/hello_dvi.dir/aux/pico/pico-sdk/src/common/pico_sync/critical_section.c.obj
LOAD CMakeFiles/hello_dvi.dir/aux/pico/pico-sdk/src/common/pico_time/time.c.obj
LOAD CMakeFiles/hello_dvi.dir/aux/pico/pico-sdk/src/common/pico_time/timeout_helper.c.obj
LOAD CMakeFiles/hello_dvi.dir/aux/pico/pico-sdk/src/rp2_common/hardware_timer/timer.c.obj
LOAD CMakeFiles/hello_dvi.dir/aux/pico/pico-sdk/src/common/pico_util/datetime.c.obj
LOAD CMakeFiles/hello_dvi.dir/aux/pico/pico-sdk/src/common/pico_util/pheap.c.obj
LOAD CMakeFiles/hello_dvi.dir/aux/pico/pico-sdk/src/common/pico_util/queue.c.obj
LOAD CMakeFiles/hello_dvi.dir/aux/pico/pico-sdk/src/rp2_common/hardware_uart/uart.c.obj
LOAD CMakeFiles/hello_dvi.dir/aux/pico/pico-sdk/src/rp2_common/hardware_clocks/clocks.c.obj
LOAD CMakeFiles/hello_dvi.dir/aux/pico/pico-sdk/src/rp2_common/hardware_pll/pll.c.obj
LOAD CMakeFiles/hello_dvi.dir/aux/pico/pico-sdk/src/rp2_common/hardware_vreg/vreg.c.obj
LOAD CMakeFiles/hello_dvi.dir/aux/pico/pico-sdk/src/rp2_common/hardware_watchdog/watchdog.c.obj
LOAD CMakeFiles/hello_dvi.dir/aux/pico/pico-sdk/src/rp2_common/hardware_xosc/xosc.c.obj
LOAD CMakeFiles/hello_dvi.dir/aux/pico/pico-sdk/src/rp2_common/hardware_divider/divider.S.obj
LOAD CMakeFiles/hello_dvi.dir/aux/pico/pico-sdk/src/rp2_common/pico_runtime/runtime.c.obj
LOAD CMakeFiles/hello_dvi.dir/aux/pico/pico-sdk/src/rp2_common/pico_printf/printf.c.obj
LOAD CMakeFiles/hello_dvi.dir/aux/pico/pico-sdk/src/rp2_common/pico_bit_ops/bit_ops_aeabi.S.obj
LOAD CMakeFiles/hello_dvi.dir/aux/pico/pico-sdk/src/rp2_common/pico_bootrom/bootrom.c.obj
LOAD CMakeFiles/hello_dvi.dir/aux/pico/pico-sdk/src/rp2_common/pico_divider/divider.S.obj
LOAD CMakeFiles/hello_dvi.dir/aux/pico/pico-sdk/src/rp2_common/pico_double/double_aeabi.S.obj
LOAD CMakeFiles/hello_dvi.dir/aux/pico/pico-sdk/src/rp2_common/pico_double/double_init_rom.c.obj
LOAD CMakeFiles/hello_dvi.dir/aux/pico/pico-sdk/src/rp2_common/pico_double/double_math.c.obj
LOAD CMakeFiles/hello_dvi.dir/aux/pico/pico-sdk/src/rp2_common/pico_double/double_v1_rom_shim.S.obj
LOAD CMakeFiles/hello_dvi.dir/aux/pico/pico-sdk/src/rp2_common/pico_int64_ops/pico_int64_ops_aeabi.S.obj
LOAD CMakeFiles/hello_dvi.dir/aux/pico/pico-sdk/src/rp2_common/pico_float/float_aeabi.S.obj
LOAD CMakeFiles/hello_dvi.dir/aux/pico/pico-sdk/src/rp2_common/pico_float/float_init_rom.c.obj
LOAD CMakeFiles/hello_dvi.dir/aux/pico/pico-sdk/src/rp2_common/pico_float/float_math.c.obj
LOAD CMakeFiles/hello_dvi.dir/aux/pico/pico-sdk/src/rp2_common/pico_float/float_v1_rom_shim.S.obj
LOAD CMakeFiles/hello_dvi.dir/aux/pico/pico-sdk/src/rp2_common/pico_malloc/pico_malloc.c.obj
LOAD CMakeFiles/hello_dvi.dir/aux/pico/pico-sdk/src/rp2_common/pico_mem_ops/mem_ops_aeabi.S.obj
LOAD CMakeFiles/hello_dvi.dir/aux/pico/pico-sdk/src/rp2_common/pico_standard_link/crt0.S.obj
LOAD CMakeFiles/hello_dvi.dir/aux/pico/pico-sdk/src/rp2_common/pico_standard_link/new_delete.cpp.obj
LOAD CMakeFiles/hello_dvi.dir/aux/pico/pico-sdk/src/rp2_common/pico_standard_link/binary_info.c.obj
LOAD CMakeFiles/hello_dvi.dir/aux/pico/pico-sdk/src/rp2_common/pico_stdio/stdio.c.obj
LOAD CMakeFiles/hello_dvi.dir/aux/pico/pico-sdk/src/rp2_common/pico_stdio_uart/stdio_uart.c.obj
LOAD CMakeFiles/hello_dvi.dir/aux/pico/pico-sdk/src/rp2_common/pico_multicore/multicore.c.obj
LOAD CMakeFiles/hello_dvi.dir/__/libs/PicoDVI/software/libdvi/dvi.c.obj
LOAD CMakeFiles/hello_dvi.dir/__/libs/PicoDVI/software/libdvi/dvi_serialiser.c.obj
LOAD CMakeFiles/hello_dvi.dir/__/libs/PicoDVI/software/libdvi/dvi_timing.c.obj
LOAD CMakeFiles/hello_dvi.dir/__/libs/PicoDVI/software/libdvi/tmds_encode.S.obj
LOAD CMakeFiles/hello_dvi.dir/__/libs/PicoDVI/software/libdvi/tmds_encode.c.obj
LOAD CMakeFiles/hello_dvi.dir/aux/pico/pico-sdk/src/rp2_common/hardware_dma/dma.c.obj
LOAD CMakeFiles/hello_dvi.dir/aux/pico/pico-sdk/src/rp2_common/hardware_interp/interp.c.obj
LOAD CMakeFiles/hello_dvi.dir/aux/pico/pico-sdk/src/rp2_common/hardware_pio/pio.c.obj
LOAD /tmp/ccOcrlVn.o
LOAD /usr/lib/gcc/arm-none-eabi/13.2.0/../../../../arm-none-eabi/lib/thumb/v6-m/nofp/libstdc++.a
LOAD /usr/lib/gcc/arm-none-eabi/13.2.0/../../../../arm-none-eabi/lib/thumb/v6-m/nofp/libm.a
START GROUP
LOAD /usr/lib/gcc/arm-none-eabi/13.2.0/thumb/v6-m/nofp/libgcc.a
LOAD /usr/lib/gcc/arm-none-eabi/13.2.0/../../../../arm-none-eabi/lib/thumb/v6-m/nofp/libc.a
END GROUP
START GROUP
LOAD /usr/lib/gcc/arm-none-eabi/13.2.0/thumb/v6-m/nofp/libgcc.a
LOAD /usr/lib/gcc/arm-none-eabi/13.2.0/../../../../arm-none-eabi/lib/thumb/v6-m/nofp/libc.a
LOAD /usr/lib/gcc/arm-none-eabi/13.2.0/../../../../arm-none-eabi/lib/thumb/v6-m/nofp/libnosys.a
END GROUP
LOAD /usr/lib/gcc/arm-none-eabi/13.2.0/thumb/v6-m/nofp/crtend.o
LOAD /usr/lib/gcc/arm-none-eabi/13.2.0/thumb/v6-m/nofp/crtn.o
OUTPUT(hello_dvi.elf elf32-littlearm)
LOAD linker stubs

.ARM.attributes
                0x00000000       0x28
 .ARM.attributes
                0x00000000       0x1e /usr/lib/gcc/arm-none-eabi/13.2.0/thumb/v6-m/nofp/crti.o
 .ARM.attributes
                0x0000001e       0x2c /usr/lib/gcc/arm-none-eabi/13.2.0/thumb/v6-m/nofp/crtbegin.o
 .ARM.attributes
                0x0000004a       0x2c CMakeFiles/hello_dvi.dir/main.c.obj
 .ARM.attributes
                0x00000076       0x2c CMakeFiles/hello_dvi.dir/aux/pico/pico-sdk/src/rp2_common/pico_stdlib/stdlib.c.obj
 .ARM.attributes
                0x000000a2       0x2c CMakeFiles/hello_dvi.dir/aux/pico/pico-sdk/src/rp2_common/hardware_gpio/gpio.c.obj
 .ARM.attributes
                0x000000ce       0x2c CMakeFiles/hello_dvi.dir/aux/pico/pico-sdk/src/rp2_common/pico_platform/platform.c.obj
 .ARM.attributes
                0x000000fa       0x2c CMakeFiles/hello_dvi.dir/aux/pico/pico-sdk/src/rp2_common/hardware_claim/claim.c.obj
 .ARM.attributes
                0x00000126       0x2c CMakeFiles/hello_dvi.dir/aux/pico/pico-sdk/src/rp2_common/hardware_sync/sync.c.obj
 .ARM.attributes
                0x00000152       0x2c CMakeFiles/hello_dvi.dir/aux/pico/pico-sdk/src/rp2_common/hardware_irq/irq.c.obj
 .ARM.attributes
                0x0000017e       0x22 CMakeFiles/hello_dvi.dir/aux/pico/pico-sdk/src/rp2_common/hardware_irq/irq_handler_chain.S.obj
 .ARM.attributes
                0x000001a0       0x2c CMakeFiles/hello_dvi.dir/aux/pico/pico-sdk/src/common/pico_sync/lock_core.c.obj
 .ARM.attributes
                0x000001cc       0x2c CMakeFiles/hello_dvi.dir/aux/pico/pico-sdk/src/common/pico_sync/mutex.c.obj
 .ARM.attributes
                0x000001f8       0x2c CMakeFiles/hello_dvi.dir/aux/pico/pico-sdk/src/common/pico_time/time.c.obj
 .ARM.attributes
                0x00000224       0x2c CMakeFiles/hello_dvi.dir/aux/pico/pico-sdk/src/rp2_common/hardware_timer/timer.c.obj
 .ARM.attributes
                0x00000250       0x2c CMakeFiles/hello_dvi.dir/aux/pico/pico-sdk/src/common/pico_util/pheap.c.obj
 .ARM.attributes
                0x0000027c       0x2c CMakeFiles/hello_dvi.dir/aux/pico/pico-sdk/src/common/pico_util/queue.c.obj
 .ARM.attributes
                0x000002a8       0x2c CMakeFiles/hello_dvi.dir/aux/pico/pico-sdk/src/rp2_common/hardware_uart/uart.c.obj
 .ARM.attributes
                0x000002d4       0x2c CMakeFiles/hello_dvi.dir/aux/pico/pico-sdk/src/rp2_common/hardware_clocks/clocks.c.obj
 .ARM.attributes
                0x00000300       0x2c CMakeFiles/hello_dvi.dir/aux/pico/pico-sdk/src/rp2_common/hardware_pll/pll.c.obj
 .ARM.attributes
                0x0000032c       0x2c CMakeFiles/hello_dvi.dir/aux/pico/pico-sdk/src/rp2_common/hardware_vreg/vreg.c.obj
 .ARM.attributes
                0x00000358       0x2c CMakeFiles/hello_dvi.dir/aux/pico/pico-sdk/src/rp2_common/hardware_watchdog/watchdog.c.obj
 .ARM.attributes
                0x00000384       0x2c CMakeFiles/hello_dvi.dir/aux/pico/pico-sdk/src/rp2_common/hardware_xosc/xosc.c.obj
 .ARM.attributes
                0x000003b0       0x2c CMakeFiles/hello_dvi.dir/aux/pico/pico-sdk/src/rp2_common/pico_runtime/runtime.c.obj
 .ARM.attributes
                0x000003dc       0x2c CMakeFiles/hello_dvi.dir/aux/pico/pico-sdk/src/rp2_common/pico_printf/printf.c.obj
 .ARM.attributes
                0x00000408       0x22 CMakeFiles/hello_dvi.dir/aux/pico/pico-sdk/src/rp2_common/pico_bit_ops/bit_ops_aeabi.S.obj
 .ARM.attributes
                0x0000042a       0x2c CMakeFiles/hello_dvi.dir/aux/pico/pico-sdk/src/rp2_common/pico_bootrom/bootrom.c.obj
 .ARM.attributes
                0x00000456       0x22 CMakeFiles/hello_dvi.dir/aux/pico/pico-sdk/src/rp2_common/pico_divider/divider.S.obj
 .ARM.attributes
                0x00000478       0x22 CMakeFiles/hello_dvi.dir/aux/pico/pico-sdk/src/rp2_common/pico_double/double_aeabi.S.obj
 .ARM.attributes
                0x0000049a       0x2c CMakeFiles/hello_dvi.dir/aux/pico/pico-sdk/src/rp2_common/pico_double/double_init_rom.c.obj
 .ARM.attributes
                0x000004c6       0x22 CMakeFiles/hello_dvi.dir/aux/pico/pico-sdk/src/rp2_common/pico_double/double_v1_rom_shim.S.obj
 .ARM.attributes
                0x000004e8       0x22 CMakeFiles/hello_dvi.dir/aux/pico/pico-sdk/src/rp2_common/pico_int64_ops/pico_int64_ops_aeabi.S.obj
 .ARM.attributes
                0x0000050a       0x22 CMakeFiles/hello_dvi.dir/aux/pico/pico-sdk/src/rp2_common/pico_float/float_aeabi.S.obj
 .ARM.attributes
                0x0000052c       0x2c CMakeFiles/hello_dvi.dir/aux/pico/pico-sdk/src/rp2_common/pico_float/float_init_rom.c.obj
 .ARM.attributes
                0x00000558       0x22 CMakeFiles/hello_dvi.dir/aux/pico/pico-sdk/src/rp2_common/pico_float/float_v1_rom_shim.S.obj
 .ARM.attributes
                0x0000057a       0x2c CMakeFiles/hello_dvi.dir/aux/pico/pico-sdk/src/rp2_common/pico_malloc/pico_malloc.c.obj
 .ARM.attributes
                0x000005a6       0x22 CMakeFiles/hello_dvi.dir/aux/pico/pico-sdk/src/rp2_common/pico_mem_ops/mem_ops_aeabi.S.obj
 .ARM.attributes
                0x000005c8       0x22 CMakeFiles/hello_dvi.dir/aux/pico/pico-sdk/src/rp2_common/pico_standard_link/crt0.S.obj
 .ARM.attributes
                0x000005ea       0x2c CMakeFiles/hello_dvi.dir/aux/pico/pico-sdk/src/rp2_common/pico_standard_link/binary_info.c.obj
 .ARM.attributes
                0x00000616       0x2c CMakeFiles/hello_dvi.dir/aux/pico/pico-sdk/src/rp2_common/pico_stdio/stdio.c.obj
 .ARM.attributes
                0x00000642       0x2c CMakeFiles/hello_dvi.dir/aux/pico/pico-sdk/src/rp2_common/pico_stdio_uart/stdio_uart.c.obj
 .ARM.attributes
                0x0000066e       0x2c CMakeFiles/hello_dvi.dir/aux/pico/pico-sdk/src/rp2_common/pico_multicore/multicore.c.obj
 .ARM.attributes
                0x0000069a       0x2c CMakeFiles/hello_dvi.dir/__/libs/PicoDVI/software/libdvi/dvi.c.obj
 .ARM.attributes
                0x000006c6       0x2c CMakeFiles/hello_dvi.dir/__/libs/PicoDVI/software/libdvi/dvi_serialiser.c.obj
 .ARM.attributes
                0x000006f2       0x2c CMakeFiles/hello_dvi.dir/__/libs/PicoDVI/software/libdvi/dvi_timing.c.obj
 .ARM.attributes
                0x0000071e       0x22 CMakeFiles/hello_dvi.dir/__/libs/PicoDVI/software/libdvi/tmds_encode.S.obj
 .ARM.attributes
                0x00000740       0x2c CMakeFiles/hello_dvi.dir/__/libs/PicoDVI/software/libdvi/tmds_encode.c.obj
 .ARM.attributes
                0x0000076c       0x2c CMakeFiles/hello_dvi.dir/aux/pico/pico-sdk/src/rp2_common/hardware_dma/dma.c.obj
 .ARM.attributes
                0x00000798       0x2c CMakeFiles/hello_dvi.dir/aux/pico/pico-sdk/src/rp2_common/hardware_interp/interp.c.obj
 .ARM.attributes
                0x000007c4       0x2c CMakeFiles/hello_dvi.dir/aux/pico/pico-sdk/src/rp2_common/hardware_pio/pio.c.obj
 .ARM.attributes
                0x000007f0       0x22 /tmp/ccOcrlVn.o
 .ARM.attributes
                0x00000812       0x1e /usr/lib/gcc/arm-none-eabi/13.2.0/thumb/v6-m/nofp/libgcc.a(_dvmd_tls.o)
 .ARM.attributes
                0x00000830       0x2c /usr/lib/gcc/arm-none-eabi/13.2.0/../../../../arm-none-eabi/lib/thumb/v6-m/nofp/libc.a(libc_a-atexit.o)
 .ARM.attributes
                0x0000085c       0x2c /usr/lib/gcc/arm-none-eabi/13.2.0/../../../../arm-none-eabi/lib/thumb/v6-m/nofp/libc.a(libc_a-calloc.o)
 .ARM.attributes
                0x00000888       0x2c /usr/lib/gcc/arm-none-eabi/13.2.0/../../../../arm-none-eabi/lib/thumb/v6-m/nofp/libc.a(libc_a-callocr.o)
 .ARM.attributes
                0x000008b4       0x2c /usr/lib/gcc/arm-none-eabi/13.2.0/../../../../arm-none-eabi/lib/thumb/v6-m/nofp/libc.a(libc_a-malloc.o)
 .ARM.attributes
                0x000008e0       0x2c /usr/lib/gcc/arm-none-eabi/13.2.0/../../../../arm-none-eabi/lib/thumb/v6-m/nofp/libc.a(libc_a-mallocr.o)
 .ARM.attributes
                0x0000090c       0x2c /usr/lib/gcc/arm-none-eabi/13.2.0/../../../../arm-none-eabi/lib/thumb/v6-m/nofp/libc.a(libc_a-mlock.o)
 .ARM.attributes
                0x00000938       0x2c /usr/lib/gcc/arm-none-eabi/13.2.0/../../../../arm-none-eabi/lib/thumb/v6-m/nofp/libc.a(libc_a-impure.o)
 .ARM.attributes
                0x00000964       0x2c /usr/lib/gcc/arm-none-eabi/13.2.0/../../../../arm-none-eabi/lib/thumb/v6-m/nofp/libc.a(libc_a-sbrkr.o)
 .ARM.attributes
                0x00000990       0x2c /usr/lib/gcc/arm-none-eabi/13.2.0/../../../../arm-none-eabi/lib/thumb/v6-m/nofp/libc.a(libc_a-errno.o)
 .ARM.attributes
                0x000009bc       0x2c /usr/lib/gcc/arm-none-eabi/13.2.0/../../../../arm-none-eabi/lib/thumb/v6-m/nofp/libc.a(libc_a-fini.o)
 .ARM.attributes
                0x000009e8       0x2c /usr/lib/gcc/arm-none-eabi/13.2.0/../../../../arm-none-eabi/lib/thumb/v6-m/nofp/libc.a(libc_a-lock.o)
 .ARM.attributes
                0x00000a14       0x2c /usr/lib/gcc/arm-none-eabi/13.2.0/../../../../arm-none-eabi/lib/thumb/v6-m/nofp/libc.a(libc_a-sysconf.o)
 .ARM.attributes
                0x00000a40       0x2c /usr/lib/gcc/arm-none-eabi/13.2.0/../../../../arm-none-eabi/lib/thumb/v6-m/nofp/libc.a(libc_a-strlen-stub.o)
 .ARM.attributes
                0x00000a6c       0x2c /usr/lib/gcc/arm-none-eabi/13.2.0/../../../../arm-none-eabi/lib/thumb/v6-m/nofp/libc.a(libc_a-__atexit.o)
 .ARM.attributes
                0x00000a98       0x2c /usr/lib/gcc/arm-none-eabi/13.2.0/../../../../arm-none-eabi/lib/thumb/v6-m/nofp/libc.a(libc_a-__call_atexit.o)
 .ARM.attributes
                0x00000ac4       0x2c /usr/lib/gcc/arm-none-eabi/13.2.0/../../../../arm-none-eabi/lib/thumb/v6-m/nofp/libc.a(libc_a-freer.o)
 .ARM.attributes
                0x00000af0       0x2c /usr/lib/gcc/arm-none-eabi/13.2.0/../../../../arm-none-eabi/lib/thumb/v6-m/nofp/libc.a(libc_a-findfp.o)
 .ARM.attributes
                0x00000b1c       0x2c /usr/lib/gcc/arm-none-eabi/13.2.0/../../../../arm-none-eabi/lib/thumb/v6-m/nofp/libc.a(libc_a-reent.o)

.comment        0x00000000       0x3c
 .comment       0x00000000       0x3c CMakeFiles/hello_dvi.dir/main.c.obj
                                 0x1f (size before relaxing)
 .comment       0x0000003c       0x1f CMakeFiles/hello_dvi.dir/aux/pico/pico-sdk/src/rp2_common/pico_stdlib/stdlib.c.obj
 .comment       0x0000003c       0x1f CMakeFiles/hello_dvi.dir/aux/pico/pico-sdk/src/rp2_common/hardware_gpio/gpio.c.obj
 .comment       0x0000003c       0x1f CMakeFiles/hello_dvi.dir/aux/pico/pico-sdk/src/rp2_common/pico_platform/platform.c.obj
 .comment       0x0000003c       0x1f CMakeFiles/hello_dvi.dir/aux/pico/pico-sdk/src/rp2_common/hardware_claim/claim.c.obj
 .comment       0x0000003c       0x1f CMakeFiles/hello_dvi.dir/aux/pico/pico-sdk/src/rp2_common/hardware_sync/sync.c.obj
 .comment       0x0000003c       0x1f CMakeFiles/hello_dvi.dir/aux/pico/pico-sdk/src/rp2_common/hardware_irq/irq.c.obj
 .comment       0x0000003c       0x1f CMakeFiles/hello_dvi.dir/aux/pico/pico-sdk/src/common/pico_sync/lock_core.c.obj
 .comment       0x0000003c       0x1f CMakeFiles/hello_dvi.dir/aux/pico/pico-sdk/src/common/pico_sync/mutex.c.obj
 .comment       0x0000003c       0x1f CMakeFiles/hello_dvi.dir/aux/pico/pico-sdk/src/common/pico_time/time.c.obj
 .comment       0x0000003c       0x1f CMakeFiles/hello_dvi.dir/aux/pico/pico-sdk/src/rp2_common/hardware_timer/timer.c.obj
 .comment       0x0000003c       0x1f CMakeFiles/hello_dvi.dir/aux/pico/pico-sdk/src/common/pico_util/pheap.c.obj
 .comment       0x0000003c       0x1f CMakeFiles/hello_dvi.dir/aux/pico/pico-sdk/src/common/pico_util/queue.c.obj
 .comment       0x0000003c       0x1f CMakeFiles/hello_dvi.dir/aux/pico/pico-sdk/src/rp2_common/hardware_uart/uart.c.obj
 .comment       0x0000003c       0x1f CMakeFiles/hello_dvi.dir/aux/pico/pico-sdk/src/rp2_common/hardware_clocks/clocks.c.obj
 .comment       0x0000003c       0x1f CMakeFiles/hello_dvi.dir/aux/pico/pico-sdk/src/rp2_common/hardware_pll/pll.c.obj
 .comment       0x0000003c       0x1f CMakeFiles/hello_dvi.dir/aux/pico/pico-sdk/src/rp2_common/hardware_vreg/vreg.c.obj
 .comment       0x0000003c       0x1f CMakeFiles/hello_dvi.dir/aux/pico/pico-sdk/src/rp2_common/hardware_watchdog/watchdog.c.obj
 .comment       0x0000003c       0x1f CMakeFiles/hello_dvi.dir/aux/pico/pico-sdk/src/rp2_common/hardware_xosc/xosc.c.obj
 .comment       0x0000003c       0x1f CMakeFiles/hello_dvi.dir/aux/pico/pico-sdk/src/rp2_common/pico_runtime/runtime.c.obj
 .comment       0x0000003c       0x1f CMakeFiles/hello_dvi.dir/aux/pico/pico-sdk/src/rp2_common/pico_printf/printf.c.obj
 .comment       0x0000003c       0x1f CMakeFiles/hello_dvi.dir/aux/pico/pico-sdk/src/rp2_common/pico_bootrom/bootrom.c.obj
 .comment       0x0000003c       0x1f CMakeFiles/hello_dvi.dir/aux/pico/pico-sdk/src/rp2_common/pico_double/double_init_rom.c.obj
 .comment       0x0000003c       0x1f CMakeFiles/hello_dvi.dir/aux/pico/pico-sdk/src/rp2_common/pico_float/float_init_rom.c.obj
 .comment       0x0000003c       0x1f CMakeFiles/hello_dvi.dir/aux/pico/pico-sdk/src/rp2_common/pico_malloc/pico_malloc.c.obj
 .comment       0x0000003c       0x1f CMakeFiles/hello_dvi.dir/aux/pico/pico-sdk/src/rp2_common/pico_standard_link/binary_info.c.obj
 .comment       0x0000003c       0x1f CMakeFiles/hello_dvi.dir/aux/pico/pico-sdk/src/rp2_common/pico_stdio/stdio.c.obj
 .comment       0x0000003c       0x1f CMakeFiles/hello_dvi.dir/aux/pico/pico-sdk/src/rp2_common/pico_stdio_uart/stdio_uart.c.obj
 .comment       0x0000003c       0x1f CMakeFiles/hello_dvi.dir/aux/pico/pico-sdk/src/rp2_common/pico_multicore/multicore.c.obj
 .comment       0x0000003c       0x1f CMakeFiles/hello_dvi.dir/__/libs/PicoDVI/software/libdvi/dvi.c.obj
 .comment       0x0000003c       0x1f CMakeFiles/hello_dvi.dir/__/libs/PicoDVI/software/libdvi/dvi_serialiser.c.obj
 .comment       0x0000003c       0x1f CMakeFiles/hello_dvi.dir/__/libs/PicoDVI/software/libdvi/dvi_timing.c.obj
 .comment       0x0000003c       0x1f CMakeFiles/hello_dvi.dir/__/libs/PicoDVI/software/libdvi/tmds_encode.c.obj
 .comment       0x0000003c       0x1f CMakeFiles/hello_dvi.dir/aux/pico/pico-sdk/src/rp2_common/hardware_dma/dma.c.obj
 .comment       0x0000003c       0x1f CMakeFiles/hello_dvi.dir/aux/pico/pico-sdk/src/rp2_common/hardware_interp/interp.c.obj
 .comment       0x0000003c       0x1f CMakeFiles/hello_dvi.dir/aux/pico/pico-sdk/src/rp2_common/hardware_pio/pio.c.obj
 .comment       0x0000003c       0x1f /usr/lib/gcc/arm-none-eabi/13.2.0/../../../../arm-none-eabi/lib/thumb/v6-m/nofp/libc.a(libc_a-atexit.o)
 .comment       0x0000003c       0x1f /usr/lib/gcc/arm-none-eabi/13.2.0/../../../../arm-none-eabi/lib/thumb/v6-m/nofp/libc.a(libc_a-calloc.o)
 .comment       0x0000003c       0x1f /usr/lib/gcc/arm-none-eabi/13.2.0/../../../../arm-none-eabi/lib/thumb/v6-m/nofp/libc.a(libc_a-callocr.o)
 .comment       0x0000003c       0x1f /usr/lib/gcc/arm-none-eabi/13.2.0/../../../../arm-none-eabi/lib/thumb/v6-m/nofp/libc.a(libc_a-malloc.o)
 .comment       0x0000003c       0x1f /usr/lib/gcc/arm-none-eabi/13.2.0/../../../../arm-none-eabi/lib/thumb/v6-m/nofp/libc.a(libc_a-mallocr.o)
 .comment       0x0000003c       0x1f /usr/lib/gcc/arm-none-eabi/13.2.0/../../../../arm-none-eabi/lib/thumb/v6-m/nofp/libc.a(libc_a-mlock.o)
 .comment       0x0000003c       0x1f /usr/lib/gcc/arm-none-eabi/13.2.0/../../../../arm-none-eabi/lib/thumb/v6-m/nofp/libc.a(libc_a-impure.o)
 .comment       0x0000003c       0x1f /usr/lib/gcc/arm-none-eabi/13.2.0/../../../../arm-none-eabi/lib/thumb/v6-m/nofp/libc.a(libc_a-sbrkr.o)
 .comment       0x0000003c       0x1f /usr/lib/gcc/arm-none-eabi/13.2.0/../../../../arm-none-eabi/lib/thumb/v6-m/nofp/libc.a(libc_a-errno.o)
 .comment       0x0000003c       0x1f /usr/lib/gcc/arm-none-eabi/13.2.0/../../../../arm-none-eabi/lib/thumb/v6-m/nofp/libc.a(libc_a-fini.o)
 .comment       0x0000003c       0x1f /usr/lib/gcc/arm-none-eabi/13.2.0/../../../../arm-none-eabi/lib/thumb/v6-m/nofp/libc.a(libc_a-lock.o)
 .comment       0x0000003c       0x1f /usr/lib/gcc/arm-none-eabi/13.2.0/../../../../arm-none-eabi/lib/thumb/v6-m/nofp/libc.a(libc_a-sysconf.o)
 .comment       0x0000003c       0x1f /usr/lib/gcc/arm-none-eabi/13.2.0/../../../../arm-none-eabi/lib/thumb/v6-m/nofp/libc.a(libc_a-strlen-stub.o)
 .comment       0x0000003c       0x1f /usr/lib/gcc/arm-none-eabi/13.2.0/../../../../arm-none-eabi/lib/thumb/v6-m/nofp/libc.a(libc_a-__atexit.o)
 .comment       0x0000003c       0x1f /usr/lib/gcc/arm-none-eabi/13.2.0/../../../../arm-none-eabi/lib/thumb/v6-m/nofp/libc.a(libc_a-__call_atexit.o)
 .comment       0x0000003c       0x1f /usr/lib/gcc/arm-none-eabi/13.2.0/../../../../arm-none-eabi/lib/thumb/v6-m/nofp/libc.a(libc_a-freer.o)
 .comment       0x0000003c       0x1f /usr/lib/gcc/arm-none-eabi/13.2.0/../../../../arm-none-eabi/lib/thumb/v6-m/nofp/libc.a(libc_a-findfp.o)
 .comment       0x0000003c       0x1f /usr/lib/gcc/arm-none-eabi/13.2.0/../../../../arm-none-eabi/lib/thumb/v6-m/nofp/libc.a(libc_a-reent.o)

.debug_line     0x00000000     0x2d07
 .debug_line    0x00000000       0x4a /usr/lib/gcc/arm-none-eabi/13.2.0/thumb/v6-m/nofp/libgcc.a(_dvmd_tls.o)
 .debug_line    0x0000004a       0xe7 /usr/lib/gcc/arm-none-eabi/13.2.0/../../../../arm-none-eabi/lib/thumb/v6-m/nofp/libc.a(libc_a-atexit.o)
 .debug_line    0x00000131      0x181 /usr/lib/gcc/arm-none-eabi/13.2.0/../../../../arm-none-eabi/lib/thumb/v6-m/nofp/libc.a(libc_a-calloc.o)
 .debug_line    0x000002b2      0x246 /usr/lib/gcc/arm-none-eabi/13.2.0/../../../../arm-none-eabi/lib/thumb/v6-m/nofp/libc.a(libc_a-callocr.o)
 .debug_line    0x000004f8      0x1ad /usr/lib/gcc/arm-none-eabi/13.2.0/../../../../arm-none-eabi/lib/thumb/v6-m/nofp/libc.a(libc_a-malloc.o)
 .debug_line    0x000006a5      0x92e /usr/lib/gcc/arm-none-eabi/13.2.0/../../../../arm-none-eabi/lib/thumb/v6-m/nofp/libc.a(libc_a-mallocr.o)
 .debug_line    0x00000fd3      0x19c /usr/lib/gcc/arm-none-eabi/13.2.0/../../../../arm-none-eabi/lib/thumb/v6-m/nofp/libc.a(libc_a-mlock.o)
 .debug_line    0x0000116f      0x108 /usr/lib/gcc/arm-none-eabi/13.2.0/../../../../arm-none-eabi/lib/thumb/v6-m/nofp/libc.a(libc_a-impure.o)
 .debug_line    0x00001277      0x1bb /usr/lib/gcc/arm-none-eabi/13.2.0/../../../../arm-none-eabi/lib/thumb/v6-m/nofp/libc.a(libc_a-sbrkr.o)
 .debug_line    0x00001432      0x133 /usr/lib/gcc/arm-none-eabi/13.2.0/../../../../arm-none-eabi/lib/thumb/v6-m/nofp/libc.a(libc_a-errno.o)
 .debug_line    0x00001565       0xf3 /usr/lib/gcc/arm-none-eabi/13.2.0/../../../../arm-none-eabi/lib/thumb/v6-m/nofp/libc.a(libc_a-fini.o)
 .debug_line    0x00001658      0x17d /usr/lib/gcc/arm-none-eabi/13.2.0/../../../../arm-none-eabi/lib/thumb/v6-m/nofp/libc.a(libc_a-lock.o)
 .debug_line    0x000017d5      0x105 /usr/lib/gcc/arm-none-eabi/13.2.0/../../../../arm-none-eabi/lib/thumb/v6-m/nofp/libc.a(libc_a-sysconf.o)
 .debug_line    0x000018da      0x1e1 /usr/lib/gcc/arm-none-eabi/13.2.0/../../../../arm-none-eabi/lib/thumb/v6-m/nofp/libc.a(libc_a-strlen-stub.o)
 .debug_line    0x00001abb      0x19a /usr/lib/gcc/arm-none-eabi/13.2.0/../../../../arm-none-eabi/lib/thumb/v6-m/nofp/libc.a(libc_a-__atexit.o)
 .debug_line    0x00001c55      0x291 /usr/lib/gcc/arm-none-eabi/13.2.0/../../../../arm-none-eabi/lib/thumb/v6-m/nofp/libc.a(libc_a-__call_atexit.o)
 .debug_line    0x00001ee6      0x4fd /usr/lib/gcc/arm-none-eabi/13.2.0/../../../../arm-none-eabi/lib/thumb/v6-m/nofp/libc.a(libc_a-freer.o)
 .debug_line    0x000023e3      0x72b /usr/lib/gcc/arm-none-eabi/13.2.0/../../../../arm-none-eabi/lib/thumb/v6-m/nofp/libc.a(libc_a-findfp.o)
 .debug_line    0x00002b0e      0x1f9 /usr/lib/gcc/arm-none-eabi/13.2.0/../../../../arm-none-eabi/lib/thumb/v6-m/nofp/libc.a(libc_a-reent.o)

.debug_line_str
                0x00000000       0x92
 .debug_line_str
                0x00000000       0x92 /usr/lib/gcc/arm-none-eabi/13.2.0/thumb/v6-m/nofp/libgcc.a(_dvmd_tls.o)

.debug_info     0x00000000     0x71e9
 .debug_info    0x00000000       0x3c /usr/lib/gcc/arm-none-eabi/13.2.0/thumb/v6-m/nofp/libgcc.a(_dvmd_tls.o)
 .debug_info    0x0000003c      0x118 /usr/lib/gcc/arm-none-eabi/13.2.0/../../../../arm-none-eabi/lib/thumb/v6-m/nofp/libc.a(libc_a-atexit.o)
 .debug_info    0x00000154      0x780 /usr/lib/gcc/arm-none-eabi/13.2.0/../../../../arm-none-eabi/lib/thumb/v6-m/nofp/libc.a(libc_a-calloc.o)
 .debug_info    0x000008d4      0x8e2 /usr/lib/gcc/arm-none-eabi/13.2.0/../../../../arm-none-eabi/lib/thumb/v6-m/nofp/libc.a(libc_a-callocr.o)
 .debug_info    0x000011b6      0x7b2 /usr/lib/gcc/arm-none-eabi/13.2.0/../../../../arm-none-eabi/lib/thumb/v6-m/nofp/libc.a(libc_a-malloc.o)
 .debug_info    0x00001968      0xcd2 /usr/lib/gcc/arm-none-eabi/13.2.0/../../../../arm-none-eabi/lib/thumb/v6-m/nofp/libc.a(libc_a-mallocr.o)
 .debug_info    0x0000263a      0x789 /usr/lib/gcc/arm-none-eabi/13.2.0/../../../../arm-none-eabi/lib/thumb/v6-m/nofp/libc.a(libc_a-mlock.o)
 .debug_info    0x00002dc3      0x733 /usr/lib/gcc/arm-none-eabi/13.2.0/../../../../arm-none-eabi/lib/thumb/v6-m/nofp/libc.a(libc_a-impure.o)
 .debug_info    0x000034f6      0x79a /usr/lib/gcc/arm-none-eabi/13.2.0/../../../../arm-none-eabi/lib/thumb/v6-m/nofp/libc.a(libc_a-sbrkr.o)
 .debug_info    0x00003c90      0x719 /usr/lib/gcc/arm-none-eabi/13.2.0/../../../../arm-none-eabi/lib/thumb/v6-m/nofp/libc.a(libc_a-errno.o)
 .debug_info    0x000043a9       0xf7 /usr/lib/gcc/arm-none-eabi/13.2.0/../../../../arm-none-eabi/lib/thumb/v6-m/nofp/libc.a(libc_a-fini.o)
 .debug_info    0x000044a0      0x20a /usr/lib/gcc/arm-none-eabi/13.2.0/../../../../arm-none-eabi/lib/thumb/v6-m/nofp/libc.a(libc_a-lock.o)
 .debug_info    0x000046aa       0xc1 /usr/lib/gcc/arm-none-eabi/13.2.0/../../../../arm-none-eabi/lib/thumb/v6-m/nofp/libc.a(libc_a-sysconf.o)
 .debug_info    0x0000476b       0xeb /usr/lib/gcc/arm-none-eabi/13.2.0/../../../../arm-none-eabi/lib/thumb/v6-m/nofp/libc.a(libc_a-strlen-stub.o)
 .debug_info    0x00004856      0x25f /usr/lib/gcc/arm-none-eabi/13.2.0/../../../../arm-none-eabi/lib/thumb/v6-m/nofp/libc.a(libc_a-__atexit.o)
 .debug_info    0x00004ab5      0x2dd /usr/lib/gcc/arm-none-eabi/13.2.0/../../../../arm-none-eabi/lib/thumb/v6-m/nofp/libc.a(libc_a-__call_atexit.o)
 .debug_info    0x00004d92      0xb53 /usr/lib/gcc/arm-none-eabi/13.2.0/../../../../arm-none-eabi/lib/thumb/v6-m/nofp/libc.a(libc_a-freer.o)
 .debug_info    0x000058e5     0x1116 /usr/lib/gcc/arm-none-eabi/13.2.0/../../../../arm-none-eabi/lib/thumb/v6-m/nofp/libc.a(libc_a-findfp.o)
 .debug_info    0x000069fb      0x7ee /usr/lib/gcc/arm-none-eabi/13.2.0/../../../../arm-none-eabi/lib/thumb/v6-m/nofp/libc.a(libc_a-reent.o)

.debug_abbrev   0x00000000     0x20d1
 .debug_abbrev  0x00000000       0x26 /usr/lib/gcc/arm-none-eabi/13.2.0/thumb/v6-m/nofp/libgcc.a(_dvmd_tls.o)
 .debug_abbrev  0x00000026       0xbe /usr/lib/gcc/arm-none-eabi/13.2.0/../../../../arm-none-eabi/lib/thumb/v6-m/nofp/libc.a(libc_a-atexit.o)
 .debug_abbrev  0x000000e4      0x1eb /usr/lib/gcc/arm-none-eabi/13.2.0/../../../../arm-none-eabi/lib/thumb/v6-m/nofp/libc.a(libc_a-calloc.o)
 .debug_abbrev  0x000002cf      0x25b /usr/lib/gcc/arm-none-eabi/13.2.0/../../../../arm-none-eabi/lib/thumb/v6-m/nofp/libc.a(libc_a-callocr.o)
 .debug_abbrev  0x0000052a      0x208 /usr/lib/gcc/arm-none-eabi/13.2.0/../../../../arm-none-eabi/lib/thumb/v6-m/nofp/libc.a(libc_a-malloc.o)
 .debug_abbrev  0x00000732      0x2d7 /usr/lib/gcc/arm-none-eabi/13.2.0/../../../../arm-none-eabi/lib/thumb/v6-m/nofp/libc.a(libc_a-mallocr.o)
 .debug_abbrev  0x00000a09      0x1f8 /usr/lib/gcc/arm-none-eabi/13.2.0/../../../../arm-none-eabi/lib/thumb/v6-m/nofp/libc.a(libc_a-mlock.o)
 .debug_abbrev  0x00000c01      0x185 /usr/lib/gcc/arm-none-eabi/13.2.0/../../../../arm-none-eabi/lib/thumb/v6-m/nofp/libc.a(libc_a-impure.o)
 .debug_abbrev  0x00000d86      0x216 /usr/lib/gcc/arm-none-eabi/13.2.0/../../../../arm-none-eabi/lib/thumb/v6-m/nofp/libc.a(libc_a-sbrkr.o)
 .debug_abbrev  0x00000f9c      0x19a /usr/lib/gcc/arm-none-eabi/13.2.0/../../../../arm-none-eabi/lib/thumb/v6-m/nofp/libc.a(libc_a-errno.o)
 .debug_abbrev  0x00001136       0xc9 /usr/lib/gcc/arm-none-eabi/13.2.0/../../../../arm-none-eabi/lib/thumb/v6-m/nofp/libc.a(libc_a-fini.o)
 .debug_abbrev  0x000011ff      0x115 /usr/lib/gcc/arm-none-eabi/13.2.0/../../../../arm-none-eabi/lib/thumb/v6-m/nofp/libc.a(libc_a-lock.o)
 .debug_abbrev  0x00001314       0x80 /usr/lib/gcc/arm-none-eabi/13.2.0/../../../../arm-none-eabi/lib/thumb/v6-m/nofp/libc.a(libc_a-sysconf.o)
 .debug_abbrev  0x00001394       0x90 /usr/lib/gcc/arm-none-eabi/13.2.0/../../../../arm-none-eabi/lib/thumb/v6-m/nofp/libc.a(libc_a-strlen-stub.o)
 .debug_abbrev  0x00001424      0x189 /usr/lib/gcc/arm-none-eabi/13.2.0/../../../../arm-none-eabi/lib/thumb/v6-m/nofp/libc.a(libc_a-__atexit.o)
 .debug_abbrev  0x000015ad      0x200 /usr/lib/gcc/arm-none-eabi/13.2.0/../../../../arm-none-eabi/lib/thumb/v6-m/nofp/libc.a(libc_a-__call_atexit.o)
 .debug_abbrev  0x000017ad      0x289 /usr/lib/gcc/arm-none-eabi/13.2.0/../../../../arm-none-eabi/lib/thumb/v6-m/nofp/libc.a(libc_a-freer.o)
 .debug_abbrev  0x00001a36      0x473 /usr/lib/gcc/arm-none-eabi/13.2.0/../../../../arm-none-eabi/lib/thumb/v6-m/nofp/libc.a(libc_a-findfp.o)
 .debug_abbrev  0x00001ea9      0x228 /usr/lib/gcc/arm-none-eabi/13.2.0/../../../../arm-none-eabi/lib/thumb/v6-m/nofp/libc.a(libc_a-reent.o)

.debug_aranges  0x00000000      0x310
 .debug_aranges
                0x00000000       0x20 /usr/lib/gcc/arm-none-eabi/13.2.0/thumb/v6-m/nofp/libgcc.a(_dvmd_tls.o)
 .debug_aranges
                0x00000020       0x20 /usr/lib/gcc/arm-none-eabi/13.2.0/../../../../arm-none-eabi/lib/thumb/v6-m/nofp/libc.a(libc_a-atexit.o)
 .debug_aranges
                0x00000040       0x20 /usr/lib/gcc/arm-none-eabi/13.2.0/../../../../arm-none-eabi/lib/thumb/v6-m/nofp/libc.a(libc_a-calloc.o)
 .debug_aranges
                0x00000060       0x20 /usr/lib/gcc/arm-none-eabi/13.2.0/../../../../arm-none-eabi/lib/thumb/v6-m/nofp/libc.a(libc_a-callocr.o)
 .debug_aranges
                0x00000080       0x28 /usr/lib/gcc/arm-none-eabi/13.2.0/../../../../arm-none-eabi/lib/thumb/v6-m/nofp/libc.a(libc_a-malloc.o)
 .debug_aranges
                0x000000a8       0x20 /usr/lib/gcc/arm-none-eabi/13.2.0/../../../../arm-none-eabi/lib/thumb/v6-m/nofp/libc.a(libc_a-mallocr.o)
 .debug_aranges
                0x000000c8       0x28 /usr/lib/gcc/arm-none-eabi/13.2.0/../../../../arm-none-eabi/lib/thumb/v6-m/nofp/libc.a(libc_a-mlock.o)
 .debug_aranges
                0x000000f0       0x18 /usr/lib/gcc/arm-none-eabi/13.2.0/../../../../arm-none-eabi/lib/thumb/v6-m/nofp/libc.a(libc_a-impure.o)
 .debug_aranges
                0x00000108       0x20 /usr/lib/gcc/arm-none-eabi/13.2.0/../../../../arm-none-eabi/lib/thumb/v6-m/nofp/libc.a(libc_a-sbrkr.o)
 .debug_aranges
                0x00000128       0x20 /usr/lib/gcc/arm-none-eabi/13.2.0/../../../../arm-none-eabi/lib/thumb/v6-m/nofp/libc.a(libc_a-errno.o)
 .debug_aranges
                0x00000148       0x20 /usr/lib/gcc/arm-none-eabi/13.2.0/../../../../arm-none-eabi/lib/thumb/v6-m/nofp/libc.a(libc_a-fini.o)
 .debug_aranges
                0x00000168       0x68 /usr/lib/gcc/arm-none-eabi/13.2.0/../../../../arm-none-eabi/lib/thumb/v6-m/nofp/libc.a(libc_a-lock.o)
 .debug_aranges
                0x000001d0       0x20 /usr/lib/gcc/arm-none-eabi/13.2.0/../../../../arm-none-eabi/lib/thumb/v6-m/nofp/libc.a(libc_a-sysconf.o)
 .debug_aranges
                0x000001f0       0x20 /usr/lib/gcc/arm-none-eabi/13.2.0/../../../../arm-none-eabi/lib/thumb/v6-m/nofp/libc.a(libc_a-strlen-stub.o)
 .debug_aranges
                0x00000210       0x20 /usr/lib/gcc/arm-none-eabi/13.2.0/../../../../arm-none-eabi/lib/thumb/v6-m/nofp/libc.a(libc_a-__atexit.o)
 .debug_aranges
                0x00000230       0x28 /usr/lib/gcc/arm-none-eabi/13.2.0/../../../../arm-none-eabi/lib/thumb/v6-m/nofp/libc.a(libc_a-__call_atexit.o)
 .debug_aranges
                0x00000258       0x28 /usr/lib/gcc/arm-none-eabi/13.2.0/../../../../arm-none-eabi/lib/thumb/v6-m/nofp/libc.a(libc_a-freer.o)
 .debug_aranges
                0x00000280       0x70 /usr/lib/gcc/arm-none-eabi/13.2.0/../../../../arm-none-eabi/lib/thumb/v6-m/nofp/libc.a(libc_a-findfp.o)
 .debug_aranges
                0x000002f0       0x20 /usr/lib/gcc/arm-none-eabi/13.2.0/../../../../arm-none-eabi/lib/thumb/v6-m/nofp/libc.a(libc_a-reent.o)

.debug_str      0x00000000     0x113d
 .debug_str     0x00000000     0x113d /usr/lib/gcc/arm-none-eabi/13.2.0/thumb/v6-m/nofp/libgcc.a(_dvmd_tls.o)
                                 0xba (size before relaxing)
 .debug_str     0x0000113d      0x1f7 /usr/lib/gcc/arm-none-eabi/13.2.0/../../../../arm-none-eabi/lib/thumb/v6-m/nofp/libc.a(libc_a-atexit.o)
 .debug_str     0x0000113d      0x4db /usr/lib/gcc/arm-none-eabi/13.2.0/../../../../arm-none-eabi/lib/thumb/v6-m/nofp/libc.a(libc_a-calloc.o)
 .debug_str     0x0000113d      0x51c /usr/lib/gcc/arm-none-eabi/13.2.0/../../../../arm-none-eabi/lib/thumb/v6-m/nofp/libc.a(libc_a-callocr.o)
 .debug_str     0x0000113d      0x4ef /usr/lib/gcc/arm-none-eabi/13.2.0/../../../../arm-none-eabi/lib/thumb/v6-m/nofp/libc.a(libc_a-malloc.o)
 .debug_str     0x0000113d      0x6f2 /usr/lib/gcc/arm-none-eabi/13.2.0/../../../../arm-none-eabi/lib/thumb/v6-m/nofp/libc.a(libc_a-mallocr.o)
 .debug_str     0x0000113d      0x54c /usr/lib/gcc/arm-none-eabi/13.2.0/../../../../arm-none-eabi/lib/thumb/v6-m/nofp/libc.a(libc_a-mlock.o)
 .debug_str     0x0000113d      0x4cf /usr/lib/gcc/arm-none-eabi/13.2.0/../../../../arm-none-eabi/lib/thumb/v6-m/nofp/libc.a(libc_a-impure.o)
 .debug_str     0x0000113d      0x4d3 /usr/lib/gcc/arm-none-eabi/13.2.0/../../../../arm-none-eabi/lib/thumb/v6-m/nofp/libc.a(libc_a-sbrkr.o)
 .debug_str     0x0000113d      0x4c4 /usr/lib/gcc/arm-none-eabi/13.2.0/../../../../arm-none-eabi/lib/thumb/v6-m/nofp/libc.a(libc_a-errno.o)
 .debug_str     0x0000113d      0x1f1 /usr/lib/gcc/arm-none-eabi/13.2.0/../../../../arm-none-eabi/lib/thumb/v6-m/nofp/libc.a(libc_a-fini.o)
 .debug_str     0x0000113d      0x32d /usr/lib/gcc/arm-none-eabi/13.2.0/../../../../arm-none-eabi/lib/thumb/v6-m/nofp/libc.a(libc_a-lock.o)
 .debug_str     0x0000113d      0x1c3 /usr/lib/gcc/arm-none-eabi/13.2.0/../../../../arm-none-eabi/lib/thumb/v6-m/nofp/libc.a(libc_a-sysconf.o)
 .debug_str     0x0000113d      0x1d7 /usr/lib/gcc/arm-none-eabi/13.2.0/../../../../arm-none-eabi/lib/thumb/v6-m/nofp/libc.a(libc_a-strlen-stub.o)
 .debug_str     0x0000113d      0x2ce /usr/lib/gcc/arm-none-eabi/13.2.0/../../../../arm-none-eabi/lib/thumb/v6-m/nofp/libc.a(libc_a-__atexit.o)
 .debug_str     0x0000113d      0x2f7 /usr/lib/gcc/arm-none-eabi/13.2.0/../../../../arm-none-eabi/lib/thumb/v6-m/nofp/libc.a(libc_a-__call_atexit.o)
 .debug_str     0x0000113d      0x648 /usr/lib/gcc/arm-none-eabi/13.2.0/../../../../arm-none-eabi/lib/thumb/v6-m/nofp/libc.a(libc_a-freer.o)
 .debug_str     0x0000113d      0x752 /usr/lib/gcc/arm-none-eabi/13.2.0/../../../../arm-none-eabi/lib/thumb/v6-m/nofp/libc.a(libc_a-findfp.o)
 .debug_str     0x0000113d      0x4e9 /usr/lib/gcc/arm-none-eabi/13.2.0/../../../../arm-none-eabi/lib/thumb/v6-m/nofp/libc.a(libc_a-reent.o)

.debug_loclists
                0x00000000     0x1724
 .debug_loclists
                0x00000000       0x2a /usr/lib/gcc/arm-none-eabi/13.2.0/../../../../arm-none-eabi/lib/thumb/v6-m/nofp/libc.a(libc_a-atexit.o)
 .debug_loclists
                0x0000002a       0x48 /usr/lib/gcc/arm-none-eabi/13.2.0/../../../../arm-none-eabi/lib/thumb/v6-m/nofp/libc.a(libc_a-calloc.o)
 .debug_loclists
                0x00000072      0x1e0 /usr/lib/gcc/arm-none-eabi/13.2.0/../../../../arm-none-eabi/lib/thumb/v6-m/nofp/libc.a(libc_a-callocr.o)
 .debug_loclists
                0x00000252       0x48 /usr/lib/gcc/arm-none-eabi/13.2.0/../../../../arm-none-eabi/lib/thumb/v6-m/nofp/libc.a(libc_a-malloc.o)
 .debug_loclists
                0x0000029a      0xa65 /usr/lib/gcc/arm-none-eabi/13.2.0/../../../../arm-none-eabi/lib/thumb/v6-m/nofp/libc.a(libc_a-mallocr.o)
 .debug_loclists
                0x00000cff       0x3a /usr/lib/gcc/arm-none-eabi/13.2.0/../../../../arm-none-eabi/lib/thumb/v6-m/nofp/libc.a(libc_a-mlock.o)
 .debug_loclists
                0x00000d39       0x53 /usr/lib/gcc/arm-none-eabi/13.2.0/../../../../arm-none-eabi/lib/thumb/v6-m/nofp/libc.a(libc_a-sbrkr.o)
 .debug_loclists
                0x00000d8c       0x34 /usr/lib/gcc/arm-none-eabi/13.2.0/../../../../arm-none-eabi/lib/thumb/v6-m/nofp/libc.a(libc_a-fini.o)
 .debug_loclists