
; 64tass Turbo Assembler Macro V1.59.3120 listing file
; 64tass -b --mr65c02 -Wall -o asm/test.bin -L asm/test.lst asm/test.asm
; Mon Nov 20 06:19:57 2023

;Offset	;Hex		;Monitor	;Source

;******  Processing input file: asm/test.asm

.fc00	ea		nop			nop
.fc01	ea		nop			nop
.fc02					lfc00
.fc02	d8		cld			cld
.fc03	58		cli			cli
.fc04	a2 ff		ldx #$ff		ldx #$ff
.fc06	9a		txs			txs
.fc07	a9 ff		lda #$ff		lda 	#-1
.fc09	85 81		sta $81			sta 	$81
.fc0b					loop2:
.fc0b	a9 0a		lda #$0a		lda 	#10
.fc0d	20 23 fc	jsr $fc23		jsr 	delay
.fc10	20 31 fc	jsr $fc31		jsr 	alphabet
.fc13	e6 81		inc $81			inc 	$81
.fc15	a5 81		lda $81			lda 	$81
.fc17	20 45 fc	jsr $fc45		jsr 	lprinthex
.fc1a	a9 0d		lda #$0d		lda 	#13
.fc1c	20 67 fc	jsr $fc67		jsr 	lprintchar
.fc1f	a9 00		lda #$00		lda 	#0
.fc21					_opcode:
.fc21	80 e8		bra $fc0b		bra 	loop2
.fc23					delay:
.fc23	a0 00		ldy #$00		ldy 	#0
.fc25	a2 00		ldx #$00		ldx 	#0
.fc27					loop1:
.fc27	88		dey			dey
.fc28	d0 fd		bne $fc27		bne 	loop1
.fc2a	ca		dex			dex
.fc2b	d0 fa		bne $fc27		bne 	loop1
.fc2d	3a		dec a			dec		a
.fc2e	d0 f7		bne $fc27		bne 	loop1
.fc30	60		rts			rts
.fc31					alphabet:
.fc31	a2 05		ldx #$05		ldx 	#5
.fc33	da		phx			phx
.fc34	7a		ply			ply
.fc35					_loop1:
.fc35	98		tya			tya
.fc36	18		clc			clc
.fc37	69 2c		adc #$2c		adc 	#$2C
.fc39	20 45 fc	jsr $fc45		jsr lprinthex
.fc3c	88		dey			dey
.fc3d	10 f6		bpl $fc35		bpl 	_loop1
.fc3f	a9 2a		lda #$2a		lda 	#42
.fc41	20 45 fc	jsr $fc45		jsr 	lprinthex
.fc44	60		rts			rts
.fc45					lprinthex:
.fc45	48		pha			pha
.fc46	48		pha			pha
.fc47	a9 20		lda #$20		lda 	#32
.fc49	20 67 fc	jsr $fc67		jsr 	lprintchar
.fc4c	68		pla			pla
.fc4d	4a		lsr a			lsr 	a
.fc4e	4a		lsr a			lsr 	a
.fc4f	4a		lsr a			lsr 	a
.fc50	4a		lsr a			lsr 	a
.fc51	20 59 fc	jsr $fc59		jsr 	lprintnibble
.fc54	68		pla			pla
.fc55	20 59 fc	jsr $fc59		jsr 	lprintnibble
.fc58	60		rts			rts
.fc59					lprintnibble:
.fc59	29 0f		and #$0f		and 	#15
.fc5b	c9 0a		cmp #$0a		cmp 	#10
.fc5d	90 02		bcc $fc61		bcc 	_nothex
.fc5f	69 06		adc #$06		adc 	#6
.fc61					_nothex:
.fc61	69 30		adc #$30		adc 	#48
.fc63	20 67 fc	jsr $fc67		jsr 	lprintchar
.fc66	60		rts			rts
.fc67					lprintchar:
.fc67	48		pha			pha
.fc68					waitfree:
.fc68	ad 12 d0	lda $d012		lda $d012
.fc6b	d0 fb		bne $fc68		bne waitfree
.fc6d	68		pla			pla
.fc6e	29 7f		and #$7f		and #$7f
.fc70	8d 12 d0	sta $d012		sta $d012
.fc73	60		rts			rts
>fffa	02 fc					.word 	lfc00
>fffc	02 fc					.word 	lfc00
>fffe	02 fc					.word	lfc00

;******  End of listing
