Archive member included to satisfy reference by file (symbol)

/usr/lib/gcc/arm-none-eabi/13.2.0/thumb/v6-m/nofp/libgcc.a(_dvmd_tls.o)
                              CMakeFiles/firmware.dir/aux/pico/pico-sdk/src/rp2_common/pico_divider/divider.S.obj (__aeabi_idiv0)
/usr/lib/gcc/arm-none-eabi/13.2.0/../../../../arm-none-eabi/lib/thumb/v6-m/nofp/libc.a(libc_a-atexit.o)
                              /usr/lib/gcc/arm-none-eabi/13.2.0/../../../../arm-none-eabi/lib/thumb/v6-m/nofp/crt0.o (atexit)
/usr/lib/gcc/arm-none-eabi/13.2.0/../../../../arm-none-eabi/lib/thumb/v6-m/nofp/libc.a(libc_a-calloc.o)
                              CMakeFiles/firmware.dir/aux/pico/pico-sdk/src/rp2_common/pico_malloc/pico_malloc.c.obj (calloc)
/usr/lib/gcc/arm-none-eabi/13.2.0/../../../../arm-none-eabi/lib/thumb/v6-m/nofp/libc.a(libc_a-callocr.o)
                              /usr/lib/gcc/arm-none-eabi/13.2.0/../../../../arm-none-eabi/lib/thumb/v6-m/nofp/libc.a(libc_a-calloc.o) (_calloc_r)
/usr/lib/gcc/arm-none-eabi/13.2.0/../../../../arm-none-eabi/lib/thumb/v6-m/nofp/libc.a(libc_a-malloc.o)
                              CMakeFiles/firmware.dir/aux/pico/pico-sdk/src/rp2_common/pico_malloc/pico_malloc.c.obj (malloc)
/usr/lib/gcc/arm-none-eabi/13.2.0/../../../../arm-none-eabi/lib/thumb/v6-m/nofp/libc.a(libc_a-mallocr.o)
                              /usr/lib/gcc/arm-none-eabi/13.2.0/../../../../arm-none-eabi/lib/thumb/v6-m/nofp/libc.a(libc_a-callocr.o) (_malloc_r)
/usr/lib/gcc/arm-none-eabi/13.2.0/../../../../arm-none-eabi/lib/thumb/v6-m/nofp/libc.a(libc_a-mlock.o)
                              /usr/lib/gcc/arm-none-eabi/13.2.0/../../../../arm-none-eabi/lib/thumb/v6-m/nofp/libc.a(libc_a-mallocr.o) (__malloc_lock)
/usr/lib/gcc/arm-none-eabi/13.2.0/../../../../arm-none-eabi/lib/thumb/v6-m/nofp/libc.a(libc_a-realloc.o)
                              CMakeFiles/firmware.dir/aux/pico/pico-sdk/src/rp2_common/pico_malloc/pico_malloc.c.obj (realloc)
/usr/lib/gcc/arm-none-eabi/13.2.0/../../../../arm-none-eabi/lib/thumb/v6-m/nofp/libc.a(libc_a-reallocr.o)
                              /usr/lib/gcc/arm-none-eabi/13.2.0/../../../../arm-none-eabi/lib/thumb/v6-m/nofp/libc.a(libc_a-realloc.o) (_realloc_r)
/usr/lib/gcc/arm-none-eabi/13.2.0/../../../../arm-none-eabi/lib/thumb/v6-m/nofp/libc.a(libc_a-memmove.o)
                              /usr/lib/gcc/arm-none-eabi/13.2.0/../../../../arm-none-eabi/lib/thumb/v6-m/nofp/libc.a(libc_a-reallocr.o) (memmove)
/usr/lib/gcc/arm-none-eabi/13.2.0/../../../../arm-none-eabi/lib/thumb/v6-m/nofp/libc.a(libc_a-impure.o)
                              /usr/lib/gcc/arm-none-eabi/13.2.0/../../../../arm-none-eabi/lib/thumb/v6-m/nofp/libc.a(libc_a-calloc.o) (_impure_ptr)
/usr/lib/gcc/arm-none-eabi/13.2.0/../../../../arm-none-eabi/lib/thumb/v6-m/nofp/libc.a(libc_a-sbrkr.o)
                              /usr/lib/gcc/arm-none-eabi/13.2.0/../../../../arm-none-eabi/lib/thumb/v6-m/nofp/libc.a(libc_a-mallocr.o) (_sbrk_r)
/usr/lib/gcc/arm-none-eabi/13.2.0/../../../../arm-none-eabi/lib/thumb/v6-m/nofp/libc.a(libc_a-errno.o)
                              /usr/lib/gcc/arm-none-eabi/13.2.0/../../../../arm-none-eabi/lib/thumb/v6-m/nofp/libc.a(libc_a-callocr.o) (__errno)
/usr/lib/gcc/arm-none-eabi/13.2.0/../../../../arm-none-eabi/lib/thumb/v6-m/nofp/libc.a(libc_a-init.o)
                              /usr/lib/gcc/arm-none-eabi/13.2.0/../../../../arm-none-eabi/lib/thumb/v6-m/nofp/crt0.o (__libc_init_array)
/usr/lib/gcc/arm-none-eabi/13.2.0/../../../../arm-none-eabi/lib/thumb/v6-m/nofp/libc.a(libc_a-fini.o)
                              /usr/lib/gcc/arm-none-eabi/13.2.0/../../../../arm-none-eabi/lib/thumb/v6-m/nofp/crt0.o (__libc_fini_array)
/usr/lib/gcc/arm-none-eabi/13.2.0/../../../../arm-none-eabi/lib/thumb/v6-m/nofp/libc.a(libc_a-lock.o)
                              /usr/lib/gcc/arm-none-eabi/13.2.0/../../../../arm-none-eabi/lib/thumb/v6-m/nofp/libc.a(libc_a-mlock.o) (__retarget_lock_acquire_recursive)
/usr/lib/gcc/arm-none-eabi/13.2.0/../../../../arm-none-eabi/lib/thumb/v6-m/nofp/libc.a(libc_a-sysconf.o)
                              /usr/lib/gcc/arm-none-eabi/13.2.0/../../../../arm-none-eabi/lib/thumb/v6-m/nofp/libc.a(libc_a-mallocr.o) (sysconf)
/usr/lib/gcc/arm-none-eabi/13.2.0/../../../../arm-none-eabi/lib/thumb/v6-m/nofp/libc.a(libc_a-strlen-stub.o)
                              CMakeFiles/firmware.dir/aux/pico/pico-sdk/src/rp2_common/pico_stdio/stdio.c.obj (strlen)
/usr/lib/gcc/arm-none-eabi/13.2.0/../../../../arm-none-eabi/lib/thumb/v6-m/nofp/libc.a(libc_a-__atexit.o)
                              /usr/lib/gcc/arm-none-eabi/13.2.0/../../../../arm-none-eabi/lib/thumb/v6-m/nofp/libc.a(libc_a-atexit.o) (__register_exitproc)
/usr/lib/gcc/arm-none-eabi/13.2.0/../../../../arm-none-eabi/lib/thumb/v6-m/nofp/libc.a(libc_a-__call_atexit.o)
                              /usr/lib/gcc/arm-none-eabi/13.2.0/../../../../arm-none-eabi/lib/thumb/v6-m/nofp/libc.a(libc_a-__atexit.o) (__atexit_recursive_mutex)
[...]
Memory Configuration

Name             Origin             Length             Attributes
FLASH            0x10000000         0x00200000         xr
RAM              0x20000000         0x00040000         xrw
SCRATCH_X        0x20040000         0x00001000         xrw
SCRATCH_Y        0x20041000         0x00001000         xrw
*default*        0x00000000         0xffffffff

Linker script and memory map

LOAD /usr/lib/gcc/arm-none-eabi/13.2.0/thumb/v6-m/nofp/crti.o
LOAD /usr/lib/gcc/arm-none-eabi/13.2.0/thumb/v6-m/nofp/crtbegin.o
LOAD /usr/lib/gcc/arm-none-eabi/13.2.0/../../../../arm-none-eabi/lib/thumb/v6-m/nofp/crt0.o

.flash_begin    0x10000000        0x0
                0x10000000                        __flash_binary_start = .

.boot2          0x10000000      0x100
                0x10000000                        __boot2_start__ = .
 *(.boot2)
 .boot2         0x10000000      0x100 /tmp/ccb1ED78.o
                0x10000100                        __boot2_end__ = .
                0x00000001                        ASSERT (((__boot2_end__ - __boot2_start__) == 0x100), ERROR: Pico second stage bootloader must be 256 bytes in size)

.text           0x10000100     0x8298
                0x10000100                        __logical_binary_start = .
 *(.vectors)
 .vectors       0x10000100       0xd4 CMakeFiles/firmware.dir/aux/pico/pico-sdk/src/rp2_common/pico_standard_link/crt0.S.obj
                0x10000100                __vectors
                0x10000100                __VECTOR_TABLE
                0x100001c0                isr_invalid
                0x100001c0                __default_isrs_start
                0x100001c2                isr_nmi
                0x100001c4                isr_hardfault
                0x100001c6                isr_svcall
                0x100001c8                isr_pendsv
                0x100001ca                isr_systick
                0x100001cc                isr_irq30
                0x100001cc                __unhandled_user_irq
                0x100001cc                isr_irq13
                0x100001cc                isr_irq27
                0x100001cc                isr_irq31
                0x100001cc                isr_irq5
                0x100001cc                isr_irq11
                0x100001cc                isr_irq23
                0x100001cc                isr_irq18
                0x100001cc                isr_irq28
                0x100001cc                isr_irq19
                0x100001cc                isr_irq0
                0x100001cc                isr_irq6
                0x100001cc                isr_irq22
                0x100001cc                isr_irq17
                0x100001cc                isr_irq14
                0x100001cc                isr_irq2
                0x100001cc                isr_irq10
                0x100001cc                isr_irq8
                0x100001cc                isr_irq24
                0x100001cc                isr_irq1
                0x100001cc                isr_irq7
                0x100001cc                isr_irq21
                0x100001cc                isr_irq20
                0x100001cc                isr_irq15
                0x100001cc                isr_irq25
                0x100001cc                isr_irq4
                0x100001cc                isr_irq16
                0x100001cc                isr_irq29
                0x100001cc                isr_irq26
                0x100001cc                __default_isrs_end
                0x100001cc                isr_irq3
                0x100001cc                isr_irq12
                0x100001cc                isr_irq9
                0x100001d2                unhandled_user_irq_num_in_r0
 *(.binary_info_header)
 .binary_info_header
                0x100001d4       0x14 CMakeFiles/firmware.dir/aux/pico/pico-sdk/src/rp2_common/pico_standard_link/crt0.S.obj
                0x100001e8                        __binary_info_header_end = .
 *(.reset)
 .reset         0x100001e8       0xa0 CMakeFiles/firmware.dir/aux/pico/pico-sdk/src/rp2_common/pico_standard_link/crt0.S.obj
                0x100001e8                _entry_point
 .reset         0x10000288       0x30 CMakeFiles/firmware.dir/aux/pico/pico-sdk/src/rp2_common/pico_standard_link/binary_info.c.obj
 *(.init)
 .init          0x100002b8        0x4 /usr/lib/gcc/arm-none-eabi/13.2.0/thumb/v6-m/nofp/crti.o
                0x100002b8                _init
 *(EXCLUDE_FILE(*libm.a: *libc.a:*lib_a-mem*.o *libgcc.a:) .text*)
 .text.frame_dummy
                0x100002bc       0x20 /usr/lib/gcc/arm-none-eabi/13.2.0/thumb/v6-m/nofp/crtbegin.o
 .text.startup.main
                0x100002dc       0x14 CMakeFiles/firmware.dir/main.c.obj
                0x100002dc                main
 .text.sync     0x100002f0        0x8 CMakeFiles/firmware.dir/main.c.obj
                0x100002f0                sync
 .text.drawCharacter
                0x100002f8       0x48 CMakeFiles/firmware.dir/hardware/dvi_video.c.obj
                0x100002f8                drawCharacter
 .text.writeCharacter
                0x10000340       0x48 CMakeFiles/firmware.dir/hardware/dvi_video.c.obj
                0x10000340                writeCharacter
 .text.startVideo
                0x10000388      0x234 CMakeFiles/firmware.dir/hardware/dvi_video.c.obj
                0x10000388                startVideo
 .text.tuh_hid_mount_cb
                0x100005bc       0x60 CMakeFiles/firmware.dir/hardware/usbdriver.c.obj
                0x100005bc                tuh_hid_mount_cb
 .text.tuh_hid_umount_cb
                0x1000061c       0x14 CMakeFiles/firmware.dir/hardware/usbdriver.c.obj
                0x1000061c                tuh_hid_umount_cb
 .text.tuh_hid_report_received_cb
                0x10000630       0x94 CMakeFiles/firmware.dir/hardware/usbdriver.c.obj
                0x10000630                tuh_hid_report_received_cb
 .text.USBSync  0x100006c4       0x10 CMakeFiles/firmware.dir/hardware/usbdriver.c.obj
                0x100006c4                USBSync
 .text.initmemory
                0x100006d4       0x34 CMakeFiles/firmware.dir/system/memory.c.obj
                0x100006d4                initmemory
 .text.wdc65C02cpu_init
                0x10000708       0x88 CMakeFiles/firmware.dir/system/processor.c.obj
                0x10000708                wdc65C02cpu_init
 .text.wdc65C02cpu_reset
                0x10000790       0x1c CMakeFiles/firmware.dir/system/processor.c.obj
                0x10000790                wdc65C02cpu_reset
 .text.wdc65C02cpu_get_address
                0x100007ac       0x44 CMakeFiles/firmware.dir/system/processor.c.obj
                0x100007ac                wdc65C02cpu_get_address
 .text.wdc65C02cpu_get_data
                0x100007f0       0x28 CMakeFiles/firmware.dir/system/processor.c.obj
                0x100007f0                wdc65C02cpu_get_data
 .text.init6502
                0x10000818       0xc0 CMakeFiles/firmware.dir/system/processor.c.obj
                0x10000818                init6502
 .text.set_sys_clock_pll
                0x100008d8       0x78 CMakeFiles/firmware.dir/aux/pico/pico-sdk/src/rp2_common/pico_stdlib/stdlib.c.obj
                0x100008d8                set_sys_clock_pll
 .text.check_sys_clock_khz
                0x10000950       0xc4 CMakeFiles/firmware.dir/aux/pico/pico-sdk/src/rp2_common/pico_stdlib/stdlib.c.obj
                0x10000950                check_sys_clock_khz
 .text.setup_default_uart
                0x10000a14        0x8 CMakeFiles/firmware.dir/aux/pico/pico-sdk/src/rp2_common/pico_stdlib/stdlib.c.obj
                0x10000a14                setup_default_uart
 .text.gpio_set_function
                0x10000a1c       0x30 CMakeFiles/firmware.dir/aux/pico/pico-sdk/src/rp2_common/hardware_gpio/gpio.c.obj
                0x10000a1c                gpio_set_function
 .text.gpio_set_outover
                0x10000a4c       0x24 CMakeFiles/firmware.dir/aux/pico/pico-sdk/src/rp2_common/hardware_gpio/gpio.c.obj
                0x10000a4c                gpio_set_outover
 .text.gpio_init
                0x10000a70       0x3c CMakeFiles/firmware.dir/aux/pico/pico-sdk/src/rp2_common/hardware_gpio/gpio.c.obj
                0x10000a70                gpio_init
 .text.gpio_init_mask
                0x10000aac       0x74 CMakeFiles/firmware.dir/aux/pico/pico-sdk/src/rp2_common/hardware_gpio/gpio.c.obj
                0x10000aac                gpio_init_mask
 .text.running_on_fpga
                0x10000b20       0x10 CMakeFiles/firmware.dir/aux/pico/pico-sdk/src/rp2_common/pico_platform/platform.c.obj
                0x10000b20                running_on_fpga
 .text.hw_claim_lock
                0x10000b30       0x18 CMakeFiles/firmware.dir/aux/pico/pico-sdk/src/rp2_common/hardware_claim/claim.c.obj
                0x10000b30                hw_claim_lock
 .text.hw_claim_unlock
                0x10000b48       0x14 CMakeFiles/firmware.dir/aux/pico/pico-sdk/src/rp2_common/hardware_claim/claim.c.obj
                0x10000b48                hw_claim_unlock
 .text.hw_claim_or_assert
                0x10000b5c       0x44 CMakeFiles/firmware.dir/aux/pico/pico-sdk/src/rp2_common/hardware_claim/claim.c.obj
                0x10000b5c                hw_claim_or_assert
 .text.hw_claim_unused_from_range
                0x10000ba0       0x9c CMakeFiles/firmware.dir/aux/pico/pico-sdk/src/rp2_common/hardware_claim/claim.c.obj
                0x10000ba0                hw_claim_unused_from_range
 .text.spin_locks_reset
                0x10000c3c       0x1c CMakeFiles/firmware.dir/aux/pico/pico-sdk/src/rp2_common/hardware_sync/sync.c.obj
                0x10000c3c                spin_locks_reset
 .text.next_striped_spin_lock_num
                0x10000c58       0x18 CMakeFiles/firmware.dir/aux/pico/pico-sdk/src/rp2_common/hardware_sync/sync.c.obj
                0x10000c58                next_striped_spin_lock_num
 .text.irq_set_enabled
                0x10000c70       0x24 CMakeFiles/firmware.dir/aux/pico/pico-sdk/src/rp2_common/hardware_irq/irq.c.obj
                0x10000c70                irq_set_enabled
 .text.irq_is_enabled
                0x10000c94       0x18 CMakeFiles/firmware.dir/aux/pico/pico-sdk/src/rp2_common/hardware_irq/irq.c.obj
                0x10000c94                irq_is_enabled
 .text.irq_get_vtable_handler
                0x10000cac       0x10 CMakeFiles/firmware.dir/aux/pico/pico-sdk/src/rp2_common/hardware_irq/irq.c.obj
                0x10000cac                irq_get_vtable_handler
 .text.irq_set_exclusive_handler
                0x10000cbc       0x54 CMakeFiles/firmware.dir/aux/pico/pico-sdk/src/rp2_common/hardware_irq/irq.c.obj
                0x10000cbc                irq_set_exclusive_handler
 .text.irq_remove_handler
                0x10000d10      0x1c4 CMakeFiles/firmware.dir/aux/pico/pico-sdk/src/rp2_common/hardware_irq/irq.c.obj
                0x10000d10                irq_remove_handler
 .text.irq_add_tail_to_free_list
                0x10000ed4       0xa4 CMakeFiles/firmware.dir/aux/pico/pico-sdk/src/rp2_common/hardware_irq/irq.c.obj
                0x10000ed4                irq_add_tail_to_free_list
 .text.irq_init_priorities
                0x10000f78       0x24 CMakeFiles/firmware.dir/aux/pico/pico-sdk/src/rp2_common/hardware_irq/irq.c.obj
                0x10000f78                irq_init_priorities
 .text.lock_init
                0x10000f9c       0x10 CMakeFiles/firmware.dir/aux/pico/pico-sdk/src/common/pico_sync/lock_core.c.obj
                0x10000f9c                lock_init
 .text.mutex_init
                0x10000fac       0x1c CMakeFiles/firmware.dir/aux/pico/pico-sdk/src/common/pico_sync/mutex.c.obj
                0x10000fac                mutex_init
 .text.recursive_mutex_init
                0x10000fc8       0x1c CMakeFiles/firmware.dir/aux/pico/pico-sdk/src/common/pico_sync/mutex.c.obj
                0x10000fc8                recursive_mutex_init
 .text.timer_pool_entry_comparator
                0x10000fe4       0x34 CMakeFiles/firmware.dir/aux/pico/pico-sdk/src/common/pico_time/time.c.obj
                0x10000fe4                timer_pool_entry_comparator
 .text.sleep_until_callback
                0x10001018       0x30 CMakeFiles/firmware.dir/aux/pico/pico-sdk/src/common/pico_time/time.c.obj
 .text.alarm_pool_cancel_alarm.part.0
                0x10001048       0x68 CMakeFiles/firmware.dir/aux/pico/pico-sdk/src/common/pico_time/time.c.obj
 .text.add_alarm_under_lock
                0x100010b0      0x110 CMakeFiles/firmware.dir/aux/pico/pico-sdk/src/common/pico_time/time.c.obj
 .text.alarm_pool_alarm_callback
                0x100011c0      0x1c0 CMakeFiles/firmware.dir/aux/pico/pico-sdk/src/common/pico_time/time.c.obj
 .text.alarm_pool_init_default
                0x10001380       0x6c CMakeFiles/firmware.dir/aux/pico/pico-sdk/src/common/pico_time/time.c.obj
                0x10001380                alarm_pool_init_default
 .text.alarm_pool_add_alarm_at
                0x100013ec       0xf4 CMakeFiles/firmware.dir/aux/pico/pico-sdk/src/common/pico_time/time.c.obj
                0x100013ec                alarm_pool_add_alarm_at
 .text.sleep_until
                0x100014e0       0xc4 CMakeFiles/firmware.dir/aux/pico/pico-sdk/src/common/pico_time/time.c.obj
                0x100014e0                sleep_until
 .text.sleep_us
                0x100015a4       0x28 CMakeFiles/firmware.dir/aux/pico/pico-sdk/src/common/pico_time/time.c.obj
                0x100015a4                sleep_us
 .text.sleep_ms
                0x100015cc       0x38 CMakeFiles/firmware.dir/aux/pico/pico-sdk/src/common/pico_time/time.c.obj
                0x100015cc                sleep_ms
 .text.best_effort_wfe_or_timeout
                0x10001604       0x60 CMakeFiles/firmware.dir/aux/pico/pico-sdk/src/common/pico_time/time.c.obj
                0x10001604                best_effort_wfe_or_timeout
 .text.hardware_alarm_irq_handler
                0x10001664       0xbc CMakeFiles/firmware.dir/aux/pico/pico-sdk/src/rp2_common/hardware_timer/timer.c.obj
 .text.hardware_alarm_claim
                0x10001720       0x18 CMakeFiles/firmware.dir/aux/pico/pico-sdk/src/rp2_common/hardware_timer/timer.c.obj
                0x10001720                hardware_alarm_claim
 .text.time_us_64
                0x10001738       0x14 CMakeFiles/firmware.dir/aux/pico/pico-sdk/src/rp2_common/hardware_timer/timer.c.obj
                0x10001738                time_us_64
 .text.busy_wait_us
                0x1000174c       0x68 CMakeFiles/firmware.dir/aux/pico/pico-sdk/src/rp2_common/hardware_timer/timer.c.obj
                0x1000174c                busy_wait_us
 .text.busy_wait_until
                0x100017b4       0x20 CMakeFiles/firmware.dir/aux/pico/pico-sdk/src/rp2_common/hardware_timer/timer.c.obj
                0x100017b4                busy_wait_until
 .text.hardware_alarm_set_callback
                0x100017d4       0x8c CMakeFiles/firmware.dir/aux/pico/pico-sdk/src/rp2_common/hardware_timer/timer.c.obj
                0x100017d4                hardware_alarm_set_callback
 .text.hardware_alarm_set_target
                0x10001860       0xd0 CMakeFiles/firmware.dir/aux/pico/pico-sdk/src/rp2_common/hardware_timer/timer.c.obj
                0x10001860                hardware_alarm_set_target
 .text.hardware_alarm_cancel
                0x10001930       0x3c CMakeFiles/firmware.dir/aux/pico/pico-sdk/src/rp2_common/hardware_timer/timer.c.obj
                0x10001930                hardware_alarm_cancel
 .text.ph_merge_nodes
                0x1000196c       0x58 CMakeFiles/firmware.dir/aux/pico/pico-sdk/src/common/pico_util/pheap.c.obj
 .text.ph_post_alloc_init
                0x100019c4       0x3c CMakeFiles/firmware.dir/aux/pico/pico-sdk/src/common/pico_util/pheap.c.obj
                0x100019c4                ph_post_alloc_init
 .text.ph_merge_two_pass
                0x10001a00       0x48 CMakeFiles/firmware.dir/aux/pico/pico-sdk/src/common/pico_util/pheap.c.obj
                0x10001a00                ph_merge_two_pass
 .text.ph_remove_any_head
                0x10001a48       0x54 CMakeFiles/firmware.dir/aux/pico/pico-sdk/src/common/pico_util/pheap.c.obj
 .text.ph_remove_head
                0x10001a9c       0x58 CMakeFiles/firmware.dir/aux/pico/pico-sdk/src/common/pico_util/pheap.c.obj
                0x10001a9c                ph_remove_head
 .text.ph_remove_and_free_node
                0x10001af4       0x78 CMakeFiles/firmware.dir/aux/pico/pico-sdk/src/common/pico_util/pheap.c.obj
                0x10001af4                ph_remove_and_free_node
 .text.queue_init_with_spinlock
                0x10001b6c       0x24 CMakeFiles/firmware.dir/aux/pico/pico-sdk/src/common/pico_util/queue.c.obj
                0x10001b6c                queue_init_with_spinlock
 .text.uart_write_lcr_bits_masked
                0x10001b90       0x70 CMakeFiles/firmware.dir/aux/pico/pico-sdk/src/rp2_common/hardware_uart/uart.c.obj
 .text.uart_set_baudrate
                0x10001c00       0x68 CMakeFiles/firmware.dir/aux/pico/pico-sdk/src/rp2_common/hardware_uart/uart.c.obj
                0x10001c00                uart_set_baudrate
 .text.uart_init
                0x10001c68       0x90 CMakeFiles/firmware.dir/aux/pico/pico-sdk/src/rp2_common/hardware_uart/uart.c.obj
                0x10001c68                uart_init
 .text.clock_configure.part.0
                0x10001cf8      0x10c CMakeFiles/firmware.dir/aux/pico/pico-sdk/src/rp2_common/hardware_clocks/clocks.c.obj
 .text.clock_configure
                0x10001e04       0x18 CMakeFiles/firmware.dir/aux/pico/pico-sdk/src/rp2_common/hardware_clocks/clocks.c.obj
                0x10001e04                clock_configure
 .text.clocks_init
                0x10001e1c       0xf8 CMakeFiles/firmware.dir/aux/pico/pico-sdk/src/rp2_common/hardware_clocks/clocks.c.obj
                0x10001e1c                clocks_init
 .text.clock_get_hz
                0x10001f14        0xc CMakeFiles/firmware.dir/aux/pico/pico-sdk/src/rp2_common/hardware_clocks/clocks.c.obj
                0x10001f14                clock_get_hz
 .text.pll_init
                0x10001f20       0xa4 CMakeFiles/firmware.dir/aux/pico/pico-sdk/src/rp2_common/hardware_pll/pll.c.obj
                0x10001f20                pll_init
 .text.vreg_set_voltage
                0x10001fc4       0x1c CMakeFiles/firmware.dir/aux/pico/pico-sdk/src/rp2_common/hardware_vreg/vreg.c.obj
                0x10001fc4                vreg_set_voltage
 .text.watchdog_start_tick
                0x10001fe0       0x10 CMakeFiles/firmware.dir/aux/pico/pico-sdk/src/rp2_common/hardware_watchdog/watchdog.c.obj
                0x10001fe0                watchdog_start_tick
 .text.xosc_init
                0x10001ff0       0x28 CMakeFiles/firmware.dir/aux/pico/pico-sdk/src/rp2_common/hardware_xosc/xosc.c.obj
                0x10001ff0                xosc_init
 .text.runtime_init
                0x10002018       0xec CMakeFiles/firmware.dir/aux/pico/pico-sdk/src/rp2_common/pico_runtime/runtime.c.obj
                0x10002018                runtime_init
 .text._exit    0x10002104        0x4 CMakeFiles/firmware.dir/aux/pico/pico-sdk/src/rp2_common/pico_runtime/runtime.c.obj
                0x10002104                _exit
 .text._sbrk    0x10002108       0x34 CMakeFiles/firmware.dir/aux/pico/pico-sdk/src/rp2_common/pico_runtime/runtime.c.obj
                0x10002108                _sbrk
 .text.exit     0x1000213c        0x8 CMakeFiles/firmware.dir/aux/pico/pico-sdk/src/rp2_common/pico_runtime/runtime.c.obj
                0x1000213c                exit
 .text.panic    0x10002144       0x30 CMakeFiles/firmware.dir/aux/pico/pico-sdk/src/rp2_common/pico_runtime/runtime.c.obj
                0x10002144                panic
 .text.hard_assertion_failure
                0x10002174        0xc CMakeFiles/firmware.dir/aux/pico/pico-sdk/src/rp2_common/pico_runtime/runtime.c.obj
                0x10002174                hard_assertion_failure
 .text._out_null
                0x10002180        0x4 CMakeFiles/firmware.dir/aux/pico/pico-sdk/src/rp2_common/pico_printf/printf.c.obj
 .text._out_rev
                0x10002184       0xb0 CMakeFiles/firmware.dir/aux/pico/pico-sdk/src/rp2_common/pico_printf/printf.c.obj
 .text._ntoa_format
                0x10002234      0x25c CMakeFiles/firmware.dir/aux/pico/pico-sdk/src/rp2_common/pico_printf/printf.c.obj
 .text._ntoa_long
                0x10002490       0xb8 CMakeFiles/firmware.dir/aux/pico/pico-sdk/src/rp2_common/pico_printf/printf.c.obj
 .text._ntoa_long_long
                0x10002548       0xd4 CMakeFiles/firmware.dir/aux/pico/pico-sdk/src/rp2_common/pico_printf/printf.c.obj
 .text._etoa    0x1000261c      0x410 CMakeFiles/firmware.dir/aux/pico/pico-sdk/src/rp2_common/pico_printf/printf.c.obj
 .text._ftoa    0x10002a2c      0x3c0 CMakeFiles/firmware.dir/aux/pico/pico-sdk/src/rp2_common/pico_printf/printf.c.obj
 .text._out_char
                0x10002dec       0x10 CMakeFiles/firmware.dir/aux/pico/pico-sdk/src/rp2_common/pico_printf/printf.c.obj
 .text._out_fct
                0x10002dfc       0x10 CMakeFiles/firmware.dir/aux/pico/pico-sdk/src/rp2_common/pico_printf/printf.c.obj
 .text._vsnprintf
                0x10002e0c      0x700 CMakeFiles/firmware.dir/aux/pico/pico-sdk/src/rp2_common/pico_printf/printf.c.obj
 .text.vfctprintf
                0x1000350c       0x20 CMakeFiles/firmware.dir/aux/pico/pico-sdk/src/rp2_common/pico_printf/printf.c.obj
                0x1000350c                vfctprintf
 .text.weak_raw_vprintf
                0x1000352c       0x30 CMakeFiles/firmware.dir/aux/pico/pico-sdk/src/rp2_common/pico_printf/printf.c.obj
                0x1000352c                weak_raw_vprintf
 .text          0x1000355c       0x10 CMakeFiles/firmware.dir/aux/pico/pico-sdk/src/rp2_common/pico_bit_ops/bit_ops_aeabi.S.obj
 .text.ctzsi    0x1000356c        0xc CMakeFiles/firmware.dir/aux/pico/pico-sdk/src/rp2_common/pico_bit_ops/bit_ops_aeabi.S.obj
                0x1000356c                __wrap___ctzsi2
 .text.rom_func_lookup
                0x10003578       0x10 CMakeFiles/firmware.dir/aux/pico/pico-sdk/src/rp2_common/pico_bootrom/bootrom.c.obj
                0x10003578                rom_func_lookup
 .text.rom_data_lookup
                0x10003588       0x10 CMakeFiles/firmware.dir/aux/pico/pico-sdk/src/rp2_common/pico_bootrom/bootrom.c.obj
                0x10003588                rom_data_lookup
 .text.rom_funcs_lookup
                0x10003598       0x44 CMakeFiles/firmware.dir/aux/pico/pico-sdk/src/rp2_common/pico_bootrom/bootrom.c.obj
                0x10003598                rom_funcs_lookup
 .text.__wrap___aeabi_idiv
                0x100035dc       0x50 CMakeFiles/firmware.dir/aux/pico/pico-sdk/src/rp2_common/pico_divider/divider.S.obj
                0x100035dc                __wrap___aeabi_idivmod
                0x100035dc                divmod_s32s32
                0x100035dc                div_s32s32
                0x100035dc                __wrap___aeabi_idiv
                0x100035e4                divmod_s32s32_unsafe
                0x10003610                divmod_s32s32_savestate
 .text.__wrap___aeabi_uidiv
                0x1000362c       0x4c CMakeFiles/firmware.dir/aux/pico/pico-sdk/src/rp2_common/pico_divider/divider.S.obj
                0x1000362c                __wrap___aeabi_uidiv
                0x1000362c                __wrap___aeabi_uidivmod
                0x1000362c                div_u32u32
                0x1000362c                divmod_u32u32
                0x10003634                divmod_u32u32_unsafe
                0x1000365c                divmod_u32u32_savestate
 .text.__wrap___aeabi_ldiv
                0x10003678      0x424 CMakeFiles/firmware.dir/aux/pico/pico-sdk/src/rp2_common/pico_divider/divider.S.obj
                0x10003678                div_s64s64
                0x10003678                divmod_s64s64
                0x10003678                __wrap___aeabi_ldivmod
                0x100036a8                div_u64u64
                0x100036a8                divmod_u64u64
                0x100036a8                __wrap___aeabi_uldivmod
                0x100036b8                divmod_u64u64_savestate
                0x100036d8                divmod_s64s64_unsafe
                0x10003760                divmod_u64u64_unsafe
 .text.__wrap___aeabi_darithmetic
                0x10003a9c       0x80 CMakeFiles/firmware.dir/aux/pico/pico-sdk/src/rp2_common/pico_double/double_aeabi.S.obj
                0x10003a9c                __wrap___aeabi_drsub
                0x10003aa2                __wrap___aeabi_dsub
                0x10003ab4                __wrap___aeabi_dadd
                0x10003ac6                __wrap___aeabi_ddiv
                0x10003b02                __wrap___aeabi_dmul
 .text.__wrap___aeabi_cdcmple
                0x10003b1c       0x6c CMakeFiles/firmware.dir/aux/pico/pico-sdk/src/rp2_common/pico_double/double_aeabi.S.obj
                0x10003b1c                __wrap___aeabi_cdrcmple
                0x10003b2c                __wrap___aeabi_cdcmple
                0x10003b2c                __wrap___aeabi_cdcmpeq
 .text.__wrap___aeabi_dcmplt
                0x10003b88        0xc CMakeFiles/firmware.dir/aux/pico/pico-sdk/src/rp2_common/pico_double/double_aeabi.S.obj
                0x10003b88                __wrap___aeabi_dcmplt
 .text.__wrap___aeabi_dcmpge
                0x10003b94       0x10 CMakeFiles/firmware.dir/aux/pico/pico-sdk/src/rp2_common/pico_double/double_aeabi.S.obj
                0x10003b94                __wrap___aeabi_dcmpge
 .text.__wrap___aeabi_dcmpgt
                0x10003ba4        0xa CMakeFiles/firmware.dir/aux/pico/pico-sdk/src/rp2_common/pico_double/double_aeabi.S.obj
                0x10003ba4                __wrap___aeabi_dcmpgt
 .text.__wrap___aeabi_dcmpun
                0x10003bae       0x1c CMakeFiles/firmware.dir/aux/pico/pico-sdk/src/rp2_common/pico_double/double_aeabi.S.obj
                0x10003bae                __wrap___aeabi_dcmpun
 *fill*         0x10003bca        0x2 
 .text.__wrap___aeabi_i2d
                0x10003bcc       0x38 CMakeFiles/firmware.dir/aux/pico/pico-sdk/src/rp2_common/pico_double/double_aeabi.S.obj
                0x10003bcc                __wrap___aeabi_ui2d
                0x10003bd4                __wrap___aeabi_i2d
 .text.__wrap___aeabi_d2iz
                0x10003c04       0x48 CMakeFiles/firmware.dir/aux/pico/pico-sdk/src/rp2_common/pico_double/double_aeabi.S.obj
                0x10003c04                __wrap___aeabi_d2iz
                0x10003c04                double2int_z
 .text.__wrap___aeabi_d2uiz
                0x10003c4c       0x18 CMakeFiles/firmware.dir/aux/pico/pico-sdk/src/rp2_common/pico_double/double_aeabi.S.obj
                0x10003c4c                double2uint
                0x10003c4c                __wrap___aeabi_d2uiz
 .text.__aeabi_double_init
                0x10003c64       0x64 CMakeFiles/firmware.dir/aux/pico/pico-sdk/src/rp2_common/pico_double/double_init_rom.c.obj
                0x10003c64                __aeabi_double_init
 .text.double_table_shim_on_use_helper
                0x10003cc8       0x2c CMakeFiles/firmware.dir/aux/pico/pico-sdk/src/rp2_common/pico_double/double_v1_rom_shim.S.obj
                0x10003cc8                double_table_shim_on_use_helper
 .text.__wrap___aeabi_dsub
                0x10003cf4       0x10 CMakeFiles/firmware.dir/aux/pico/pico-sdk/src/rp2_common/pico_double/double_v1_rom_shim.S.obj
                0x10003cf4                drsub_shim
                0x10003cfa                dsub_shim
 .text.dadd_shim
                0x10003d04      0x15c CMakeFiles/firmware.dir/aux/pico/pico-sdk/src/rp2_common/pico_double/double_v1_rom_shim.S.obj
                0x10003d04                dadd_shim
 .text.dmul_shim
                0x10003e60      0x15c CMakeFiles/firmware.dir/aux/pico/pico-sdk/src/rp2_common/pico_double/double_v1_rom_shim.S.obj
                0x10003e60                dmul_shim
 .text.ddiv_shim
                0x10003fbc      0x1b0 CMakeFiles/firmware.dir/aux/pico/pico-sdk/src/rp2_common/pico_double/double_v1_rom_shim.S.obj
                0x10003fbc                ddiv_shim
 .text.double2uint_shim
                0x1000416c        0xe CMakeFiles/firmware.dir/aux/pico/pico-sdk/src/rp2_common/pico_double/double_v1_rom_shim.S.obj
                0x1000416c                double2uint_shim
                0x1000416e                double2ufix_shim
 *fill*         0x1000417a        0x2 
 .text.double2uint64_shim
                0x1000417c       0x70 CMakeFiles/firmware.dir/aux/pico/pico-sdk/src/rp2_common/pico_double/double_v1_rom_shim.S.obj
                0x1000417c                double2uint64_shim
                0x1000417e                double2ufix64_shim
                0x1000419e                d2fix_a
 .text.dunpacks
                0x100041ec       0x3c CMakeFiles/firmware.dir/aux/pico/pico-sdk/src/rp2_common/pico_double/double_v1_rom_shim.S.obj
                0x100041ec                dunpacks
 .text.__aeabi_lmul
                0x10004228       0x32 CMakeFiles/firmware.dir/aux/pico/pico-sdk/src/rp2_common/pico_int64_ops/pico_int64_ops_aeabi.S.obj
                0x10004228                __wrap___aeabi_lmul
 *fill*         0x1000425a        0x2 
 .text.__aeabi_float_init
                0x1000425c       0x5c CMakeFiles/firmware.dir/aux/pico/pico-sdk/src/rp2_common/pico_float/float_init_rom.c.obj
                0x1000425c                __aeabi_float_init
 .text.float_table_shim_on_use_helper
                0x100042b8       0x2c CMakeFiles/firmware.dir/aux/pico/pico-sdk/src/rp2_common/pico_float/float_v1_rom_shim.S.obj
                0x100042b8                float_table_shim_on_use_helper
 .text.__wrap_malloc
                0x100042e4       0x3c CMakeFiles/firmware.dir/aux/pico/pico-sdk/src/rp2_common/pico_malloc/pico_malloc.c.obj
                0x100042e4                __wrap_malloc
 .text.__wrap_calloc
                0x10004320       0x40 CMakeFiles/firmware.dir/aux/pico/pico-sdk/src/rp2_common/pico_malloc/pico_malloc.c.obj
                0x10004320                __wrap_calloc
 .text          0x10004360       0x10 CMakeFiles/firmware.dir/aux/pico/pico-sdk/src/rp2_common/pico_mem_ops/mem_ops_aeabi.S.obj
                0x10004360                __aeabi_mem_init
 .text.memset   0x10004370        0xc CMakeFiles/firmware.dir/aux/pico/pico-sdk/src/rp2_common/pico_mem_ops/mem_ops_aeabi.S.obj
                0x10004370                __wrap_memset
 .text.memcpy   0x1000437c        0xc CMakeFiles/firmware.dir/aux/pico/pico-sdk/src/rp2_common/pico_mem_ops/mem_ops_aeabi.S.obj
                0x1000437c                __wrap___aeabi_memcpy
                0x1000437c                __wrap_memcpy
 .text.stdio_out_chars_no_crlf
                0x10004388       0x10 CMakeFiles/firmware.dir/aux/pico/pico-sdk/src/rp2_common/pico_stdio/stdio.c.obj
 .text.stdio_out_chars_crlf
                0x10004398       0x94 CMakeFiles/firmware.dir/aux/pico/pico-sdk/src/rp2_common/pico_stdio/stdio.c.obj
 .text.stdio_stack_buffer_flush.part.0
                0x1000442c       0x48 CMakeFiles/firmware.dir/aux/pico/pico-sdk/src/rp2_common/pico_stdio/stdio.c.obj
 .text.stdio_buffered_printer
                0x10004474       0x20 CMakeFiles/firmware.dir/aux/pico/pico-sdk/src/rp2_common/pico_stdio/stdio.c.obj
 .text.stdio_put_string.isra.0
                0x10004494       0xd4 CMakeFiles/firmware.dir/aux/pico/pico-sdk/src/rp2_common/pico_stdio/stdio.c.obj
 .text.__wrap_putchar
                0x10004568       0x1c CMakeFiles/firmware.dir/aux/pico/pico-sdk/src/rp2_common/pico_stdio/stdio.c.obj
                0x10004568                __wrap_putchar
 .text.__wrap_puts
                0x10004584       0x34 CMakeFiles/firmware.dir/aux/pico/pico-sdk/src/rp2_common/pico_stdio/stdio.c.obj
                0x10004584                __wrap_puts
 .text.stdio_set_driver_enabled
                0x100045b8       0x30 CMakeFiles/firmware.dir/aux/pico/pico-sdk/src/rp2_common/pico_stdio/stdio.c.obj
                0x100045b8                stdio_set_driver_enabled
 .text.__wrap_vprintf
                0x100045e8       0x88 CMakeFiles/firmware.dir/aux/pico/pico-sdk/src/rp2_common/pico_stdio/stdio.c.obj
                0x100045e8                __wrap_vprintf
 .text.__wrap_printf
                0x10004670       0x18 CMakeFiles/firmware.dir/aux/pico/pico-sdk/src/rp2_common/pico_stdio/stdio.c.obj
                0x10004670                __wrap_printf
 .text.stdio_uart_out_chars
                0x10004688       0x4c CMakeFiles/firmware.dir/aux/pico/pico-sdk/src/rp2_common/pico_stdio_uart/stdio_uart.c.obj
 .text.stdio_uart_in_chars
                0x100046d4       0x90 CMakeFiles/firmware.dir/aux/pico/pico-sdk/src/rp2_common/pico_stdio_uart/stdio_uart.c.obj
                0x100046d4                stdio_uart_in_chars
 .text.on_uart_rx
                0x10004764       0x28 CMakeFiles/firmware.dir/aux/pico/pico-sdk/src/rp2_common/pico_stdio_uart/stdio_uart.c.obj
 .text.stdio_uart_set_chars_available_callback
                0x1000478c       0x8c CMakeFiles/firmware.dir/aux/pico/pico-sdk/src/rp2_common/pico_stdio_uart/stdio_uart.c.obj
 .text.stdio_uart_init
                0x10004818       0x48 CMakeFiles/firmware.dir/aux/pico/pico-sdk/src/rp2_common/pico_stdio_uart/stdio_uart.c.obj
                0x10004818                stdio_uart_init
 .text.core1_trampoline
                0x10004860        0x4 CMakeFiles/firmware.dir/aux/pico/pico-sdk/src/rp2_common/pico_multicore/multicore.c.obj
 .text.core1_wrapper
                0x10004864        0xc CMakeFiles/firmware.dir/aux/pico/pico-sdk/src/rp2_common/pico_multicore/multicore.c.obj
                0x10004864                core1_wrapper
 .text.multicore_launch_core1_raw
                0x10004870       0x84 CMakeFiles/firmware.dir/aux/pico/pico-sdk/src/rp2_common/pico_multicore/multicore.c.obj
                0x10004870                multicore_launch_core1_raw
 .text.multicore_launch_core1
                0x100048f4       0x58 CMakeFiles/firmware.dir/aux/pico/pico-sdk/src/rp2_common/pico_multicore/multicore.c.obj
                0x100048f4                multicore_launch_core1
 .text.dvi_init
                0x1000494c      0x1a0 CMakeFiles/firmware.dir/__/libraries/PicoDVI/software/libdvi/dvi.c.obj
                0x1000494c                dvi_init
 .text.dvi_register_irqs_this_core
                0x10004aec       0xa4 CMakeFiles/firmware.dir/__/libraries/PicoDVI/software/libdvi/dvi.c.obj
                0x10004aec                dvi_register_irqs_this_core
 .text.dvi_start
                0x10004b90       0xdc CMakeFiles/firmware.dir/__/libraries/PicoDVI/software/libdvi/dvi.c.obj
                0x10004b90                dvi_start
 .text.dvi_serialiser_init
                0x10004c6c      0x18c CMakeFiles/firmware.dir/__/libraries/PicoDVI/software/libdvi/dvi_serialiser.c.obj
                0x10004c6c                dvi_serialiser_init
 .text.dvi_serialiser_enable
                0x10004df8       0x60 CMakeFiles/firmware.dir/__/libraries/PicoDVI/software/libdvi/dvi_serialiser.c.obj
                0x10004df8                dvi_serialiser_enable
 .text.dvi_timing_state_init
                0x10004e58        0x8 CMakeFiles/firmware.dir/__/libraries/PicoDVI/software/libdvi/dvi_timing.c.obj
                0x10004e58                dvi_timing_state_init
 .text.dvi_setup_scanline_for_vblank
                0x10004e60      0x11c CMakeFiles/firmware.dir/__/libraries/PicoDVI/software/libdvi/dvi_timing.c.obj
                0x10004e60                dvi_setup_scanline_for_vblank
 .text.dvi_setup_scanline_for_active
                0x10004f7c      0x1b4 CMakeFiles/firmware.dir/__/libraries/PicoDVI/software/libdvi/dvi_timing.c.obj
                0x10004f7c                dvi_setup_scanline_for_active
 .text.dma_claim_unused_channel
                0x10005130       0x24 CMakeFiles/firmware.dir/aux/pico/pico-sdk/src/rp2_common/hardware_dma/dma.c.obj
                0x10005130                dma_claim_unused_channel
 .text.interp_save
                0x10005154       0x20 CMakeFiles/firmware.dir/aux/pico/pico-sdk/src/rp2_common/hardware_interp/interp.c.obj
                0x10005154                interp_save
 .text.interp_restore
                0x10005174       0x20 CMakeFiles/firmware.dir/aux/pico/pico-sdk/src/rp2_common/hardware_interp/interp.c.obj
                0x10005174                interp_restore
 .text._pio_add_program_at_offset
                0x10005194       0xa0 CMakeFiles/firmware.dir/aux/pico/pico-sdk/src/rp2_common/hardware_pio/pio.c.obj
 .text._pio_find_offset_for_program.isra.0
                0x10005234       0x50 CMakeFiles/firmware.dir/aux/pico/pico-sdk/src/rp2_common/hardware_pio/pio.c.obj
 .text.pio_sm_claim
                0x10005284       0x30 CMakeFiles/firmware.dir/aux/pico/pico-sdk/src/rp2_common/hardware_pio/pio.c.obj
                0x10005284                pio_sm_claim
 .text.pio_add_program
                0x100052b4       0x3c CMakeFiles/firmware.dir/aux/pico/pico-sdk/src/rp2_common/hardware_pio/pio.c.obj
                0x100052b4                pio_add_program
 .text.pio_sm_set_pins_with_mask
                0x100052f0       0xa8 CMakeFiles/firmware.dir/aux/pico/pico-sdk/src/rp2_common/hardware_pio/pio.c.obj
                0x100052f0                pio_sm_set_pins_with_mask
 .text.pio_sm_set_pindirs_with_mask
                0x10005398       0xa8 CMakeFiles/firmware.dir/aux/pico/pico-sdk/src/rp2_common/hardware_pio/pio.c.obj
                0x10005398                pio_sm_set_pindirs_with_mask
 .text.pio_sm_init
                0x10005440       0x98 CMakeFiles/firmware.dir/aux/pico/pico-sdk/src/rp2_common/hardware_pio/pio.c.obj
                0x10005440                pio_sm_init
 .text._hw_endpoint_init
                0x100054d8       0xb0 CMakeFiles/firmware.dir/aux/pico/pico-sdk/lib/tinyusb/src/portable/raspberrypi/rp2040/hcd_rp2040.c.obj
 .text.hcd_port_reset
                0x10005588        0x4 CMakeFiles/firmware.dir/aux/pico/pico-sdk/lib/tinyusb/src/portable/raspberrypi/rp2040/hcd_rp2040.c.obj
                0x10005588                hcd_port_reset
 .text.hcd_port_reset_end
                0x1000558c        0x4 CMakeFiles/firmware.dir/aux/pico/pico-sdk/lib/tinyusb/src/portable/raspberrypi/rp2040/hcd_rp2040.c.obj
                0x1000558c                hcd_port_reset_end
 .text.hcd_port_connect_status
                0x10005590       0x18 CMakeFiles/firmware.dir/aux/pico/pico-sdk/lib/tinyusb/src/portable/raspberrypi/rp2040/hcd_rp2040.c.obj
                0x10005590                hcd_port_connect_status
 .text.hcd_port_speed_get
                0x100055a8       0x24 CMakeFiles/firmware.dir/aux/pico/pico-sdk/lib/tinyusb/src/portable/raspberrypi/rp2040/hcd_rp2040.c.obj
                0x100055a8                hcd_port_speed_get
 .text.hcd_device_close
                0x100055cc       0x78 CMakeFiles/firmware.dir/aux/pico/pico-sdk/lib/tinyusb/src/portable/raspberrypi/rp2040/hcd_rp2040.c.obj
                0x100055cc                hcd_device_close
 .text.hcd_edpt_open
                0x10005644       0xa4 CMakeFiles/firmware.dir/aux/pico/pico-sdk/lib/tinyusb/src/portable/raspberrypi/rp2040/hcd_rp2040.c.obj
                0x10005644                hcd_edpt_open
 .text.hcd_edpt_xfer
                0x100056e8       0xf8 CMakeFiles/firmware.dir/aux/pico/pico-sdk/lib/tinyusb/src/portable/raspberrypi/rp2040/hcd_rp2040.c.obj
                0x100056e8                hcd_edpt_xfer
 .text.hcd_setup_send
                0x100057e0       0x98 CMakeFiles/firmware.dir/aux/pico/pico-sdk/lib/tinyusb/src/portable/raspberrypi/rp2040/hcd_rp2040.c.obj
                0x100057e0                hcd_setup_send
 .text.prepare_ep_buffer
                0x10005878       0x6c CMakeFiles/firmware.dir/aux/pico/pico-sdk/lib/tinyusb/src/portable/raspberrypi/rp2040/rp2040_usb.c.obj
 .text._hw_endpoint_buffer_control_update32.part.0.isra.0
                0x100058e4       0x1c CMakeFiles/firmware.dir/aux/pico/pico-sdk/lib/tinyusb/src/portable/raspberrypi/rp2040/rp2040_usb.c.obj
 .text.hw_endpoint_reset_transfer
                0x10005900        0xc CMakeFiles/firmware.dir/aux/pico/pico-sdk/lib/tinyusb/src/portable/raspberrypi/rp2040/rp2040_usb.c.obj
                0x10005900                hw_endpoint_reset_transfer
 .text.hw_endpoint_start_next_buffer
                0x1000590c       0x84 CMakeFiles/firmware.dir/aux/pico/pico-sdk/lib/tinyusb/src/portable/raspberrypi/rp2040/rp2040_usb.c.obj
                0x1000590c                hw_endpoint_start_next_buffer
 .text.hw_endpoint_xfer_start
                0x10005990       0x14 CMakeFiles/firmware.dir/aux/pico/pico-sdk/lib/tinyusb/src/portable/raspberrypi/rp2040/rp2040_usb.c.obj
                0x10005990                hw_endpoint_xfer_start
 .text._control_blocking_complete_cb
                0x100059a4        0x8 CMakeFiles/firmware.dir/aux/pico/pico-sdk/lib/tinyusb/src/host/usbh.c.obj
 .text._xfer_complete
                0x100059ac       0x64 CMakeFiles/firmware.dir/aux/pico/pico-sdk/lib/tinyusb/src/host/usbh.c.obj
 .text.process_device_unplugged
                0x10005a10       0xf8 CMakeFiles/firmware.dir/aux/pico/pico-sdk/lib/tinyusb/src/host/usbh.c.obj
 .text.usbh_control_xfer_cb.isra.0
                0x10005b08       0xb4 CMakeFiles/firmware.dir/aux/pico/pico-sdk/lib/tinyusb/src/host/usbh.c.obj
 .text.tuh_speed_get
                0x10005bbc       0x24 CMakeFiles/firmware.dir/aux/pico/pico-sdk/lib/tinyusb/src/host/usbh.c.obj
                0x10005bbc                tuh_speed_get
 .text.tuh_inited
                0x10005be0       0x14 CMakeFiles/firmware.dir/aux/pico/pico-sdk/lib/tinyusb/src/host/usbh.c.obj
                0x10005be0                tuh_inited
 .text.tuh_control_xfer
                0x10005bf4       0xec CMakeFiles/firmware.dir/aux/pico/pico-sdk/lib/tinyusb/src/host/usbh.c.obj
                0x10005bf4                tuh_control_xfer
 .text.process_enumeration.part.0
                0x10005ce0      0x42c CMakeFiles/firmware.dir/aux/pico/pico-sdk/lib/tinyusb/src/host/usbh.c.obj
 .text.process_enumeration
                0x1000610c       0x40 CMakeFiles/firmware.dir/aux/pico/pico-sdk/lib/tinyusb/src/host/usbh.c.obj
 .text.tuh_task_ext.part.0
                0x1000614c      0x18c CMakeFiles/firmware.dir/aux/pico/pico-sdk/lib/tinyusb/src/host/usbh.c.obj
 .text.tuh_task_ext
                0x100062d8       0x10 CMakeFiles/firmware.dir/aux/pico/pico-sdk/lib/tinyusb/src/host/usbh.c.obj
                0x100062d8                tuh_task_ext
 .text.usbh_get_rhport
                0x100062e8       0x24 CMakeFiles/firmware.dir/aux/pico/pico-sdk/lib/tinyusb/src/host/usbh.c.obj
                0x100062e8                usbh_get_rhport
 .text.usbh_get_enum_buf
                0x1000630c        0x8 CMakeFiles/firmware.dir/aux/pico/pico-sdk/lib/tinyusb/src/host/usbh.c.obj
                0x1000630c                usbh_get_enum_buf
 .text.usbh_edpt_claim
                0x10006314       0x3c CMakeFiles/firmware.dir/aux/pico/pico-sdk/lib/tinyusb/src/host/usbh.c.obj
                0x10006314                usbh_edpt_claim
 .text.usbh_edpt_release
                0x10006350       0x3c CMakeFiles/firmware.dir/aux/pico/pico-sdk/lib/tinyusb/src/host/usbh.c.obj
                0x10006350                usbh_edpt_release
 .text.usbh_edpt_xfer_with_callback
                0x1000638c       0x74 CMakeFiles/firmware.dir/aux/pico/pico-sdk/lib/tinyusb/src/host/usbh.c.obj
                0x1000638c                usbh_edpt_xfer_with_callback
 .text.tuh_edpt_open
                0x10006400       0x50 CMakeFiles/firmware.dir/aux/pico/pico-sdk/lib/tinyusb/src/host/usbh.c.obj
                0x10006400                tuh_edpt_open
 .text.tuh_descriptor_get_hid_report
                0x10006450       0x58 CMakeFiles/firmware.dir/aux/pico/pico-sdk/lib/tinyusb/src/host/usbh.c.obj
                0x10006450                tuh_descriptor_get_hid_report
 .text.usbh_driver_set_config_complete
                0x100064a8       0x80 CMakeFiles/firmware.dir/aux/pico/pico-sdk/lib/tinyusb/src/host/usbh.c.obj
                0x100064a8                usbh_driver_set_config_complete
 .text.connection_port_reset_complete
                0x10006528       0x34 CMakeFiles/firmware.dir/aux/pico/pico-sdk/lib/tinyusb/src/host/hub.c.obj
 .text.hub_clear_feature_complete_stub
                0x1000655c       0x30 CMakeFiles/firmware.dir/aux/pico/pico-sdk/lib/tinyusb/src/host/hub.c.obj
 .text.config_set_port_power
                0x1000658c       0x58 CMakeFiles/firmware.dir/aux/pico/pico-sdk/lib/tinyusb/src/host/hub.c.obj
 .text.config_port_power_complete
                0x100065e4       0x90 CMakeFiles/firmware.dir/aux/pico/pico-sdk/lib/tinyusb/src/host/hub.c.obj
 .text.connection_clear_conn_change_complete
                0x10006674       0x98 CMakeFiles/firmware.dir/aux/pico/pico-sdk/lib/tinyusb/src/host/hub.c.obj
 .text.hub_get_status_complete
                0x1000670c       0x90 CMakeFiles/firmware.dir/aux/pico/pico-sdk/lib/tinyusb/src/host/hub.c.obj
 .text.hub_port_get_status_complete
                0x1000679c      0x19c CMakeFiles/firmware.dir/aux/pico/pico-sdk/lib/tinyusb/src/host/hub.c.obj
 .text.hub_port_clear_feature
                0x10006938       0x48 CMakeFiles/firmware.dir/aux/pico/pico-sdk/lib/tinyusb/src/host/hub.c.obj
                0x10006938                hub_port_clear_feature
 .text.hub_port_get_status
                0x10006980       0x4c CMakeFiles/firmware.dir/aux/pico/pico-sdk/lib/tinyusb/src/host/hub.c.obj
                0x10006980                hub_port_get_status
 .text.hub_init
                0x100069cc       0x14 CMakeFiles/firmware.dir/aux/pico/pico-sdk/lib/tinyusb/src/host/hub.c.obj
                0x100069cc                hub_init
 .text.hub_open
                0x100069e0       0x58 CMakeFiles/firmware.dir/aux/pico/pico-sdk/lib/tinyusb/src/host/hub.c.obj
                0x100069e0                hub_open
 .text.hub_close
                0x10006a38       0x28 CMakeFiles/firmware.dir/aux/pico/pico-sdk/lib/tinyusb/src/host/hub.c.obj
                0x10006a38                hub_close
 .text.hub_edpt_status_xfer
                0x10006a60       0x2c CMakeFiles/firmware.dir/aux/pico/pico-sdk/lib/tinyusb/src/host/hub.c.obj
                0x10006a60                hub_edpt_status_xfer
 .text.hub_set_config
                0x10006a8c       0x58 CMakeFiles/firmware.dir/aux/pico/pico-sdk/lib/tinyusb/src/host/hub.c.obj
                0x10006a8c                hub_set_config
 .text.hub_xfer_cb
                0x10006ae4      0x124 CMakeFiles/firmware.dir/aux/pico/pico-sdk/lib/tinyusb/src/host/hub.c.obj
                0x10006ae4                hub_xfer_cb
 .text.get_instance_id_by_itfnum
                0x10006c08       0x38 CMakeFiles/firmware.dir/aux/pico/pico-sdk/lib/tinyusb/src/class/hid/hid_host.c.obj
 .text.process_set_config
                0x10006c40      0x184 CMakeFiles/firmware.dir/aux/pico/pico-sdk/lib/tinyusb/src/class/hid/hid_host.c.obj
 .text.tuh_hid_interface_protocol
                0x10006dc4       0x20 CMakeFiles/firmware.dir/aux/pico/pico-sdk/lib/tinyusb/src/class/hid/hid_host.c.obj
                0x10006dc4                tuh_hid_interface_protocol
 .text.tuh_hid_receive_report
                0x10006de4       0x6c CMakeFiles/firmware.dir/aux/pico/pico-sdk/lib/tinyusb/src/class/hid/hid_host.c.obj
                0x10006de4                tuh_hid_receive_report
 .text.hidh_init
                0x10006e50       0x18 CMakeFiles/firmware.dir/aux/pico/pico-sdk/lib/tinyusb/src/class/hid/hid_host.c.obj
                0x10006e50                hidh_init
 .text.hidh_xfer_cb
                0x10006e68       0x7c CMakeFiles/firmware.dir/aux/pico/pico-sdk/lib/tinyusb/src/class/hid/hid_host.c.obj
                0x10006e68                hidh_xfer_cb
 .text.hidh_close
                0x10006ee4       0x5c CMakeFiles/firmware.dir/aux/pico/pico-sdk/lib/tinyusb/src/class/hid/hid_host.c.obj
                0x10006ee4                hidh_close
 .text.hidh_open
                0x10006f40      0x134 CMakeFiles/firmware.dir/aux/pico/pico-sdk/lib/tinyusb/src/class/hid/hid_host.c.obj
                0x10006f40                hidh_open
 .text.hidh_set_config
                0x10007074       0x20 CMakeFiles/firmware.dir/aux/pico/pico-sdk/lib/tinyusb/src/class/hid/hid_host.c.obj
                0x10007074                hidh_set_config
 .text.config_read_capacity_complete
                0x10007094       0x6c CMakeFiles/firmware.dir/aux/pico/pico-sdk/lib/tinyusb/src/class/msc/msc_host.c.obj
 .text.tuh_msc_scsi_command
                0x10007100       0x64 CMakeFiles/firmware.dir/aux/pico/pico-sdk/lib/tinyusb/src/class/msc/msc_host.c.obj
                0x10007100                tuh_msc_scsi_command
 .text.config_get_maxlun_complete
                0x10007164       0x68 CMakeFiles/firmware.dir/aux/pico/pico-sdk/lib/tinyusb/src/class/msc/msc_host.c.obj
 .text.config_request_sense_complete
                0x100071cc       0x68 CMakeFiles/firmware.dir/aux/pico/pico-sdk/lib/tinyusb/src/class/msc/msc_host.c.obj
 .text.tuh_msc_read_capacity
                0x10007234       0x70 CMakeFiles/firmware.dir/aux/pico/pico-sdk/lib/tinyusb/src/class/msc/msc_host.c.obj
                0x10007234                tuh_msc_read_capacity
 .text.tuh_msc_request_sense
                0x100072a4       0x68 CMakeFiles/firmware.dir/aux/pico/pico-sdk/lib/tinyusb/src/class/msc/msc_host.c.obj
                0x100072a4                tuh_msc_request_sense
 .text.config_test_unit_ready_complete
                0x1000730c       0x3c CMakeFiles/firmware.dir/aux/pico/pico-sdk/lib/tinyusb/src/class/msc/msc_host.c.obj
 .text.msch_init
                0x10007348       0x14 CMakeFiles/firmware.dir/aux/pico/pico-sdk/lib/tinyusb/src/class/msc/msc_host.c.obj
                0x10007348                msch_init
 .text.msch_close
                0x1000735c       0x38 CMakeFiles/firmware.dir/aux/pico/pico-sdk/lib/tinyusb/src/class/msc/msc_host.c.obj
                0x1000735c                msch_close
 .text.msch_xfer_cb
                0x10007394       0xe0 CMakeFiles/firmware.dir/aux/pico/pico-sdk/lib/tinyusb/src/class/msc/msc_host.c.obj
                0x10007394                msch_xfer_cb
 .text.msch_open
                0x10007474       0xbc CMakeFiles/firmware.dir/aux/pico/pico-sdk/lib/tinyusb/src/class/msc/msc_host.c.obj
                0x10007474                msch_open
 .text.msch_set_config
                0x10007530       0x5c CMakeFiles/firmware.dir/aux/pico/pico-sdk/lib/tinyusb/src/class/msc/msc_host.c.obj
                0x10007530                msch_set_config
 .text.tusb_inited
                0x1000758c        0x8 CMakeFiles/firmware.dir/aux/pico/pico-sdk/lib/tinyusb/src/tusb.c.obj
                0x1000758c                tusb_inited
 .text.tu_edpt_claim
                0x10007594       0x50 CMakeFiles/firmware.dir/aux/pico/pico-sdk/lib/tinyusb/src/tusb.c.obj
                0x10007594                tu_edpt_claim
 .text.tu_edpt_release
                0x100075e4       0x38 CMakeFiles/firmware.dir/aux/pico/pico-sdk/lib/tinyusb/src/tusb.c.obj
                0x100075e4                tu_edpt_release
 .text.tu_edpt_validate
                0x1000761c       0x7c CMakeFiles/firmware.dir/aux/pico/pico-sdk/lib/tinyusb/src/tusb.c.obj
                0x1000761c                tu_edpt_validate
 .text.tu_edpt_bind_driver
                0x10007698       0x28 CMakeFiles/firmware.dir/aux/pico/pico-sdk/lib/tinyusb/src/tusb.c.obj
                0x10007698                tu_edpt_bind_driver
 .text.tu_desc_get_interface_total_len
                0x100076c0       0x4c CMakeFiles/firmware.dir/aux/pico/pico-sdk/lib/tinyusb/src/tusb.c.obj
                0x100076c0                tu_desc_get_interface_total_len
 .text._tu_fifo_peek
                0x1000770c       0x54 CMakeFiles/firmware.dir/aux/pico/pico-sdk/lib/tinyusb/src/common/tusb_fifo.c.obj
 .text.tu_fifo_read
                0x10007760       0x50 CMakeFiles/firmware.dir/aux/pico/pico-sdk/lib/tinyusb/src/common/tusb_fifo.c.obj
                0x10007760                tu_fifo_read
 .text.tu_fifo_write
                0x100077b0       0xa8 CMakeFiles/firmware.dir/aux/pico/pico-sdk/lib/tinyusb/src/common/tusb_fifo.c.obj
                0x100077b0                tu_fifo_write
 .text.atexit   0x10007858       0x10 /usr/lib/gcc/arm-none-eabi/13.2.0/../../../../arm-none-eabi/lib/thumb/v6-m/nofp/libc.a(libc_a-atexit.o)
                0x10007858                atexit
 .text.calloc   0x10007868       0x18 /usr/lib/gcc/arm-none-eabi/13.2.0/../../../../arm-none-eabi/lib/thumb/v6-m/nofp/libc.a(libc_a-calloc.o)
                0x10007868                calloc
 .text._calloc_r
                0x10007880       0xa8 /usr/lib/gcc/arm-none-eabi/13.2.0/../../../../arm-none-eabi/lib/thumb/v6-m/nofp/libc.a(libc_a-callocr.o)
                0x10007880                _calloc_r
 .text.malloc   0x10007928       0x14 /usr/lib/gcc/arm-none-eabi/13.2.0/../../../../arm-none-eabi/lib/thumb/v6-m/nofp/libc.a(libc_a-malloc.o)
                0x10007928                malloc
 .text._malloc_r
                0x1000793c      0x5a4 /usr/lib/gcc/arm-none-eabi/13.2.0/../../../../arm-none-eabi/lib/thumb/v6-m/nofp/libc.a(libc_a-mallocr.o)
                0x1000793c                _malloc_r
 .text.__malloc_lock
                0x10007ee0       0x10 /usr/lib/gcc/arm-none-eabi/13.2.0/../../../../arm-none-eabi/lib/thumb/v6-m/nofp/libc.a(libc_a-mlock.o)
                0x10007ee0                __malloc_lock
 .text.__malloc_unlock
                0x10007ef0       0x10 /usr/lib/gcc/arm-none-eabi/13.2.0/../../../../arm-none-eabi/lib/thumb/v6-m/nofp/libc.a(libc_a-mlock.o)
                0x10007ef0                __malloc_unlock
 .text._sbrk_r  0x10007f00       0x24 /usr/lib/gcc/arm-none-eabi/13.2.0/../../../../arm-none-eabi/lib/thumb/v6-m/nofp/libc.a(libc_a-sbrkr.o)
                0x10007f00                _sbrk_r
 .text.__errno  0x10007f24        0xc /usr/lib/gcc/arm-none-eabi/13.2.0/../../../../arm-none-eabi/lib/thumb/v6-m/nofp/libc.a(libc_a-errno.o)
                0x10007f24                __errno
 .text.__libc_fini_array
                0x10007f30       0x28 /usr/lib/gcc/arm-none-eabi/13.2.0/../../../../arm-none-eabi/lib/thumb/v6-m/nofp/libc.a(libc_a-fini.o)
                0x10007f30                __libc_fini_array
 .text.__retarget_lock_acquire_recursive
                0x10007f58        0x4 /usr/lib/gcc/arm-none-eabi/13.2.0/../../../../arm-none-eabi/lib/thumb/v6-m/nofp/libc.a(libc_a-lock.o)
                0x10007f58                __retarget_lock_acquire_recursive
 .text.__retarget_lock_release_recursive
                0x10007f5c        0x4 /usr/lib/gcc/arm-none-eabi/13.2.0/../../../../arm-none-eabi/lib/thumb/v6-m/nofp/libc.a(libc_a-lock.o)
                0x10007f5c                __retarget_lock_release_recursive
 .text.sysconf  0x10007f60       0x1c /usr/lib/gcc/arm-none-eabi/13.2.0/../../../../arm-none-eabi/lib/thumb/v6-m/nofp/libc.a(libc_a-sysconf.o)
                0x10007f60                sysconf
 .text.strlen   0x10007f7c       0x5c /usr/lib/gcc/arm-none-eabi/13.2.0/../../../../arm-none-eabi/lib/thumb/v6-m/nofp/libc.a(libc_a-strlen-stub.o)
                0x10007f7c                strlen
 .text.__register_exitproc
                0x10007fd8       0xa8 /usr/lib/gcc/arm-none-eabi/13.2.0/../../../../arm-none-eabi/lib/thumb/v6-m/nofp/libc.a(libc_a-__atexit.o)
                0x10007fd8                __register_exitproc
 .text.startup.register_fini
                0x10008080       0x18 /usr/lib/gcc/arm-none-eabi/13.2.0/../../../../arm-none-eabi/lib/thumb/v6-m/nofp/libc.a(libc_a-__call_atexit.o)
 .text._malloc_trim_r
                0x10008098       0xb4 /usr/lib/gcc/arm-none-eabi/13.2.0/../../../../arm-none-eabi/lib/thumb/v6-m/nofp/libc.a(libc_a-freer.o)
                0x10008098                _malloc_trim_r
 .text._free_r  0x1000814c      0x1d4 /usr/lib/gcc/arm-none-eabi/13.2.0/../../../../arm-none-eabi/lib/thumb/v6-m/nofp/libc.a(libc_a-freer.o)
                0x1000814c                _free_r
 *(.fini)
 .fini          0x10008320        0x4 /usr/lib/gcc/arm-none-eabi/13.2.0/thumb/v6-m/nofp/crti.o
                0x10008320                _fini
 *fill*         0x10008324        0x4 
 .fini.__stub   0x10008328       0x70 linker stubs
 *crtbegin.o(.ctors)
 *crtbegin?.o(.ctors)
 *(EXCLUDE_FILE(*crtend.o *crtend?.o) .ctors)
 *(SORT_BY_NAME(.ctors.*))
 *(.ctors)
 *crtbegin.o(.dtors)
 *crtbegin?.o(.dtors)
 *(EXCLUDE_FILE(*crtend.o *crtend?.o) .dtors)
 *(SORT_BY_NAME(.dtors.*))
 *(.dtors)
 *(.eh_frame*)
 .eh_frame      0x10008398        0x0 /usr/lib/gcc/arm-none-eabi/13.2.0/thumb/v6-m/nofp/crtbegin.o
                0x10008398                        . = ALIGN (0x4)

.glue_7         0x10008398        0x0
 .glue_7        0x10008398        0x0 linker stubs

.glue_7t        0x10008398        0x0
 .glue_7t       0x10008398        0x0 linker stubs

.vfp11_veneer   0x10008398        0x0
 .vfp11_veneer  0x10008398        0x0 linker stubs

.v4_bx          0x10008398        0x0
 .v4_bx         0x10008398        0x0 linker stubs

.iplt           0x10008398        0x0
 .iplt          0x10008398        0x0 /usr/lib/gcc/arm-none-eabi/13.2.0/thumb/v6-m/nofp/crtbegin.o

.rodata         0x10008398      0xa84
 *(EXCLUDE_FILE(*libm.a: *libc.a:*lib_a-mem*.o *libgcc.a:) .rodata*)
 .rodata.startVideo.str1.4
                0x10008398      0x2d0 CMakeFiles/firmware.dir/hardware/dvi_video.c.obj
                                 0x32 (size before relaxing)
 .rodata.tuh_hid_mount_cb.str1.4
                0x10008668       0x77 CMakeFiles/firmware.dir/hardware/usbdriver.c.obj
 .rodata.tuh_hid_umount_cb.str1.4
                0x10008668       0x36 CMakeFiles/firmware.dir/hardware/usbdriver.c.obj
 .rodata.tuh_hid_report_received_cb.str1.4
                0x10008668       0x29 CMakeFiles/firmware.dir/hardware/usbdriver.c.obj
 .rodata.hid2asciiShift
                0x10008668       0x65 CMakeFiles/firmware.dir/hardware/usbdriver.c.obj
                0x10008668                hid2asciiShift
 *fill*         0x100086cd        0x3 
 .rodata.hid2asciiCtrl
                0x100086d0       0x1e CMakeFiles/firmware.dir/hardware/usbdriver.c.obj
                0x100086d0                hid2asciiCtrl
 *fill*         0x100086ee        0x2 
 .rodata.hid2ascii
                0x100086f0       0x65 CMakeFiles/firmware.dir/hardware/usbdriver.c.obj
                0x100086f0                hid2ascii
 *fill*         0x10008755        0x3 
 .rodata.test_bin
                0x10008758      0x400 CMakeFiles/firmware.dir/system/memory.c.obj
                0x10008758                test_bin
 .rodata.hardware_alarm_claim.str1.4
                0x10008b58       0x22 CMakeFiles/firmware.dir/aux/pico/pico-sdk/src/rp2_common/hardware_timer/timer.c.obj
 .rodata.panic.str1.4
                0x10008b58       0x12 CMakeFiles/firmware.dir/aux/pico/pico-sdk/src/rp2_common/pico_runtime/runtime.c.obj
 .rodata.hard_assertion_failure.str1.4
                0x10008b58        0xc CMakeFiles/firmware.dir/aux/pico/pico-sdk/src/rp2_common/pico_runtime/runtime.c.obj
 .rodata._ftoa.str1.4
                0x10008b58       0x15 CMakeFiles/firmware.dir/aux/pico/pico-sdk/src/rp2_common/pico_printf/printf.c.obj
 .rodata._vsnprintf
                0x10008b58      0x19c CMakeFiles/firmware.dir/aux/pico/pico-sdk/src/rp2_common/pico_printf/printf.c.obj
 *fill*         0x10008cf4        0x4 
 .rodata.pow10.0
                0x10008cf8       0x50 CMakeFiles/firmware.dir/aux/pico/pico-sdk/src/rp2_common/pico_printf/printf.c.obj
 .rodata.__wrap_malloc.str1.4
                0x10008d48        0xe CMakeFiles/firmware.dir/aux/pico/pico-sdk/src/rp2_common/pico_malloc/pico_malloc.c.obj
 .rodata.str1.4
                0x10008d48       0x40 CMakeFiles/firmware.dir/aux/pico/pico-sdk/src/rp2_common/pico_standard_link/binary_info.c.obj
 .rodata.__bi_81
                0x10008d48        0xc CMakeFiles/firmware.dir/aux/pico/pico-sdk/src/rp2_common/pico_standard_link/binary_info.c.obj
 .rodata.__bi_75
                0x10008d54        0xc CMakeFiles/firmware.dir/aux/pico/pico-sdk/src/rp2_common/pico_standard_link/binary_info.c.obj
 .rodata.__bi_44
                0x10008d60        0xc CMakeFiles/firmware.dir/aux/pico/pico-sdk/src/rp2_common/pico_standard_link/binary_info.c.obj
 .rodata.crlf_str.0
                0x10008d6c        0x2 CMakeFiles/firmware.dir/aux/pico/pico-sdk/src/rp2_common/pico_stdio/stdio.c.obj
 .rodata.str1.4
                0x10008d6e       0x2c CMakeFiles/firmware.dir/aux/pico/pico-sdk/src/rp2_common/pico_stdio_uart/stdio_uart.c.obj
 *fill*         0x10008d6e        0x2 
 .rodata.__bi_33.4
                0x10008d70        0xc CMakeFiles/firmware.dir/aux/pico/pico-sdk/src/rp2_common/pico_stdio_uart/stdio_uart.c.obj
 .rodata.__bi_34.5
                0x10008d7c        0x8 CMakeFiles/firmware.dir/aux/pico/pico-sdk/src/rp2_common/pico_stdio_uart/stdio_uart.c.obj
 .rodata.str1.4
                0x10008d84       0x1d CMakeFiles/firmware.dir/__/libraries/PicoDVI/software/libdvi/dvi.c.obj
 .rodata.dvi_init.str1.4
                0x10008d84       0x1e CMakeFiles/firmware.dir/__/libraries/PicoDVI/software/libdvi/dvi.c.obj
 .rodata.dvi_serialiser_program
                0x10008d84        0x6 CMakeFiles/firmware.dir/__/libraries/PicoDVI/software/libdvi/dvi_serialiser.c.obj
 *fill*         0x10008d8a        0x2 
 .rodata.dvi_serialiser_program_instructions
                0x10008d8c        0x4 CMakeFiles/firmware.dir/__/libraries/PicoDVI/software/libdvi/dvi_serialiser.c.obj
 .rodata.dma_claim_unused_channel.str1.4
                0x10008d90       0x1e CMakeFiles/firmware.dir/aux/pico/pico-sdk/src/rp2_common/hardware_dma/dma.c.obj
 .rodata._pio_add_program_at_offset.str1.4
                0x10008d90       0x11 CMakeFiles/firmware.dir/aux/pico/pico-sdk/src/rp2_common/hardware_pio/pio.c.obj
 .rodata.pio_sm_claim.str1.4
                0x10008d90       0x40 CMakeFiles/firmware.dir/aux/pico/pico-sdk/src/rp2_common/hardware_pio/pio.c.obj
 .rodata._hw_endpoint_init.str1.4
                0x10008d90        0xf CMakeFiles/firmware.dir/aux/pico/pico-sdk/lib/tinyusb/src/portable/raspberrypi/rp2040/hcd_rp2040.c.obj
 .rodata._hw_endpoint_buffer_control_update32.part.0.isra.0.str1.4
                0x10008d90       0x1f CMakeFiles/firmware.dir/aux/pico/pico-sdk/lib/tinyusb/src/portable/raspberrypi/rp2040/rp2040_usb.c.obj
 .rodata.str1.4
                0x10008d90        0x7 CMakeFiles/firmware.dir/aux/pico/pico-sdk/lib/tinyusb/src/portable/raspberrypi/rp2040/rp2040_usb.c.obj
 .rodata.process_enumeration.part.0
                0x10008d90       0x34 CMakeFiles/firmware.dir/aux/pico/pico-sdk/lib/tinyusb/src/host/usbh.c.obj
 .rodata.usbh_class_drivers
                0x10008dc4       0x3c CMakeFiles/firmware.dir/aux/pico/pico-sdk/lib/tinyusb/src/host/usbh.c.obj
 .rodata        0x10008e00        0x8 CMakeFiles/firmware.dir/aux/pico/pico-sdk/lib/tinyusb/src/host/hub.c.obj
 .rodata.str1.4
                0x10008e08        0x4 CMakeFiles/firmware.dir/aux/pico/pico-sdk/lib/tinyusb/hw/bsp/rp2040/family.c.obj
 .rodata.__bi_142.0
                0x10008e08        0xc CMakeFiles/firmware.dir/aux/pico/pico-sdk/lib/tinyusb/hw/bsp/rp2040/family.c.obj
 .rodata.__bi_152.1
                0x10008e14        0x8 CMakeFiles/firmware.dir/aux/pico/pico-sdk/lib/tinyusb/hw/bsp/rp2040/family.c.obj
                0x10008e1c                        . = ALIGN (0x4)
 *(SORT_BY_ALIGNMENT(SORT_BY_NAME(.flashdata*)))
                0x10008e1c                        . = ALIGN (0x4)

.ARM.extab
 *(.ARM.extab* .gnu.linkonce.armextab.*)
                0x10008e1c                        __exidx_start = .

.ARM.exidx
 *(.ARM.exidx* .gnu.linkonce.armexidx.*)
                0x10008e1c                        __exidx_end = .
                0x10008e1c                        . = ALIGN (0x4)
                0x10008e1c                        __binary_info_start = .

.binary_info    0x10008e1c       0x2c
 *(.binary_info.keep.*)
 .binary_info.keep.__bi_ptr81
                0x10008e1c        0x4 CMakeFiles/firmware.dir/aux/pico/pico-sdk/src/rp2_common/pico_standard_link/binary_info.c.obj
 .binary_info.keep.__bi_ptr75
                0x10008e20        0x4 CMakeFiles/firmware.dir/aux/pico/pico-sdk/src/rp2_common/pico_standard_link/binary_info.c.obj
 .binary_info.keep.__bi_ptr50
                0x10008e24        0x4 CMakeFiles/firmware.dir/aux/pico/pico-sdk/src/rp2_common/pico_standard_link/binary_info.c.obj
 .binary_info.keep.__bi_ptr44
                0x10008e28        0x4 CMakeFiles/firmware.dir/aux/pico/pico-sdk/src/rp2_common/pico_standard_link/binary_info.c.obj
 .binary_info.keep.__bi_ptr38
                0x10008e2c        0x4 CMakeFiles/firmware.dir/aux/pico/pico-sdk/src/rp2_common/pico_standard_link/binary_info.c.obj
 .binary_info.keep.__bi_ptr30
                0x10008e30        0x4 CMakeFiles/firmware.dir/aux/pico/pico-sdk/src/rp2_common/pico_standard_link/binary_info.c.obj
 .binary_info.keep.__bi_ptr22
                0x10008e34        0x4 CMakeFiles/firmware.dir/aux/pico/pico-sdk/src/rp2_common/pico_standard_link/binary_info.c.obj
 .binary_info.keep.__bi_ptr152
                0x10008e38        0x4 CMakeFiles/firmware.dir/aux/pico/pico-sdk/lib/tinyusb/hw/bsp/rp2040/family.c.obj
 .binary_info.keep.__bi_ptr142
                0x10008e3c        0x4 CMakeFiles/firmware.dir/aux/pico/pico-sdk/lib/tinyusb/hw/bsp/rp2040/family.c.obj
 *(.binary_info.*)
 .binary_info.__bi_ptr34
                0x10008e40        0x4 CMakeFiles/firmware.dir/aux/pico/pico-sdk/src/rp2_common/pico_stdio_uart/stdio_uart.c.obj
 .binary_info.__bi_ptr33
                0x10008e44        0x4 CMakeFiles/firmware.dir/aux/pico/pico-sdk/src/rp2_common/pico_stdio_uart/stdio_uart.c.obj
                0x10008e48                        __binary_info_end = .
                0x10008e48                        . = ALIGN (0x4)

.ram_vector_table
                0x20000000       0xc0
 *(.ram_vector_table)
 .ram_vector_table
                0x20000000       0xc0 CMakeFiles/firmware.dir/aux/pico/pico-sdk/src/rp2_common/pico_runtime/runtime.c.obj
                0x20000000                ram_vector_table

.data           0x200000c0     0x1a1c load address 0x10008e48
                0x200000c0                        __data_start__ = .
 *(vtable)
 *(.time_critical*)
 .time_critical.core1_main
                0x200000c0       0x20 CMakeFiles/firmware.dir/hardware/dvi_video.c.obj
                0x200000c0                core1_main
 .time_critical._scanline_callback
                0x200000e0      0x1a0 CMakeFiles/firmware.dir/hardware/dvi_video.c.obj
                0x200000e0                _scanline_callback
 .time_critical.mutex_enter_blocking
                0x20000280       0x48 CMakeFiles/firmware.dir/aux/pico/pico-sdk/src/common/pico_sync/mutex.c.obj
                0x20000280                mutex_enter_blocking
 .time_critical.mutex_enter_block_until
                0x200002c8       0x74 CMakeFiles/firmware.dir/aux/pico/pico-sdk/src/common/pico_sync/mutex.c.obj
                0x200002c8                mutex_enter_block_until
 .time_critical.mutex_try_enter_block_until
                0x2000033c       0x60 CMakeFiles/firmware.dir/aux/pico/pico-sdk/src/common/pico_sync/mutex.c.obj
                0x2000033c                mutex_try_enter_block_until
 .time_critical.mutex_enter_timeout_ms
                0x2000039c       0x40 CMakeFiles/firmware.dir/aux/pico/pico-sdk/src/common/pico_sync/mutex.c.obj
                0x2000039c                mutex_enter_timeout_ms
 .time_critical.mutex_exit
                0x200003dc       0x28 CMakeFiles/firmware.dir/aux/pico/pico-sdk/src/common/pico_sync/mutex.c.obj
                0x200003dc                mutex_exit
 .time_critical.dvi_dma_irq_handler
                0x20000404      0x50c CMakeFiles/firmware.dir/__/libraries/PicoDVI/software/libdvi/dvi.c.obj
 .time_critical.dvi_dma1_irq
                0x20000910       0x24 CMakeFiles/firmware.dir/__/libraries/PicoDVI/software/libdvi/dvi.c.obj
 .time_critical.dvi_dma0_irq
                0x20000934       0x24 CMakeFiles/firmware.dir/__/libraries/PicoDVI/software/libdvi/dvi.c.obj
 .time_critical.dvi_scanbuf_main_16bpp
                0x20000958      0x248 CMakeFiles/firmware.dir/__/libraries/PicoDVI/software/libdvi/dvi.c.obj
                0x20000958                dvi_scanbuf_main_16bpp
 .time_critical.dvi_timing_state_advance
                0x20000ba0       0x44 CMakeFiles/firmware.dir/__/libraries/PicoDVI/software/libdvi/dvi_timing.c.obj
                0x20000ba0                dvi_timing_state_advance
 .time_critical.dvi_update_scanline_data_dma
                0x20000be4       0x14 CMakeFiles/firmware.dir/__/libraries/PicoDVI/software/libdvi/dvi_timing.c.obj
                0x20000be4                dvi_update_scanline_data_dma
 .time_critical.empty_scanline_tmds
                0x20000bf8        0xc CMakeFiles/firmware.dir/__/libraries/PicoDVI/software/libdvi/dvi_timing.c.obj
 .time_critical.dvi_ctrl_syms
                0x20000c04       0x10 CMakeFiles/firmware.dir/__/libraries/PicoDVI/software/libdvi/dvi_timing.c.obj
                0x20000c04                dvi_ctrl_syms
 .time_critical.dvi_timing_640x480p_60hz
                0x20000c14       0x2c CMakeFiles/firmware.dir/__/libraries/PicoDVI/software/libdvi/dvi_timing.c.obj
                0x20000c14                dvi_timing_640x480p_60hz
 .time_critical.tmds_encode_data_channel_16bpp
                0x20000c40       0xa4 CMakeFiles/firmware.dir/__/libraries/PicoDVI/software/libdvi/tmds_encode.c.obj
                0x20000c40                tmds_encode_data_channel_16bpp
 .time_critical.tinyusb
                0x20000ce4       0x38 CMakeFiles/firmware.dir/aux/pico/pico-sdk/lib/tinyusb/src/host/usbh.c.obj
                0x20000ce4                hcd_event_handler
 *(.text*)
 .text          0x20000d1c        0x4 /usr/lib/gcc/arm-none-eabi/13.2.0/thumb/v6-m/nofp/libgcc.a(_dvmd_tls.o)
                0x20000d1c                __aeabi_ldiv0
                0x20000d1c                __aeabi_idiv0
 .text.__stub   0x20000d20       0x90 linker stubs
                0x20000db0                        . = ALIGN (0x4)
 *(.rodata*)
                0x20000db0                        . = ALIGN (0x4)
 *(.data*)
 .data.font_5x7
                0x20000db0      0x700 CMakeFiles/firmware.dir/hardware/dvi_video.c.obj
 .data.controlPort
                0x200014b0        0x4 CMakeFiles/firmware.dir/system/processor.c.obj
                0x200014b0                controlPort
 .data.striped_spin_lock_num
                0x200014b4        0x1 CMakeFiles/firmware.dir/aux/pico/pico-sdk/src/rp2_common/hardware_sync/sync.c.obj
 *fill*         0x200014b5        0x3 
 .data          0x200014b8       0x48 CMakeFiles/firmware.dir/aux/pico/pico-sdk/src/rp2_common/hardware_irq/irq_handler_chain.S.obj
                0x200014b8                irq_handler_chain_slots
                0x200014e8                irq_handler_chain_first_slot
                0x200014f2                irq_handler_chain_remove_tail
 .data.default_alarm_pool
                0x20001500       0x18 CMakeFiles/firmware.dir/aux/pico/pico-sdk/src/common/pico_time/time.c.obj
 .data.default_alarm_pool_heap
                0x20001518       0x10 CMakeFiles/firmware.dir/aux/pico/pico-sdk/src/common/pico_time/time.c.obj
 *fill*         0x20001528        0x8 
 .data.aeabi_bits_funcs
                0x20001530       0x10 CMakeFiles/firmware.dir/aux/pico/pico-sdk/src/rp2_common/pico_bit_ops/bit_ops_aeabi.S.obj
                0x20001530                aeabi_bits_funcs
                0x20001540                aeabi_bits_funcs_end
 .data.aeabi_mem_funcs
                0x20001540       0x10 CMakeFiles/firmware.dir/aux/pico/pico-sdk/src/rp2_common/pico_mem_ops/mem_ops_aeabi.S.obj
                0x20001540                aeabi_mem_funcs
                0x20001550                aeabi_mem_funcs_end
 .data.stdio_uart
                0x20001550       0x18 CMakeFiles/firmware.dir/aux/pico/pico-sdk/src/rp2_common/pico_stdio_uart/stdio_uart.c.obj
                0x20001550                stdio_uart
 .data.ep_dir_string
                0x20001568        0x8 CMakeFiles/firmware.dir/aux/pico/pico-sdk/lib/tinyusb/src/portable/raspberrypi/rp2040/rp2040_usb.c.obj
                0x20001568                ep_dir_string
 .data._usbh_controller
                0x20001570        0x1 CMakeFiles/firmware.dir/aux/pico/pico-sdk/lib/tinyusb/src/host/usbh.c.obj
 *fill*         0x20001571        0x3 
 .data.__malloc_sbrk_base
                0x20001574        0x4 /usr/lib/gcc/arm-none-eabi/13.2.0/../../../../arm-none-eabi/lib/thumb/v6-m/nofp/libc.a(libc_a-mallocr.o)
                0x20001574                __malloc_sbrk_base
 .data.__malloc_trim_threshold
                0x20001578        0x4 /usr/lib/gcc/arm-none-eabi/13.2.0/../../../../arm-none-eabi/lib/thumb/v6-m/nofp/libc.a(libc_a-mallocr.o)
                0x20001578                __malloc_trim_threshold
 *fill*         0x2000157c        0x4 
 .data.__malloc_av_
                0x20001580      0x408 /usr/lib/gcc/arm-none-eabi/13.2.0/../../../../arm-none-eabi/lib/thumb/v6-m/nofp/libc.a(libc_a-mallocr.o)
                0x20001580                __malloc_av_
 .data._impure_ptr
                0x20001988        0x4 /usr/lib/gcc/arm-none-eabi/13.2.0/../../../../arm-none-eabi/lib/thumb/v6-m/nofp/libc.a(libc_a-impure.o)
                0x20001988                _impure_ptr
 *fill*         0x2000198c        0x4 
 .data._impure_data
                0x20001990      0x120 /usr/lib/gcc/arm-none-eabi/13.2.0/../../../../arm-none-eabi/lib/thumb/v6-m/nofp/libc.a(libc_a-impure.o)
                0x20001990                _impure_data
 .data.__atexit_recursive_mutex
                0x20001ab0        0x4 /usr/lib/gcc/arm-none-eabi/13.2.0/../../../../arm-none-eabi/lib/thumb/v6-m/nofp/libc.a(libc_a-__call_atexit.o)
                0x20001ab0                __atexit_recursive_mutex
                0x20001ab4                        . = ALIGN (0x4)
 *(.after_data.*)
                0x20001ab4                        . = ALIGN (0x4)
                0x20001ab4                        PROVIDE (__mutex_array_start = .)
 *(SORT_BY_NAME(.mutex_array.*))
 *(.mutex_array)
 .mutex_array   0x20001ab4        0x8 CMakeFiles/firmware.dir/aux/pico/pico-sdk/src/rp2_common/pico_malloc/pico_malloc.c.obj
 .mutex_array   0x20001abc        0x8 CMakeFiles/firmware.dir/aux/pico/pico-sdk/src/rp2_common/pico_stdio/stdio.c.obj
                0x20001ac4                        PROVIDE (__mutex_array_end = .)
                0x20001ac4                        . = ALIGN (0x4)
                0x20001ac4                        PROVIDE (__preinit_array_start = .)
 *(SORT_BY_NAME(.preinit_array.*))
 .preinit_array.00001
                0x20001ac4        0x4 CMakeFiles/firmware.dir/aux/pico/pico-sdk/src/rp2_common/pico_mem_ops/mem_ops_aeabi.S.obj
 .preinit_array.00010
                0x20001ac8        0x4 CMakeFiles/firmware.dir/aux/pico/pico-sdk/src/rp2_common/pico_bit_ops/bit_ops_aeabi.S.obj
 .preinit_array.00020
                0x20001acc        0x4 CMakeFiles/firmware.dir/aux/pico/pico-sdk/src/rp2_common/pico_double/double_aeabi.S.obj
 .preinit_array.00020
                0x20001ad0        0x4 CMakeFiles/firmware.dir/aux/pico/pico-sdk/src/rp2_common/pico_float/float_aeabi.S.obj
 *(.preinit_array)
                0x20001ad4                        PROVIDE (__preinit_array_end = .)
                0x20001ad4                        . = ALIGN (0x4)
                0x20001ad4                        PROVIDE (__init_array_start = .)
 *(SORT_BY_NAME(.init_array.*))
 .init_array.00000
                0x20001ad4        0x4 /usr/lib/gcc/arm-none-eabi/13.2.0/../../../../arm-none-eabi/lib/thumb/v6-m/nofp/libc.a(libc_a-__call_atexit.o)
 *(.init_array)
 .init_array    0x20001ad8        0x4 /usr/lib/gcc/arm-none-eabi/13.2.0/thumb/v6-m/nofp/crtbegin.o
                0x20001adc                        PROVIDE (__init_array_end = .)
                0x20001adc                        . = ALIGN (0x4)
                0x20001adc                        PROVIDE (__fini_array_start = .)
 *(SORT_BY_NAME(.fini_array.*))
 *(.fini_array)
                0x20001adc                        PROVIDE (__fini_array_end = .)
 *(.jcr)
                0x20001adc                        . = ALIGN (0x4)
                0x20001adc                        __data_end__ = .
                0x10008e48                        __etext = LOADADDR (.data)

.igot.plt       0x20001adc        0x0 load address 0x1000a864
 .igot.plt      0x20001adc        0x0 /usr/lib/gcc/arm-none-eabi/13.2.0/thumb/v6-m/nofp/crtbegin.o

.uninitialized_data
                0x20001adc        0x0 load address 0x1000a864
                0x20001adc                        . = ALIGN (0x4)
 *(.uninitialized_data*)

.scratch_x      0x20040000      0x164 load address 0x1000a864
                0x20040000                        __scratch_x_start__ = .
 *(.scratch_x.*)
 .scratch_x.tmds_encode_loop_16bpp
                0x20040000       0x30 CMakeFiles/firmware.dir/__/libraries/PicoDVI/software/libdvi/tmds_encode.S.obj
                0x20040000                tmds_encode_loop_16bpp
 .scratch_x.tmds_encode_loop_16bpp_leftshift
                0x20040030       0x34 CMakeFiles/firmware.dir/__/libraries/PicoDVI/software/libdvi/tmds_encode.S.obj
                0x20040030                tmds_encode_loop_16bpp_leftshift
 .scratch_x.tmds_table
                0x20040064      0x100 CMakeFiles/firmware.dir/__/libraries/PicoDVI/software/libdvi/tmds_encode.c.obj
                0x20040164                        . = ALIGN (0x4)
                0x20040164                        __scratch_x_end__ = .
                0x1000a864                        __scratch_x_source__ = LOADADDR (.scratch_x)

.rel.dyn        0x20040164        0x0 load address 0x1000a9c8
 .rel.iplt      0x20040164        0x0 /usr/lib/gcc/arm-none-eabi/13.2.0/thumb/v6-m/nofp/crtbegin.o

.scratch_y      0x20041000        0x0 load address 0x1000a9c8
                0x20041000                        __scratch_y_start__ = .
 *(.scratch_y.*)
                0x20041000                        . = ALIGN (0x4)
                0x20041000                        __scratch_y_end__ = .
                0x1000a9c8                        __scratch_y_source__ = LOADADDR (.scratch_y)

.bss            0x20001ae0    0x24ea4
                0x20001ae0                        . = ALIGN (0x4)
                0x20001ae0                        __bss_start__ = .
 *(SORT_BY_ALIGNMENT(SORT_BY_NAME(.bss*)))
 .bss.default_alarm_pool_entries
                0x20001ae0      0x100 CMakeFiles/firmware.dir/aux/pico/pico-sdk/src/common/pico_time/time.c.obj
 .bss.__atexit  0x20001be0        0x4 /usr/lib/gcc/arm-none-eabi/13.2.0/../../../../arm-none-eabi/lib/thumb/v6-m/nofp/libc.a(libc_a-__call_atexit.o)
                0x20001be0                __atexit
 .bss.__atexit0
                0x20001be4      0x190 /usr/lib/gcc/arm-none-eabi/13.2.0/../../../../arm-none-eabi/lib/thumb/v6-m/nofp/libc.a(libc_a-__atexit.o)
                0x20001be4                __atexit0
 .bss.__lock___atexit_recursive_mutex
                0x20001d74        0x1 /usr/lib/gcc/arm-none-eabi/13.2.0/../../../../arm-none-eabi/lib/thumb/v6-m/nofp/libc.a(libc_a-lock.o)
                0x20001d74                __lock___atexit_recursive_mutex
 *fill*         0x20001d75        0x3 
 .bss.__lock___malloc_recursive_mutex
                0x20001d78        0x1 /usr/lib/gcc/arm-none-eabi/13.2.0/../../../../arm-none-eabi/lib/thumb/v6-m/nofp/libc.a(libc_a-lock.o)
                0x20001d78                __lock___malloc_recursive_mutex
 *fill*         0x20001d79        0x3 
 .bss.__malloc_current_mallinfo
                0x20001d7c       0x28 /usr/lib/gcc/arm-none-eabi/13.2.0/../../../../arm-none-eabi/lib/thumb/v6-m/nofp/libc.a(libc_a-mallocr.o)
                0x20001d7c                __malloc_current_mallinfo
 .bss.__malloc_max_sbrked_mem
                0x20001da4        0x4 /usr/lib/gcc/arm-none-eabi/13.2.0/../../../../arm-none-eabi/lib/thumb/v6-m/nofp/libc.a(libc_a-mallocr.o)
                0x20001da4                __malloc_max_sbrked_mem
 .bss.__malloc_max_total_mem
                0x20001da8        0x4 /usr/lib/gcc/arm-none-eabi/13.2.0/../../../../arm-none-eabi/lib/thumb/v6-m/nofp/libc.a(libc_a-mallocr.o)
                0x20001da8                __malloc_max_total_mem
 .bss.__malloc_top_pad
                0x20001dac        0x4 /usr/lib/gcc/arm-none-eabi/13.2.0/../../../../arm-none-eabi/lib/thumb/v6-m/nofp/libc.a(libc_a-mallocr.o)
                0x20001dac                __malloc_top_pad
 .bss.__sf      0x20001db0      0x138 /usr/lib/gcc/arm-none-eabi/13.2.0/../../../../arm-none-eabi/lib/thumb/v6-m/nofp/libc.a(libc_a-findfp.o)
                0x20001db0                __sf
 .bss._ctrl_xfer
                0x20001ee8       0x18 CMakeFiles/firmware.dir/aux/pico/pico-sdk/lib/tinyusb/src/host/usbh.c.obj
                0x20001ee8                _ctrl_xfer
 .bss._dev0     0x20001f00        0x5 CMakeFiles/firmware.dir/aux/pico/pico-sdk/lib/tinyusb/src/host/usbh.c.obj
 *fill*         0x20001f05        0x3 
 .bss._hidh_dev
                0x20001f08      0xafa CMakeFiles/firmware.dir/aux/pico/pico-sdk/lib/tinyusb/src/class/hid/hid_host.c.obj
 *fill*         0x20002a02        0x2 
 .bss._hub_buffer
                0x20002a04        0x9 CMakeFiles/firmware.dir/aux/pico/pico-sdk/lib/tinyusb/src/host/hub.c.obj
 *fill*         0x20002a0d        0x3 
 .bss._msch_buffer
                0x20002a10       0x24 CMakeFiles/firmware.dir/aux/pico/pico-sdk/lib/tinyusb/src/class/msc/msc_host.c.obj
 .bss._msch_itf
                0x20002a34      0x1f4 CMakeFiles/firmware.dir/aux/pico/pico-sdk/lib/tinyusb/src/class/msc/msc_host.c.obj
 .bss._usbh_ctrl_buf
                0x20002c28      0x100 CMakeFiles/firmware.dir/aux/pico/pico-sdk/lib/tinyusb/src/host/usbh.c.obj
 .bss._usbh_devices
                0x20002d28      0x18c CMakeFiles/firmware.dir/aux/pico/pico-sdk/lib/tinyusb/src/host/usbh.c.obj
                0x20002d28                _usbh_devices
 .bss._usbh_mutex
                0x20002eb4        0x4 CMakeFiles/firmware.dir/aux/pico/pico-sdk/lib/tinyusb/src/host/usbh.c.obj
 .bss._usbh_q   0x20002eb8        0x4 CMakeFiles/firmware.dir/aux/pico/pico-sdk/lib/tinyusb/src/host/usbh.c.obj
 .bss._used_instruction_space
                0x20002ebc        0x8 CMakeFiles/firmware.dir/aux/pico/pico-sdk/src/rp2_common/hardware_pio/pio.c.obj
 .bss.alarm_callbacks
                0x20002ec4       0x10 CMakeFiles/firmware.dir/aux/pico/pico-sdk/src/rp2_common/hardware_timer/timer.c.obj
 .bss.buffer1   0x20002ed4      0x280 CMakeFiles/firmware.dir/hardware/dvi_video.c.obj
                0x20002ed4                buffer1
 .bss.buffer2   0x20003154      0x280 CMakeFiles/firmware.dir/hardware/dvi_video.c.obj
                0x20003154                buffer2
 .bss.chars_available_callback
                0x200033d4        0x4 CMakeFiles/firmware.dir/aux/pico/pico-sdk/src/rp2_common/pico_stdio_uart/stdio_uart.c.obj
 .bss.chars_available_param
                0x200033d8        0x4 CMakeFiles/firmware.dir/aux/pico/pico-sdk/src/rp2_common/pico_stdio_uart/stdio_uart.c.obj
 .bss.configured_freq
                0x200033dc       0x28 CMakeFiles/firmware.dir/aux/pico/pico-sdk/src/rp2_common/hardware_clocks/clocks.c.obj
 .bss.cpuMemory
                0x20003404    0x10000 CMakeFiles/firmware.dir/system/memory.c.obj
                0x20003404                cpuMemory
 .bss.default_alarm_pool_entry_ids_high
                0x20013404       0x10 CMakeFiles/firmware.dir/aux/pico/pico-sdk/src/common/pico_time/time.c.obj
 .bss.default_alarm_pool_heap_nodes
                0x20013414       0x30 CMakeFiles/firmware.dir/aux/pico/pico-sdk/src/common/pico_time/time.c.obj
 .bss.dma_irq_privdata
                0x20013444        0x8 CMakeFiles/firmware.dir/__/libraries/PicoDVI/software/libdvi/dvi.c.obj
 .bss.drivers   0x2001344c        0x4 CMakeFiles/firmware.dir/aux/pico/pico-sdk/src/rp2_common/pico_stdio/stdio.c.obj
 .bss.dvi0      0x20013450      0x2b4 CMakeFiles/firmware.dir/hardware/dvi_video.c.obj
                0x20013450                dvi0
 .bss.ep_pool   0x20013704      0x200 CMakeFiles/firmware.dir/aux/pico/pico-sdk/lib/tinyusb/src/portable/raspberrypi/rp2040/hcd_rp2040.c.obj
 .bss.errno     0x20013904        0x4 /usr/lib/gcc/arm-none-eabi/13.2.0/../../../../arm-none-eabi/lib/thumb/v6-m/nofp/libc.a(libc_a-reent.o)
                0x20013904                errno
 .bss.filter    0x20013908        0x4 CMakeFiles/firmware.dir/aux/pico/pico-sdk/src/rp2_common/pico_stdio/stdio.c.obj
 .bss.frameCounter
                0x2001390c        0x4 CMakeFiles/firmware.dir/hardware/dvi_video.c.obj
                0x2001390c                frameCounter
 .bss.heap_end.0
                0x20013910        0x4 CMakeFiles/firmware.dir/aux/pico/pico-sdk/src/rp2_common/pico_runtime/runtime.c.obj
 .bss.hub_data  0x20013914        0xc CMakeFiles/firmware.dir/aux/pico/pico-sdk/lib/tinyusb/src/host/hub.c.obj
 .bss.lazy_vsnprintf
                0x20013920        0x4 CMakeFiles/firmware.dir/aux/pico/pico-sdk/src/rp2_common/pico_printf/printf.c.obj
 .bss.lineCounter
                0x20013924        0x4 CMakeFiles/firmware.dir/hardware/dvi_video.c.obj
                0x20013924                lineCounter
 .bss.object.0  0x20013928       0x18 /usr/lib/gcc/arm-none-eabi/13.2.0/thumb/v6-m/nofp/crtbegin.o
 .bss.palette   0x20013940      0x200 CMakeFiles/firmware.dir/hardware/dvi_video.c.obj
                0x20013940                palette
 .bss.pools     0x20013b40       0x10 CMakeFiles/firmware.dir/aux/pico/pico-sdk/src/common/pico_time/time.c.obj
 .bss.screen    0x20013b50    0x12c00 CMakeFiles/firmware.dir/hardware/dvi_video.c.obj
                0x20013b50                screen
 .bss.sd_table  0x20026750      0x100 CMakeFiles/firmware.dir/aux/pico/pico-sdk/src/rp2_common/pico_double/double_init_rom.c.obj
                0x20026750                sd_table
 .bss.sf_clz_func
                0x20026850        0x4 CMakeFiles/firmware.dir/aux/pico/pico-sdk/src/rp2_common/pico_double/double_init_rom.c.obj
                0x20026850                sf_clz_func
 .bss.sf_table  0x20026854      0x100 CMakeFiles/firmware.dir/aux/pico/pico-sdk/src/rp2_common/pico_float/float_init_rom.c.obj
                0x20026854                sf_table
 .bss.sleep_notifier
                0x20026954        0x4 CMakeFiles/firmware.dir/aux/pico/pico-sdk/src/common/pico_time/time.c.obj
 .bss.target_hi
                0x20026958       0x10 CMakeFiles/firmware.dir/aux/pico/pico-sdk/src/rp2_common/hardware_timer/timer.c.obj
 .bss.uart_char_to_line_feed
                0x20026968        0x4 CMakeFiles/firmware.dir/aux/pico/pico-sdk/src/rp2_common/hardware_uart/uart.c.obj
                0x20026968                uart_char_to_line_feed
 .bss.uart_instance
                0x2002696c        0x4 CMakeFiles/firmware.dir/aux/pico/pico-sdk/src/rp2_common/pico_stdio_uart/stdio_uart.c.obj
 .bss.xc        0x20026970        0x4 CMakeFiles/firmware.dir/hardware/dvi_video.c.obj
                0x20026970                xc
 .bss.yc        0x20026974        0x4 CMakeFiles/firmware.dir/hardware/dvi_video.c.obj
                0x20026974                yc
 .bss._claimed  0x20026978        0x2 CMakeFiles/firmware.dir/aux/pico/pico-sdk/src/rp2_common/hardware_dma/dma.c.obj
 .bss.iCount    0x2002697a        0x2 CMakeFiles/firmware.dir/system/processor.c.obj
                0x2002697a                iCount
 .bss.claimed   0x2002697c        0x1 CMakeFiles/firmware.dir/aux/pico/pico-sdk/src/rp2_common/hardware_timer/timer.c.obj
 .bss.claimed   0x2002697d        0x1 CMakeFiles/firmware.dir/aux/pico/pico-sdk/src/rp2_common/hardware_pio/pio.c.obj
 .bss.failed_count.0
                0x2002697e        0x1 CMakeFiles/firmware.dir/aux/pico/pico-sdk/lib/tinyusb/src/host/usbh.c.obj
 .bss.irq_hander_chain_free_slot_head
                0x2002697f        0x1 CMakeFiles/firmware.dir/aux/pico/pico-sdk/src/rp2_common/hardware_irq/irq.c.obj
 .bss.kbd_addr  0x20026980        0x1 CMakeFiles/firmware.dir/hardware/usbdriver.c.obj
                0x20026980                kbd_addr
 .bss.kbd_inst  0x20026981        0x1 CMakeFiles/firmware.dir/hardware/usbdriver.c.obj
                0x20026981                kbd_inst
 .bss.timer_callbacks_pending
                0x20026982        0x1 CMakeFiles/firmware.dir/aux/pico/pico-sdk/src/rp2_common/hardware_timer/timer.c.obj
 *(COMMON)
                0x20026984                        . = ALIGN (0x4)
 *fill*         0x20026983        0x1 
                0x20026984                        __bss_end__ = .

.heap           0x20026984      0x800
                0x20026984                        __end__ = .
                0x20026984                        end = __end__
 *(.heap*)
 .heap          0x20026984      0x800 CMakeFiles/firmware.dir/aux/pico/pico-sdk/src/rp2_common/pico_standard_link/crt0.S.obj
                0x20027184                        __HeapLimit = .

.stack1_dummy   0x20040164      0x800
 *(.stack1*)
 .stack1        0x20040164      0x800 CMakeFiles/firmware.dir/aux/pico/pico-sdk/src/rp2_common/pico_multicore/multicore.c.obj

.stack_dummy    0x20041000      0x800
 *(.stack*)
 .stack         0x20041000      0x800 CMakeFiles/firmware.dir/aux/pico/pico-sdk/src/rp2_common/pico_standard_link/crt0.S.obj

.flash_end      0x1000a9c8        0x0
                0x1000a9c8                        PROVIDE (__flash_binary_end = .)
                0x20040000                        __StackLimit = (ORIGIN (RAM) + LENGTH (RAM))
                0x20041000                        __StackOneTop = (ORIGIN (SCRATCH_X) + LENGTH (SCRATCH_X))
                0x20042000                        __StackTop = (ORIGIN (SCRATCH_Y) + LENGTH (SCRATCH_Y))
                0x20040800                        __StackOneBottom = (__StackOneTop - SIZEOF (.stack1_dummy))
                0x20041800                        __StackBottom = (__StackTop - SIZEOF (.stack_dummy))
                0x20042000                        PROVIDE (__stack = __StackTop)
                0x00000001                        ASSERT ((__StackLimit >= __HeapLimit), region RAM overflowed)
                0x00000001                        ASSERT (((__binary_info_header_end - __logical_binary_start) <= 0x100), Binary info must be in first 256 bytes of the binary)
LOAD CMakeFiles/firmware.dir/main.c.obj
LOAD CMakeFiles/firmware.dir/hardware/dvi_video.c.obj
LOAD CMakeFiles/firmware.dir/hardware/usbdriver.c.obj
LOAD CMakeFiles/firmware.dir/system/memory.c.obj
LOAD CMakeFiles/firmware.dir/system/processor.c.obj
LOAD CMakeFiles/firmware.dir/aux/pico/pico-sdk/src/rp2_common/pico_stdlib/stdlib.c.obj
LOAD CMakeFiles/firmware.dir/aux/pico/pico-sdk/src/rp2_common/hardware_gpio/gpio.c.obj
LOAD CMakeFiles/firmware.dir/aux/pico/pico-sdk/src/rp2_common/pico_platform/platform.c.obj
LOAD CMakeFiles/firmware.dir/aux/pico/pico-sdk/src/rp2_common/hardware_claim/claim.c.obj
LOAD CMakeFiles/firmware.dir/aux/pico/pico-sdk/src/rp2_common/hardware_sync/sync.c.obj
LOAD CMakeFiles/firmware.dir/aux/pico/pico-sdk/src/rp2_common/hardware_irq/irq.c.obj
LOAD CMakeFiles/firmware.dir/aux/pico/pico-sdk/src/rp2_common/hardware_irq/irq_handler_chain.S.obj
LOAD CMakeFiles/firmware.dir/aux/pico/pico-sdk/src/common/pico_sync/sem.c.obj
LOAD CMakeFiles/firmware.dir/aux/pico/pico-sdk/src/common/pico_sync/lock_core.c.obj
LOAD CMakeFiles/firmware.dir/aux/pico/pico-sdk/src/common/pico_sync/mutex.c.obj
LOAD CMakeFiles/firmware.dir/aux/pico/pico-sdk/src/common/pico_sync/critical_section.c.obj
LOAD CMakeFiles/firmware.dir/aux/pico/pico-sdk/src/common/pico_time/time.c.obj
LOAD CMakeFiles/firmware.dir/aux/pico/pico-sdk/src/common/pico_time/timeout_helper.c.obj
LOAD CMakeFiles/firmware.dir/aux/pico/pico-sdk/src/rp2_common/hardware_timer/timer.c.obj
LOAD CMakeFiles/firmware.dir/aux/pico/pico-sdk/src/common/pico_util/datetime.c.obj
LOAD CMakeFiles/firmware.dir/aux/pico/pico-sdk/src/common/pico_util/pheap.c.obj
LOAD CMakeFiles/firmware.dir/aux/pico/pico-sdk/src/common/pico_util/queue.c.obj
LOAD CMakeFiles/firmware.dir/aux/pico/pico-sdk/src/rp2_common/hardware_uart/uart.c.obj
LOAD CMakeFiles/firmware.dir/aux/pico/pico-sdk/src/rp2_common/hardware_clocks/clocks.c.obj
LOAD CMakeFiles/firmware.dir/aux/pico/pico-sdk/src/rp2_common/hardware_pll/pll.c.obj
LOAD CMakeFiles/firmware.dir/aux/pico/pico-sdk/src/rp2_common/hardware_vreg/vreg.c.obj
LOAD CMakeFiles/firmware.dir/aux/pico/pico-sdk/src/rp2_common/hardware_watchdog/watchdog.c.obj
LOAD CMakeFiles/firmware.dir/aux/pico/pico-sdk/src/rp2_common/hardware_xosc/xosc.c.obj
LOAD CMakeFiles/firmware.dir/aux/pico/pico-sdk/src/rp2_common/hardware_divider/divider.S.obj
LOAD CMakeFiles/firmware.dir/aux/pico/pico-sdk/src/rp2_common/pico_runtime/runtime.c.obj
LOAD CMakeFiles/firmware.dir/aux/pico/pico-sdk/src/rp2_common/pico_printf/printf.c.obj
LOAD CMakeFiles/firmware.dir/aux/pico/pico-sdk/src/rp2_common/pico_bit_ops/bit_ops_aeabi.S.obj
LOAD CMakeFiles/firmware.dir/aux/pico/pico-sdk/src/rp2_common/pico_bootrom/bootrom.c.obj
LOAD CMakeFiles/firmware.dir/aux/pico/pico-sdk/src/rp2_common/pico_divider/divider.S.obj
LOAD CMakeFiles/firmware.dir/aux/pico/pico-sdk/src/rp2_common/pico_double/double_aeabi.S.obj
LOAD CMakeFiles/firmware.dir/aux/pico/pico-sdk/src/rp2_common/pico_double/double_init_rom.c.obj
LOAD CMakeFiles/firmware.dir/aux/pico/pico-sdk/src/rp2_common/pico_double/double_math.c.obj
LOAD CMakeFiles/firmware.dir/aux/pico/pico-sdk/src/rp2_common/pico_double/double_v1_rom_shim.S.obj
LOAD CMakeFiles/firmware.dir/aux/pico/pico-sdk/src/rp2_common/pico_int64_ops/pico_int64_ops_aeabi.S.obj
LOAD CMakeFiles/firmware.dir/aux/pico/pico-sdk/src/rp2_common/pico_float/float_aeabi.S.obj
LOAD CMakeFiles/firmware.dir/aux/pico/pico-sdk/src/rp2_common/pico_float/float_init_rom.c.obj
LOAD CMakeFiles/firmware.dir/aux/pico/pico-sdk/src/rp2_common/pico_float/float_math.c.obj
LOAD CMakeFiles/firmware.dir/aux/pico/pico-sdk/src/rp2_common/pico_float/float_v1_rom_shim.S.obj
LOAD CMakeFiles/firmware.dir/aux/pico/pico-sdk/src/rp2_common/pico_malloc/pico_malloc.c.obj
LOAD CMakeFiles/firmware.dir/aux/pico/pico-sdk/src/rp2_common/pico_mem_ops/mem_ops_aeabi.S.obj
LOAD CMakeFiles/firmware.dir/aux/pico/pico-sdk/src/rp2_common/pico_standard_link/crt0.S.obj
LOAD CMakeFiles/firmware.dir/aux/pico/pico-sdk/src/rp2_common/pico_standard_link/new_delete.cpp.obj
LOAD CMakeFiles/firmware.dir/aux/pico/pico-sdk/src/rp2_common/pico_standard_link/binary_info.c.obj
LOAD CMakeFiles/firmware.dir/aux/pico/pico-sdk/src/rp2_common/pico_stdio/stdio.c.obj