Archive member included to satisfy reference by file (symbol)

/usr/lib/gcc/arm-none-eabi/13.2.0/thumb/v6-m/nofp/libgcc.a(_dvmd_tls.o)
                              CMakeFiles/firmware.dir/aux/pico/pico-sdk/src/rp2_common/pico_divider/divider.S.obj (__aeabi_idiv0)
/usr/lib/gcc/arm-none-eabi/13.2.0/../../../../arm-none-eabi/lib/thumb/v6-m/nofp/libc.a(libc_a-atexit.o)
                              /usr/lib/gcc/arm-none-eabi/13.2.0/../../../../arm-none-eabi/lib/thumb/v6-m/nofp/crt0.o (atexit)
/usr/lib/gcc/arm-none-eabi/13.2.0/../../../../arm-none-eabi/lib/thumb/v6-m/nofp/libc.a(libc_a-calloc.o)
                              CMakeFiles/firmware.dir/aux/pico/pico-sdk/src/rp2_common/pico_malloc/pico_malloc.c.obj (calloc)
/usr/lib/gcc/arm-none-eabi/13.2.0/../../../../arm-none-eabi/lib/thumb/v6-m/nofp/libc.a(libc_a-callocr.o)
                              /usr/lib/gcc/arm-none-eabi/13.2.0/../../../../arm-none-eabi/lib/thumb/v6-m/nofp/libc.a(libc_a-calloc.o) (_calloc_r)
/usr/lib/gcc/arm-none-eabi/13.2.0/../../../../arm-none-eabi/lib/thumb/v6-m/nofp/libc.a(libc_a-malloc.o)
                              CMakeFiles/firmware.dir/aux/pico/pico-sdk/src/rp2_common/pico_malloc/pico_malloc.c.obj (malloc)
/usr/lib/gcc/arm-none-eabi/13.2.0/../../../../arm-none-eabi/lib/thumb/v6-m/nofp/libc.a(libc_a-mallocr.o)
                              /usr/lib/gcc/arm-none-eabi/13.2.0/../../../../arm-none-eabi/lib/thumb/v6-m/nofp/libc.a(libc_a-callocr.o) (_malloc_r)
/usr/lib/gcc/arm-none-eabi/13.2.0/../../../../arm-none-eabi/lib/thumb/v6-m/nofp/libc.a(libc_a-mlock.o)
                              /usr/lib/gcc/arm-none-eabi/13.2.0/../../../../arm-none-eabi/lib/thumb/v6-m/nofp/libc.a(libc_a-mallocr.o) (__malloc_lock)
/usr/lib/gcc/arm-none-eabi/13.2.0/../../../../arm-none-eabi/lib/thumb/v6-m/nofp/libc.a(libc_a-random.o)
                              CMakeFiles/firmware.dir/hardware/sound.c.obj (random)
/usr/lib/gcc/arm-none-eabi/13.2.0/../../../../arm-none-eabi/lib/thumb/v6-m/nofp/libc.a(libc_a-realloc.o)
                              CMakeFiles/firmware.dir/aux/pico/pico-sdk/src/rp2_common/pico_malloc/pico_malloc.c.obj (realloc)
/usr/lib/gcc/arm-none-eabi/13.2.0/../../../../arm-none-eabi/lib/thumb/v6-m/nofp/libc.a(libc_a-reallocr.o)
                              /usr/lib/gcc/arm-none-eabi/13.2.0/../../../../arm-none-eabi/lib/thumb/v6-m/nofp/libc.a(libc_a-realloc.o) (_realloc_r)
/usr/lib/gcc/arm-none-eabi/13.2.0/../../../../arm-none-eabi/lib/thumb/v6-m/nofp/libc.a(libc_a-memmove.o)
                              CMakeFiles/firmware.dir/interface/console.c.obj (memmove)
/usr/lib/gcc/arm-none-eabi/13.2.0/../../../../arm-none-eabi/lib/thumb/v6-m/nofp/libc.a(libc_a-impure.o)
                              /usr/lib/gcc/arm-none-eabi/13.2.0/../../../../arm-none-eabi/lib/thumb/v6-m/nofp/libc.a(libc_a-calloc.o) (_impure_ptr)
/usr/lib/gcc/arm-none-eabi/13.2.0/../../../../arm-none-eabi/lib/thumb/v6-m/nofp/libc.a(libc_a-sbrkr.o)
                              /usr/lib/gcc/arm-none-eabi/13.2.0/../../../../arm-none-eabi/lib/thumb/v6-m/nofp/libc.a(libc_a-mallocr.o) (_sbrk_r)
/usr/lib/gcc/arm-none-eabi/13.2.0/../../../../arm-none-eabi/lib/thumb/v6-m/nofp/libc.a(libc_a-errno.o)
                              /usr/lib/gcc/arm-none-eabi/13.2.0/../../../../arm-none-eabi/lib/thumb/v6-m/nofp/libc.a(libc_a-callocr.o) (__errno)
/usr/lib/gcc/arm-none-eabi/13.2.0/../../../../arm-none-eabi/lib/thumb/v6-m/nofp/libc.a(libc_a-init.o)
                              /usr/lib/gcc/arm-none-eabi/13.2.0/../../../../arm-none-eabi/lib/thumb/v6-m/nofp/crt0.o (__libc_init_array)
/usr/lib/gcc/arm-none-eabi/13.2.0/../../../../arm-none-eabi/lib/thumb/v6-m/nofp/libc.a(libc_a-fini.o)
                              /usr/lib/gcc/arm-none-eabi/13.2.0/../../../../arm-none-eabi/lib/thumb/v6-m/nofp/crt0.o (__libc_fini_array)
/usr/lib/gcc/arm-none-eabi/13.2.0/../../../../arm-none-eabi/lib/thumb/v6-m/nofp/libc.a(libc_a-lock.o)
                              /usr/lib/gcc/arm-none-eabi/13.2.0/../../../../arm-none-eabi/lib/thumb/v6-m/nofp/libc.a(libc_a-mlock.o) (__retarget_lock_acquire_recursive)
/usr/lib/gcc/arm-none-eabi/13.2.0/../../../../arm-none-eabi/lib/thumb/v6-m/nofp/libc.a(libc_a-sysconf.o)
                              /usr/lib/gcc/arm-none-eabi/13.2.0/../../../../arm-none-eabi/lib/thumb/v6-m/nofp/libc.a(libc_a-mallocr.o) (sysconf)
/usr/lib/gcc/arm-none-eabi/13.2.0/../../../../arm-none-eabi/lib/thumb/v6-m/nofp/libc.a(libc_a-strlen-stub.o)
                              CMakeFiles/firmware.dir/aux/pico/pico-sdk/src/rp2_common/pico_stdio/stdio.c.obj (strlen)
/usr/lib/gcc/arm-none-eabi/13.2.0/../../../../arm-none-eabi/lib/thumb/v6-m/nofp/libc.a(libc_a-__atexit.o)
                              /usr/lib/gcc/arm-none-eabi/13.2.0/../../../../arm-none-eabi/lib/thumb/v6-m/nofp/libc.a(libc_a-atexit.o) (__register_exitproc)
/usr/lib/gcc/arm-none-eabi/13.2.0/../../../../arm-none-eabi/lib/thumb/v6-m/nofp/libc.a(libc_a-__call_atexit.o)
[...]
Memory Configuration

Name             Origin             Length             Attributes
FLASH            0x10000000         0x00200000         xr
RAM              0x20000000         0x00040000         xrw
SCRATCH_X        0x20040000         0x00001000         xrw
SCRATCH_Y        0x20041000         0x00001000         xrw
*default*        0x00000000         0xffffffff

Linker script and memory map

LOAD /usr/lib/gcc/arm-none-eabi/13.2.0/thumb/v6-m/nofp/crti.o
LOAD /usr/lib/gcc/arm-none-eabi/13.2.0/thumb/v6-m/nofp/crtbegin.o
LOAD /usr/lib/gcc/arm-none-eabi/13.2.0/../../../../arm-none-eabi/lib/thumb/v6-m/nofp/crt0.o

.flash_begin    0x10000000        0x0
                0x10000000                        __flash_binary_start = .

.boot2          0x10000000      0x100
                0x10000000                        __boot2_start__ = .
 *(.boot2)
 .boot2         0x10000000      0x100 /tmp/ccqUe2Jx.o
                0x10000100                        __boot2_end__ = .
                0x00000001                        ASSERT (((__boot2_end__ - __boot2_start__) == 0x100), ERROR: Pico second stage bootloader must be 256 bytes in size)

.text           0x10000100     0x9560
                0x10000100                        __logical_binary_start = .
 *(.vectors)
 .vectors       0x10000100       0xd4 CMakeFiles/firmware.dir/aux/pico/pico-sdk/src/rp2_common/pico_standard_link/crt0.S.obj
                0x10000100                __vectors
                0x10000100                __VECTOR_TABLE
                0x100001c0                isr_invalid
                0x100001c0                __default_isrs_start
                0x100001c2                isr_nmi
                0x100001c4                isr_hardfault
                0x100001c6                isr_svcall
                0x100001c8                isr_pendsv
                0x100001ca                isr_systick
                0x100001cc                isr_irq30
                0x100001cc                __unhandled_user_irq
                0x100001cc                isr_irq13
                0x100001cc                isr_irq27
                0x100001cc                isr_irq31
                0x100001cc                isr_irq5
                0x100001cc                isr_irq11
                0x100001cc                isr_irq23
                0x100001cc                isr_irq18
                0x100001cc                isr_irq28
                0x100001cc                isr_irq19
                0x100001cc                isr_irq0
                0x100001cc                isr_irq6
                0x100001cc                isr_irq22
                0x100001cc                isr_irq17
                0x100001cc                isr_irq14
                0x100001cc                isr_irq2
                0x100001cc                isr_irq10
                0x100001cc                isr_irq8
                0x100001cc                isr_irq24
                0x100001cc                isr_irq1
                0x100001cc                isr_irq7
                0x100001cc                isr_irq21
                0x100001cc                isr_irq20
                0x100001cc                isr_irq15
                0x100001cc                isr_irq25
                0x100001cc                isr_irq4
                0x100001cc                isr_irq16
                0x100001cc                isr_irq29
                0x100001cc                isr_irq26
                0x100001cc                __default_isrs_end
                0x100001cc                isr_irq3
                0x100001cc                isr_irq12
                0x100001cc                isr_irq9
                0x100001d2                unhandled_user_irq_num_in_r0
 *(.binary_info_header)
 .binary_info_header
                0x100001d4       0x14 CMakeFiles/firmware.dir/aux/pico/pico-sdk/src/rp2_common/pico_standard_link/crt0.S.obj
                0x100001e8                        __binary_info_header_end = .
 *(.reset)
 .reset         0x100001e8       0xa0 CMakeFiles/firmware.dir/aux/pico/pico-sdk/src/rp2_common/pico_standard_link/crt0.S.obj
                0x100001e8                _entry_point
 .reset         0x10000288       0x30 CMakeFiles/firmware.dir/aux/pico/pico-sdk/src/rp2_common/pico_standard_link/binary_info.c.obj
 *(.init)
 .init          0x100002b8        0x4 /usr/lib/gcc/arm-none-eabi/13.2.0/thumb/v6-m/nofp/crti.o
                0x100002b8                _init
 *(EXCLUDE_FILE(*libm.a: *libc.a:*lib_a-mem*.o *libgcc.a:) .text*)
 .text.frame_dummy
                0x100002bc       0x20 /usr/lib/gcc/arm-none-eabi/13.2.0/thumb/v6-m/nofp/crtbegin.o
 .text.startup.main
                0x100002dc        0xc CMakeFiles/firmware.dir/main.c.obj
                0x100002dc                main
 .text.RNDSetPalette
                0x100002e8       0x20 CMakeFiles/firmware.dir/hardware/dvi_320x240x256.c.obj
                0x100002e8                RNDSetPalette
 .text.DVIStart
                0x10000308      0x1b0 CMakeFiles/firmware.dir/hardware/dvi_320x240x256.c.obj
                0x10000308                DVIStart
 .text.RNDStartMode0
                0x100004b8       0x24 CMakeFiles/firmware.dir/hardware/dvi_320x240x256.c.obj
                0x100004b8                RNDStartMode0
 .text.tuh_hid_mount_cb
                0x100004dc       0x1c CMakeFiles/firmware.dir/hardware/usbdriver.c.obj
                0x100004dc                tuh_hid_mount_cb
 .text.tuh_hid_umount_cb
                0x100004f8        0x4 CMakeFiles/firmware.dir/hardware/usbdriver.c.obj
                0x100004f8                tuh_hid_umount_cb
 .text.tuh_hid_report_received_cb
                0x100004fc       0xe0 CMakeFiles/firmware.dir/hardware/usbdriver.c.obj
                0x100004fc                tuh_hid_report_received_cb
 .text.KBDInitialise
                0x100005dc       0x1c CMakeFiles/firmware.dir/hardware/usbdriver.c.obj
                0x100005dc                KBDInitialise
 .text.KBDSync  0x100005f8       0x14 CMakeFiles/firmware.dir/hardware/usbdriver.c.obj
                0x100005f8                KBDSync
 .text.TMRRead  0x1000060c       0x10 CMakeFiles/firmware.dir/hardware/timer.c.obj
                0x1000060c                TMRRead
 .text.pwm_set_freq_duty.isra.0
                0x1000061c       0xb4 CMakeFiles/firmware.dir/hardware/sound.c.obj
 .text.repeating_timer_callback
                0x100006d0       0x60 CMakeFiles/firmware.dir/hardware/sound.c.obj
                0x100006d0                repeating_timer_callback
 .text.SNDInitialise
                0x10000730       0x64 CMakeFiles/firmware.dir/hardware/sound.c.obj
                0x10000730                SNDInitialise
 .text.wdc65C02cpu_init
                0x10000794       0x88 CMakeFiles/firmware.dir/system/processor_bitbang.c.obj
                0x10000794                wdc65C02cpu_init
 .text.wdc65C02cpu_reset
                0x1000081c       0x1c CMakeFiles/firmware.dir/system/processor_bitbang.c.obj
                0x1000081c                wdc65C02cpu_reset
 .text.wdc65C02cpu_get_address
                0x10000838       0x44 CMakeFiles/firmware.dir/system/processor_bitbang.c.obj
                0x10000838                wdc65C02cpu_get_address
 .text.wdc65C02cpu_get_data
                0x1000087c       0x28 CMakeFiles/firmware.dir/system/processor_bitbang.c.obj
                0x1000087c                wdc65C02cpu_get_data
 .text.CPUExecute
                0x100008a4       0xcc CMakeFiles/firmware.dir/system/processor_bitbang.c.obj
                0x100008a4                CPUExecute
 .text.GFXSetMode
                0x10000970       0x9c CMakeFiles/firmware.dir/interface/graphics.c.obj
                0x10000970                GFXSetMode
 .text.CONDrawCharacter
                0x10000a0c       0xe0 CMakeFiles/firmware.dir/interface/console.c.obj
 .text.CONScrollUp
                0x10000aec       0x78 CMakeFiles/firmware.dir/interface/console.c.obj
                0x10000aec                CONScrollUp
 .text.CONWrite
                0x10000b64      0x10c CMakeFiles/firmware.dir/interface/console.c.obj
                0x10000b64                CONWrite
 .text.CONInitialise
                0x10000c70       0x18 CMakeFiles/firmware.dir/interface/console.c.obj
                0x10000c70                CONInitialise
 .text.KBDEvent
                0x10000c88      0x178 CMakeFiles/firmware.dir/interface/keyboard.c.obj
                0x10000c88                KBDEvent
 .text.KBDCheckTimer
                0x10000e00       0x44 CMakeFiles/firmware.dir/interface/keyboard.c.obj
                0x10000e00                KBDCheckTimer
 .text.KBDIsKeyAvailable
                0x10000e44       0x10 CMakeFiles/firmware.dir/interface/keyboard.c.obj
                0x10000e44                KBDIsKeyAvailable
 .text.KBDGetKey
                0x10000e54       0x28 CMakeFiles/firmware.dir/interface/keyboard.c.obj
                0x10000e54                KBDGetKey
 .text.MEMInitialiseMemory
                0x10000e7c       0x74 CMakeFiles/firmware.dir/interface/memory.c.obj
                0x10000e7c                MEMInitialiseMemory
 .text.DSPSync  0x10000ef0        0x8 CMakeFiles/firmware.dir/interface/dispatch.c.obj
                0x10000ef0                DSPSync
 .text.DSPReset
                0x10000ef8       0x44 CMakeFiles/firmware.dir/interface/dispatch.c.obj
                0x10000ef8                DSPReset
 .text.DSPHandler
                0x10000f3c       0xa4 CMakeFiles/firmware.dir/interface/dispatch.c.obj
                0x10000f3c                DSPHandler
 .text.MATHWrite
                0x10000fe0       0x3c CMakeFiles/firmware.dir/interface/maths.c.obj
 .text.MATHReadFloat
                0x1000101c       0x4c CMakeFiles/firmware.dir/interface/maths.c.obj
                0x1000101c                MATHReadFloat
 .text.MATHReadInt
                0x10001068       0x4c CMakeFiles/firmware.dir/interface/maths.c.obj
                0x10001068                MATHReadInt
 .text.MATHWriteFloat
                0x100010b4       0x2c CMakeFiles/firmware.dir/interface/maths.c.obj
                0x100010b4                MATHWriteFloat
 .text.MATHWriteInt
                0x100010e0       0x24 CMakeFiles/firmware.dir/interface/maths.c.obj
                0x100010e0                MATHWriteInt
 .text.MATHIsFloatUnary
                0x10001104       0x10 CMakeFiles/firmware.dir/interface/maths.c.obj
                0x10001104                MATHIsFloatUnary
 .text.MATHCommon
                0x10001114       0x24 CMakeFiles/firmware.dir/interface/maths.c.obj
                0x10001114                MATHCommon
 .text.MATHProcessDecimal
                0x10001138       0xd0 CMakeFiles/firmware.dir/interface/maths.c.obj
                0x10001138                MATHProcessDecimal
 .text.set_sys_clock_pll
                0x10001208       0x78 CMakeFiles/firmware.dir/aux/pico/pico-sdk/src/rp2_common/pico_stdlib/stdlib.c.obj
                0x10001208                set_sys_clock_pll
 .text.check_sys_clock_khz
                0x10001280       0xc4 CMakeFiles/firmware.dir/aux/pico/pico-sdk/src/rp2_common/pico_stdlib/stdlib.c.obj
                0x10001280                check_sys_clock_khz
 .text.gpio_set_function
                0x10001344       0x30 CMakeFiles/firmware.dir/aux/pico/pico-sdk/src/rp2_common/hardware_gpio/gpio.c.obj
                0x10001344                gpio_set_function
 .text.gpio_set_outover
                0x10001374       0x24 CMakeFiles/firmware.dir/aux/pico/pico-sdk/src/rp2_common/hardware_gpio/gpio.c.obj
                0x10001374                gpio_set_outover
 .text.gpio_init
                0x10001398       0x3c CMakeFiles/firmware.dir/aux/pico/pico-sdk/src/rp2_common/hardware_gpio/gpio.c.obj
                0x10001398                gpio_init
 .text.gpio_init_mask
                0x100013d4       0x74 CMakeFiles/firmware.dir/aux/pico/pico-sdk/src/rp2_common/hardware_gpio/gpio.c.obj
                0x100013d4                gpio_init_mask
 .text.running_on_fpga
                0x10001448       0x10 CMakeFiles/firmware.dir/aux/pico/pico-sdk/src/rp2_common/pico_platform/platform.c.obj
                0x10001448                running_on_fpga
 .text.hw_claim_lock
                0x10001458       0x18 CMakeFiles/firmware.dir/aux/pico/pico-sdk/src/rp2_common/hardware_claim/claim.c.obj
                0x10001458                hw_claim_lock
 .text.hw_claim_unlock
                0x10001470       0x14 CMakeFiles/firmware.dir/aux/pico/pico-sdk/src/rp2_common/hardware_claim/claim.c.obj
                0x10001470                hw_claim_unlock
 .text.hw_claim_or_assert
                0x10001484       0x44 CMakeFiles/firmware.dir/aux/pico/pico-sdk/src/rp2_common/hardware_claim/claim.c.obj
                0x10001484                hw_claim_or_assert
 .text.hw_claim_unused_from_range
                0x100014c8       0x9c CMakeFiles/firmware.dir/aux/pico/pico-sdk/src/rp2_common/hardware_claim/claim.c.obj
                0x100014c8                hw_claim_unused_from_range
 .text.spin_locks_reset
                0x10001564       0x1c CMakeFiles/firmware.dir/aux/pico/pico-sdk/src/rp2_common/hardware_sync/sync.c.obj
                0x10001564                spin_locks_reset
 .text.next_striped_spin_lock_num
                0x10001580       0x18 CMakeFiles/firmware.dir/aux/pico/pico-sdk/src/rp2_common/hardware_sync/sync.c.obj
                0x10001580                next_striped_spin_lock_num
 .text.spin_lock_claim_unused
                0x10001598       0x24 CMakeFiles/firmware.dir/aux/pico/pico-sdk/src/rp2_common/hardware_sync/sync.c.obj
                0x10001598                spin_lock_claim_unused
 .text.irq_set_enabled
                0x100015bc       0x24 CMakeFiles/firmware.dir/aux/pico/pico-sdk/src/rp2_common/hardware_irq/irq.c.obj
                0x100015bc                irq_set_enabled
 .text.irq_is_enabled
                0x100015e0       0x18 CMakeFiles/firmware.dir/aux/pico/pico-sdk/src/rp2_common/hardware_irq/irq.c.obj
                0x100015e0                irq_is_enabled
 .text.irq_get_vtable_handler
                0x100015f8       0x10 CMakeFiles/firmware.dir/aux/pico/pico-sdk/src/rp2_common/hardware_irq/irq.c.obj
                0x100015f8                irq_get_vtable_handler
 .text.irq_set_exclusive_handler
                0x10001608       0x54 CMakeFiles/firmware.dir/aux/pico/pico-sdk/src/rp2_common/hardware_irq/irq.c.obj
                0x10001608                irq_set_exclusive_handler
 .text.irq_add_shared_handler
                0x1000165c      0x1f4 CMakeFiles/firmware.dir/aux/pico/pico-sdk/src/rp2_common/hardware_irq/irq.c.obj
                0x1000165c                irq_add_shared_handler
 .text.irq_remove_handler
                0x10001850      0x1c4 CMakeFiles/firmware.dir/aux/pico/pico-sdk/src/rp2_common/hardware_irq/irq.c.obj
                0x10001850                irq_remove_handler
 .text.irq_add_tail_to_free_list
                0x10001a14       0xa4 CMakeFiles/firmware.dir/aux/pico/pico-sdk/src/rp2_common/hardware_irq/irq.c.obj
                0x10001a14                irq_add_tail_to_free_list
 .text.irq_init_priorities
                0x10001ab8       0x24 CMakeFiles/firmware.dir/aux/pico/pico-sdk/src/rp2_common/hardware_irq/irq.c.obj
                0x10001ab8                irq_init_priorities
 .text.lock_init
                0x10001adc       0x10 CMakeFiles/firmware.dir/aux/pico/pico-sdk/src/common/pico_sync/lock_core.c.obj
                0x10001adc                lock_init
 .text.mutex_init
                0x10001aec       0x1c CMakeFiles/firmware.dir/aux/pico/pico-sdk/src/common/pico_sync/mutex.c.obj
                0x10001aec                mutex_init
 .text.recursive_mutex_init
                0x10001b08       0x1c CMakeFiles/firmware.dir/aux/pico/pico-sdk/src/common/pico_sync/mutex.c.obj
                0x10001b08                recursive_mutex_init
 .text.critical_section_init
                0x10001b24       0x1c CMakeFiles/firmware.dir/aux/pico/pico-sdk/src/common/pico_sync/critical_section.c.obj
                0x10001b24                critical_section_init
 .text.timer_pool_entry_comparator
                0x10001b40       0x34 CMakeFiles/firmware.dir/aux/pico/pico-sdk/src/common/pico_time/time.c.obj
                0x10001b40                timer_pool_entry_comparator
 .text.repeating_timer_callback
                0x10001b74       0x1c CMakeFiles/firmware.dir/aux/pico/pico-sdk/src/common/pico_time/time.c.obj
 .text.sleep_until_callback
                0x10001b90       0x30 CMakeFiles/firmware.dir/aux/pico/pico-sdk/src/common/pico_time/time.c.obj
 .text.alarm_pool_cancel_alarm.part.0
                0x10001bc0       0x68 CMakeFiles/firmware.dir/aux/pico/pico-sdk/src/common/pico_time/time.c.obj
 .text.add_alarm_under_lock
                0x10001c28      0x110 CMakeFiles/firmware.dir/aux/pico/pico-sdk/src/common/pico_time/time.c.obj
 .text.alarm_pool_alarm_callback
                0x10001d38      0x1c0 CMakeFiles/firmware.dir/aux/pico/pico-sdk/src/common/pico_time/time.c.obj
 .text.alarm_pool_init_default
                0x10001ef8       0x6c CMakeFiles/firmware.dir/aux/pico/pico-sdk/src/common/pico_time/time.c.obj
                0x10001ef8                alarm_pool_init_default
 .text.alarm_pool_get_default
                0x10001f64        0x8 CMakeFiles/firmware.dir/aux/pico/pico-sdk/src/common/pico_time/time.c.obj
                0x10001f64                alarm_pool_get_default
 .text.alarm_pool_add_alarm_at
                0x10001f6c       0xf4 CMakeFiles/firmware.dir/aux/pico/pico-sdk/src/common/pico_time/time.c.obj
                0x10001f6c                alarm_pool_add_alarm_at
 .text.alarm_pool_add_repeating_timer_us
                0x10002060       0x80 CMakeFiles/firmware.dir/aux/pico/pico-sdk/src/common/pico_time/time.c.obj
                0x10002060                alarm_pool_add_repeating_timer_us
 .text.sleep_until
                0x100020e0       0xc4 CMakeFiles/firmware.dir/aux/pico/pico-sdk/src/common/pico_time/time.c.obj
                0x100020e0                sleep_until
 .text.sleep_us
                0x100021a4       0x28 CMakeFiles/firmware.dir/aux/pico/pico-sdk/src/common/pico_time/time.c.obj
                0x100021a4                sleep_us
 .text.sleep_ms
                0x100021cc       0x38 CMakeFiles/firmware.dir/aux/pico/pico-sdk/src/common/pico_time/time.c.obj
                0x100021cc                sleep_ms
 .text.best_effort_wfe_or_timeout
                0x10002204       0x60 CMakeFiles/firmware.dir/aux/pico/pico-sdk/src/common/pico_time/time.c.obj
                0x10002204                best_effort_wfe_or_timeout
 .text.hardware_alarm_irq_handler
                0x10002264       0xbc CMakeFiles/firmware.dir/aux/pico/pico-sdk/src/rp2_common/hardware_timer/timer.c.obj
 .text.hardware_alarm_claim
                0x10002320       0x18 CMakeFiles/firmware.dir/aux/pico/pico-sdk/src/rp2_common/hardware_timer/timer.c.obj
                0x10002320                hardware_alarm_claim
 .text.time_us_64
                0x10002338       0x14 CMakeFiles/firmware.dir/aux/pico/pico-sdk/src/rp2_common/hardware_timer/timer.c.obj
                0x10002338                time_us_64
 .text.busy_wait_us
                0x1000234c       0x68 CMakeFiles/firmware.dir/aux/pico/pico-sdk/src/rp2_common/hardware_timer/timer.c.obj
                0x1000234c                busy_wait_us
 .text.busy_wait_until
                0x100023b4       0x20 CMakeFiles/firmware.dir/aux/pico/pico-sdk/src/rp2_common/hardware_timer/timer.c.obj
                0x100023b4                busy_wait_until
 .text.hardware_alarm_set_callback
                0x100023d4       0x8c CMakeFiles/firmware.dir/aux/pico/pico-sdk/src/rp2_common/hardware_timer/timer.c.obj
                0x100023d4                hardware_alarm_set_callback
 .text.hardware_alarm_set_target
                0x10002460       0xd0 CMakeFiles/firmware.dir/aux/pico/pico-sdk/src/rp2_common/hardware_timer/timer.c.obj
                0x10002460                hardware_alarm_set_target
 .text.hardware_alarm_cancel
                0x10002530       0x3c CMakeFiles/firmware.dir/aux/pico/pico-sdk/src/rp2_common/hardware_timer/timer.c.obj
                0x10002530                hardware_alarm_cancel
 .text.ph_merge_nodes
                0x1000256c       0x58 CMakeFiles/firmware.dir/aux/pico/pico-sdk/src/common/pico_util/pheap.c.obj
 .text.ph_post_alloc_init
                0x100025c4       0x3c CMakeFiles/firmware.dir/aux/pico/pico-sdk/src/common/pico_util/pheap.c.obj
                0x100025c4                ph_post_alloc_init
 .text.ph_merge_two_pass
                0x10002600       0x48 CMakeFiles/firmware.dir/aux/pico/pico-sdk/src/common/pico_util/pheap.c.obj
                0x10002600                ph_merge_two_pass
 .text.ph_remove_any_head
                0x10002648       0x54 CMakeFiles/firmware.dir/aux/pico/pico-sdk/src/common/pico_util/pheap.c.obj
 .text.ph_remove_head
                0x1000269c       0x58 CMakeFiles/firmware.dir/aux/pico/pico-sdk/src/common/pico_util/pheap.c.obj
                0x1000269c                ph_remove_head
 .text.ph_remove_and_free_node
                0x100026f4       0x78 CMakeFiles/firmware.dir/aux/pico/pico-sdk/src/common/pico_util/pheap.c.obj
                0x100026f4                ph_remove_and_free_node
 .text.queue_init_with_spinlock
                0x1000276c       0x24 CMakeFiles/firmware.dir/aux/pico/pico-sdk/src/common/pico_util/queue.c.obj
                0x1000276c                queue_init_with_spinlock
 .text.uart_write_lcr_bits_masked
                0x10002790       0x70 CMakeFiles/firmware.dir/aux/pico/pico-sdk/src/rp2_common/hardware_uart/uart.c.obj
 .text.uart_set_baudrate
                0x10002800       0x68 CMakeFiles/firmware.dir/aux/pico/pico-sdk/src/rp2_common/hardware_uart/uart.c.obj
                0x10002800                uart_set_baudrate
 .text.uart_init
                0x10002868       0x90 CMakeFiles/firmware.dir/aux/pico/pico-sdk/src/rp2_common/hardware_uart/uart.c.obj
                0x10002868                uart_init
 .text.clock_configure.part.0
                0x100028f8      0x10c CMakeFiles/firmware.dir/aux/pico/pico-sdk/src/rp2_common/hardware_clocks/clocks.c.obj
 .text.clock_configure
                0x10002a04       0x18 CMakeFiles/firmware.dir/aux/pico/pico-sdk/src/rp2_common/hardware_clocks/clocks.c.obj
                0x10002a04                clock_configure
 .text.clocks_init
                0x10002a1c       0xf8 CMakeFiles/firmware.dir/aux/pico/pico-sdk/src/rp2_common/hardware_clocks/clocks.c.obj
                0x10002a1c                clocks_init
 .text.clock_get_hz
                0x10002b14        0xc CMakeFiles/firmware.dir/aux/pico/pico-sdk/src/rp2_common/hardware_clocks/clocks.c.obj
                0x10002b14                clock_get_hz
 .text.pll_init
                0x10002b20       0xa4 CMakeFiles/firmware.dir/aux/pico/pico-sdk/src/rp2_common/hardware_pll/pll.c.obj
                0x10002b20                pll_init
 .text.vreg_set_voltage
                0x10002bc4       0x1c CMakeFiles/firmware.dir/aux/pico/pico-sdk/src/rp2_common/hardware_vreg/vreg.c.obj
                0x10002bc4                vreg_set_voltage
 .text.watchdog_start_tick
                0x10002be0       0x10 CMakeFiles/firmware.dir/aux/pico/pico-sdk/src/rp2_common/hardware_watchdog/watchdog.c.obj
                0x10002be0                watchdog_start_tick
 .text.xosc_init
                0x10002bf0       0x28 CMakeFiles/firmware.dir/aux/pico/pico-sdk/src/rp2_common/hardware_xosc/xosc.c.obj
                0x10002bf0                xosc_init
 .text.runtime_init
                0x10002c18       0xec CMakeFiles/firmware.dir/aux/pico/pico-sdk/src/rp2_common/pico_runtime/runtime.c.obj
                0x10002c18                runtime_init
 .text._exit    0x10002d04        0x4 CMakeFiles/firmware.dir/aux/pico/pico-sdk/src/rp2_common/pico_runtime/runtime.c.obj
                0x10002d04                _exit
 .text._sbrk    0x10002d08       0x34 CMakeFiles/firmware.dir/aux/pico/pico-sdk/src/rp2_common/pico_runtime/runtime.c.obj
                0x10002d08                _sbrk
 .text.exit     0x10002d3c        0x8 CMakeFiles/firmware.dir/aux/pico/pico-sdk/src/rp2_common/pico_runtime/runtime.c.obj
                0x10002d3c                exit
 .text.panic    0x10002d44       0x30 CMakeFiles/firmware.dir/aux/pico/pico-sdk/src/rp2_common/pico_runtime/runtime.c.obj
                0x10002d44                panic
 .text.hard_assertion_failure
                0x10002d74        0xc CMakeFiles/firmware.dir/aux/pico/pico-sdk/src/rp2_common/pico_runtime/runtime.c.obj
                0x10002d74                hard_assertion_failure
 .text._out_null
                0x10002d80        0x4 CMakeFiles/firmware.dir/aux/pico/pico-sdk/src/rp2_common/pico_printf/printf.c.obj
 .text._out_rev
                0x10002d84       0xb0 CMakeFiles/firmware.dir/aux/pico/pico-sdk/src/rp2_common/pico_printf/printf.c.obj
 .text._ntoa_format
                0x10002e34      0x25c CMakeFiles/firmware.dir/aux/pico/pico-sdk/src/rp2_common/pico_printf/printf.c.obj
 .text._ntoa_long
                0x10003090       0xb8 CMakeFiles/firmware.dir/aux/pico/pico-sdk/src/rp2_common/pico_printf/printf.c.obj
 .text._ntoa_long_long
                0x10003148       0xd4 CMakeFiles/firmware.dir/aux/pico/pico-sdk/src/rp2_common/pico_printf/printf.c.obj
 .text._etoa    0x1000321c      0x410 CMakeFiles/firmware.dir/aux/pico/pico-sdk/src/rp2_common/pico_printf/printf.c.obj
 .text._ftoa    0x1000362c      0x3c0 CMakeFiles/firmware.dir/aux/pico/pico-sdk/src/rp2_common/pico_printf/printf.c.obj
 .text._out_char
                0x100039ec       0x10 CMakeFiles/firmware.dir/aux/pico/pico-sdk/src/rp2_common/pico_printf/printf.c.obj
 .text._out_fct
                0x100039fc       0x10 CMakeFiles/firmware.dir/aux/pico/pico-sdk/src/rp2_common/pico_printf/printf.c.obj
 .text._vsnprintf
                0x10003a0c      0x700 CMakeFiles/firmware.dir/aux/pico/pico-sdk/src/rp2_common/pico_printf/printf.c.obj
 .text.vfctprintf
                0x1000410c       0x20 CMakeFiles/firmware.dir/aux/pico/pico-sdk/src/rp2_common/pico_printf/printf.c.obj
                0x1000410c                vfctprintf
 .text.weak_raw_vprintf
                0x1000412c       0x30 CMakeFiles/firmware.dir/aux/pico/pico-sdk/src/rp2_common/pico_printf/printf.c.obj
                0x1000412c                weak_raw_vprintf
 .text          0x1000415c       0x10 CMakeFiles/firmware.dir/aux/pico/pico-sdk/src/rp2_common/pico_bit_ops/bit_ops_aeabi.S.obj
 .text.ctzsi    0x1000416c        0xc CMakeFiles/firmware.dir/aux/pico/pico-sdk/src/rp2_common/pico_bit_ops/bit_ops_aeabi.S.obj
                0x1000416c                __wrap___ctzsi2
 .text.rom_func_lookup
                0x10004178       0x10 CMakeFiles/firmware.dir/aux/pico/pico-sdk/src/rp2_common/pico_bootrom/bootrom.c.obj
                0x10004178                rom_func_lookup
 .text.rom_data_lookup
                0x10004188       0x10 CMakeFiles/firmware.dir/aux/pico/pico-sdk/src/rp2_common/pico_bootrom/bootrom.c.obj
                0x10004188                rom_data_lookup
 .text.rom_funcs_lookup
                0x10004198       0x44 CMakeFiles/firmware.dir/aux/pico/pico-sdk/src/rp2_common/pico_bootrom/bootrom.c.obj
                0x10004198                rom_funcs_lookup
 .text.__wrap___aeabi_idiv
                0x100041dc       0x50 CMakeFiles/firmware.dir/aux/pico/pico-sdk/src/rp2_common/pico_divider/divider.S.obj
                0x100041dc                __wrap___aeabi_idivmod
                0x100041dc                divmod_s32s32
                0x100041dc                div_s32s32
                0x100041dc                __wrap___aeabi_idiv
                0x100041e4                divmod_s32s32_unsafe
                0x10004210                divmod_s32s32_savestate
 .text.__wrap___aeabi_uidiv
                0x1000422c       0x4c CMakeFiles/firmware.dir/aux/pico/pico-sdk/src/rp2_common/pico_divider/divider.S.obj
                0x1000422c                __wrap___aeabi_uidiv
                0x1000422c                __wrap___aeabi_uidivmod
                0x1000422c                div_u32u32
                0x1000422c                divmod_u32u32
                0x10004234                divmod_u32u32_unsafe
                0x1000425c                divmod_u32u32_savestate
 .text.__wrap___aeabi_ldiv
                0x10004278      0x424 CMakeFiles/firmware.dir/aux/pico/pico-sdk/src/rp2_common/pico_divider/divider.S.obj
                0x10004278                div_s64s64
                0x10004278                divmod_s64s64
                0x10004278                __wrap___aeabi_ldivmod
                0x100042a8                div_u64u64
                0x100042a8                divmod_u64u64
                0x100042a8                __wrap___aeabi_uldivmod
                0x100042b8                divmod_u64u64_savestate
                0x100042d8                divmod_s64s64_unsafe
                0x10004360                divmod_u64u64_unsafe
 .text.__wrap___aeabi_darithmetic
                0x1000469c       0x80 CMakeFiles/firmware.dir/aux/pico/pico-sdk/src/rp2_common/pico_double/double_aeabi.S.obj
                0x1000469c                __wrap___aeabi_drsub
                0x100046a2                __wrap___aeabi_dsub
                0x100046b4                __wrap___aeabi_dadd
                0x100046c6                __wrap___aeabi_ddiv
                0x10004702                __wrap___aeabi_dmul
 .text.__wrap___aeabi_cdcmple
                0x1000471c       0x6c CMakeFiles/firmware.dir/aux/pico/pico-sdk/src/rp2_common/pico_double/double_aeabi.S.obj
                0x1000471c                __wrap___aeabi_cdrcmple
                0x1000472c                __wrap___aeabi_cdcmple
                0x1000472c                __wrap___aeabi_cdcmpeq
 .text.__wrap___aeabi_dcmplt
                0x10004788        0xc CMakeFiles/firmware.dir/aux/pico/pico-sdk/src/rp2_common/pico_double/double_aeabi.S.obj
                0x10004788                __wrap___aeabi_dcmplt
 .text.__wrap___aeabi_dcmpge
                0x10004794       0x10 CMakeFiles/firmware.dir/aux/pico/pico-sdk/src/rp2_common/pico_double/double_aeabi.S.obj
                0x10004794                __wrap___aeabi_dcmpge
 .text.__wrap___aeabi_dcmpgt
                0x100047a4        0xa CMakeFiles/firmware.dir/aux/pico/pico-sdk/src/rp2_common/pico_double/double_aeabi.S.obj
                0x100047a4                __wrap___aeabi_dcmpgt
 .text.__wrap___aeabi_dcmpun
                0x100047ae       0x1c CMakeFiles/firmware.dir/aux/pico/pico-sdk/src/rp2_common/pico_double/double_aeabi.S.obj
                0x100047ae                __wrap___aeabi_dcmpun
 *fill*         0x100047ca        0x2 
 .text.__wrap___aeabi_i2d
                0x100047cc       0x38 CMakeFiles/firmware.dir/aux/pico/pico-sdk/src/rp2_common/pico_double/double_aeabi.S.obj
                0x100047cc                __wrap___aeabi_ui2d
                0x100047d4                __wrap___aeabi_i2d
 .text.__wrap___aeabi_d2iz
                0x10004804       0x48 CMakeFiles/firmware.dir/aux/pico/pico-sdk/src/rp2_common/pico_double/double_aeabi.S.obj
                0x10004804                __wrap___aeabi_d2iz
                0x10004804                double2int_z
 .text.__wrap___aeabi_d2uiz
                0x1000484c       0x18 CMakeFiles/firmware.dir/aux/pico/pico-sdk/src/rp2_common/pico_double/double_aeabi.S.obj
                0x1000484c                double2uint
                0x1000484c                __wrap___aeabi_d2uiz
 .text.__aeabi_double_init
                0x10004864       0x64 CMakeFiles/firmware.dir/aux/pico/pico-sdk/src/rp2_common/pico_double/double_init_rom.c.obj
                0x10004864                __aeabi_double_init
 .text.double_table_shim_on_use_helper
                0x100048c8       0x2c CMakeFiles/firmware.dir/aux/pico/pico-sdk/src/rp2_common/pico_double/double_v1_rom_shim.S.obj
                0x100048c8                double_table_shim_on_use_helper
 .text.__wrap___aeabi_dsub
                0x100048f4       0x10 CMakeFiles/firmware.dir/aux/pico/pico-sdk/src/rp2_common/pico_double/double_v1_rom_shim.S.obj
                0x100048f4                drsub_shim
                0x100048fa                dsub_shim
 .text.dadd_shim
                0x10004904      0x15c CMakeFiles/firmware.dir/aux/pico/pico-sdk/src/rp2_common/pico_double/double_v1_rom_shim.S.obj
                0x10004904                dadd_shim
 .text.dmul_shim
                0x10004a60      0x15c CMakeFiles/firmware.dir/aux/pico/pico-sdk/src/rp2_common/pico_double/double_v1_rom_shim.S.obj
                0x10004a60                dmul_shim
 .text.ddiv_shim
                0x10004bbc      0x1b0 CMakeFiles/firmware.dir/aux/pico/pico-sdk/src/rp2_common/pico_double/double_v1_rom_shim.S.obj
                0x10004bbc                ddiv_shim
 .text.double2uint_shim
                0x10004d6c        0xe CMakeFiles/firmware.dir/aux/pico/pico-sdk/src/rp2_common/pico_double/double_v1_rom_shim.S.obj
                0x10004d6c                double2uint_shim
                0x10004d6e                double2ufix_shim
 *fill*         0x10004d7a        0x2 
 .text.double2uint64_shim
                0x10004d7c       0x70 CMakeFiles/firmware.dir/aux/pico/pico-sdk/src/rp2_common/pico_double/double_v1_rom_shim.S.obj
                0x10004d7c                double2uint64_shim
                0x10004d7e                double2ufix64_shim
                0x10004d9e                d2fix_a
 .text.dunpacks
                0x10004dec       0x3c CMakeFiles/firmware.dir/aux/pico/pico-sdk/src/rp2_common/pico_double/double_v1_rom_shim.S.obj
                0x10004dec                dunpacks
 .text.__aeabi_lmul
                0x10004e28       0x32 CMakeFiles/firmware.dir/aux/pico/pico-sdk/src/rp2_common/pico_int64_ops/pico_int64_ops_aeabi.S.obj
                0x10004e28                __wrap___aeabi_lmul
 *fill*         0x10004e5a        0x2 
 .text.__wrap___aeabi_farithmetic
                0x10004e5c       0x48 CMakeFiles/firmware.dir/aux/pico/pico-sdk/src/rp2_common/pico_float/float_aeabi.S.obj
                0x10004e5c                __wrap___aeabi_frsub
                0x10004e62                __wrap___aeabi_fsub
                0x10004e68                __wrap___aeabi_fadd
                0x10004e6e                __wrap___aeabi_fdiv
                0x10004e96                __wrap___aeabi_fmul
 .text.__wrap___aeabi_ui2f
                0x10004ea4        0xa CMakeFiles/firmware.dir/aux/pico/pico-sdk/src/rp2_common/pico_float/float_aeabi.S.obj
                0x10004ea4                __wrap___aeabi_ui2f
 *fill*         0x10004eae        0x2 
 .text.__wrap___aeabi_i2f
                0x10004eb0       0x44 CMakeFiles/firmware.dir/aux/pico/pico-sdk/src/rp2_common/pico_float/float_aeabi.S.obj
                0x10004eb0                __wrap___aeabi_i2f
 .text.__wrap___aeabi_f2uiz
                0x10004ef4        0xc CMakeFiles/firmware.dir/aux/pico/pico-sdk/src/rp2_common/pico_float/float_aeabi.S.obj
                0x10004ef4                __wrap___aeabi_f2uiz
 .text.__wrap___aeabi_f2d
                0x10004f00       0x14 CMakeFiles/firmware.dir/aux/pico/pico-sdk/src/rp2_common/pico_float/float_aeabi.S.obj
                0x10004f00                __wrap___aeabi_f2d
 .text.__aeabi_float_init
                0x10004f14       0x5c CMakeFiles/firmware.dir/aux/pico/pico-sdk/src/rp2_common/pico_float/float_init_rom.c.obj
                0x10004f14                __aeabi_float_init
 .text.float_table_shim_on_use_helper
                0x10004f70       0x2c CMakeFiles/firmware.dir/aux/pico/pico-sdk/src/rp2_common/pico_float/float_v1_rom_shim.S.obj
                0x10004f70                float_table_shim_on_use_helper
 .text.float2double_shim
                0x10004f9c       0x30 CMakeFiles/firmware.dir/aux/pico/pico-sdk/src/rp2_common/pico_float/float_v1_rom_shim.S.obj
                0x10004f9c                float2double_shim
 .text.__wrap_malloc
                0x10004fcc       0x3c CMakeFiles/firmware.dir/aux/pico/pico-sdk/src/rp2_common/pico_malloc/pico_malloc.c.obj
                0x10004fcc                __wrap_malloc
 .text.__wrap_calloc
                0x10005008       0x40 CMakeFiles/firmware.dir/aux/pico/pico-sdk/src/rp2_common/pico_malloc/pico_malloc.c.obj
                0x10005008                __wrap_calloc
 .text          0x10005048       0x10 CMakeFiles/firmware.dir/aux/pico/pico-sdk/src/rp2_common/pico_mem_ops/mem_ops_aeabi.S.obj
                0x10005048                __aeabi_mem_init
 .text.memset   0x10005058        0xc CMakeFiles/firmware.dir/aux/pico/pico-sdk/src/rp2_common/pico_mem_ops/mem_ops_aeabi.S.obj
                0x10005058                __wrap_memset
 .text.memcpy   0x10005064        0xc CMakeFiles/firmware.dir/aux/pico/pico-sdk/src/rp2_common/pico_mem_ops/mem_ops_aeabi.S.obj
                0x10005064                __wrap___aeabi_memcpy
                0x10005064                __wrap_memcpy
 .text.stdio_out_chars_no_crlf
                0x10005070       0x10 CMakeFiles/firmware.dir/aux/pico/pico-sdk/src/rp2_common/pico_stdio/stdio.c.obj
 .text.stdio_out_chars_crlf
                0x10005080       0x94 CMakeFiles/firmware.dir/aux/pico/pico-sdk/src/rp2_common/pico_stdio/stdio.c.obj
 .text.stdio_stack_buffer_flush.part.0
                0x10005114       0x48 CMakeFiles/firmware.dir/aux/pico/pico-sdk/src/rp2_common/pico_stdio/stdio.c.obj
 .text.stdio_buffered_printer
                0x1000515c       0x20 CMakeFiles/firmware.dir/aux/pico/pico-sdk/src/rp2_common/pico_stdio/stdio.c.obj
 .text.stdio_put_string.isra.0
                0x1000517c       0xd4 CMakeFiles/firmware.dir/aux/pico/pico-sdk/src/rp2_common/pico_stdio/stdio.c.obj
 .text.__wrap_putchar
                0x10005250       0x1c CMakeFiles/firmware.dir/aux/pico/pico-sdk/src/rp2_common/pico_stdio/stdio.c.obj
                0x10005250                __wrap_putchar
 .text.__wrap_puts
                0x1000526c       0x34 CMakeFiles/firmware.dir/aux/pico/pico-sdk/src/rp2_common/pico_stdio/stdio.c.obj
                0x1000526c                __wrap_puts
 .text.stdio_set_driver_enabled
                0x100052a0       0x30 CMakeFiles/firmware.dir/aux/pico/pico-sdk/src/rp2_common/pico_stdio/stdio.c.obj
                0x100052a0                stdio_set_driver_enabled
 .text.__wrap_vprintf
                0x100052d0       0x88 CMakeFiles/firmware.dir/aux/pico/pico-sdk/src/rp2_common/pico_stdio/stdio.c.obj
                0x100052d0                __wrap_vprintf
 .text.__wrap_printf
                0x10005358       0x18 CMakeFiles/firmware.dir/aux/pico/pico-sdk/src/rp2_common/pico_stdio/stdio.c.obj
                0x10005358                __wrap_printf
 .text.stdio_uart_out_chars
                0x10005370       0x4c CMakeFiles/firmware.dir/aux/pico/pico-sdk/src/rp2_common/pico_stdio_uart/stdio_uart.c.obj
 .text.stdio_uart_in_chars
                0x100053bc       0x90 CMakeFiles/firmware.dir/aux/pico/pico-sdk/src/rp2_common/pico_stdio_uart/stdio_uart.c.obj
                0x100053bc                stdio_uart_in_chars
 .text.on_uart_rx
                0x1000544c       0x28 CMakeFiles/firmware.dir/aux/pico/pico-sdk/src/rp2_common/pico_stdio_uart/stdio_uart.c.obj
 .text.stdio_uart_set_chars_available_callback
                0x10005474       0x8c CMakeFiles/firmware.dir/aux/pico/pico-sdk/src/rp2_common/pico_stdio_uart/stdio_uart.c.obj
 .text.stdio_uart_init_full
                0x10005500       0x3c CMakeFiles/firmware.dir/aux/pico/pico-sdk/src/rp2_common/pico_stdio_uart/stdio_uart.c.obj
                0x10005500                stdio_uart_init_full
 .text.core1_trampoline
                0x1000553c        0x4 CMakeFiles/firmware.dir/aux/pico/pico-sdk/src/rp2_common/pico_multicore/multicore.c.obj
 .text.core1_wrapper
                0x10005540        0xc CMakeFiles/firmware.dir/aux/pico/pico-sdk/src/rp2_common/pico_multicore/multicore.c.obj
                0x10005540                core1_wrapper
 .text.multicore_launch_core1_raw
                0x1000554c       0x84 CMakeFiles/firmware.dir/aux/pico/pico-sdk/src/rp2_common/pico_multicore/multicore.c.obj
                0x1000554c                multicore_launch_core1_raw
 .text.multicore_launch_core1
                0x100055d0       0x58 CMakeFiles/firmware.dir/aux/pico/pico-sdk/src/rp2_common/pico_multicore/multicore.c.obj
                0x100055d0                multicore_launch_core1
 .text.dvi_init
                0x10005628      0x1a0 CMakeFiles/firmware.dir/__/libraries/PicoDVI/software/libdvi/dvi.c.obj
                0x10005628                dvi_init
 .text.dvi_register_irqs_this_core
                0x100057c8       0xa4 CMakeFiles/firmware.dir/__/libraries/PicoDVI/software/libdvi/dvi.c.obj
                0x100057c8                dvi_register_irqs_this_core
 .text.dvi_start
                0x1000586c       0xdc CMakeFiles/firmware.dir/__/libraries/PicoDVI/software/libdvi/dvi.c.obj
                0x1000586c                dvi_start
 .text.dvi_serialiser_init
                0x10005948      0x18c CMakeFiles/firmware.dir/__/libraries/PicoDVI/software/libdvi/dvi_serialiser.c.obj
                0x10005948                dvi_serialiser_init
 .text.dvi_serialiser_enable
                0x10005ad4       0x60 CMakeFiles/firmware.dir/__/libraries/PicoDVI/software/libdvi/dvi_serialiser.c.obj
                0x10005ad4                dvi_serialiser_enable
 .text.dvi_timing_state_init
                0x10005b34        0x8 CMakeFiles/firmware.dir/__/libraries/PicoDVI/software/libdvi/dvi_timing.c.obj
                0x10005b34                dvi_timing_state_init
 .text.dvi_setup_scanline_for_vblank
                0x10005b3c      0x11c CMakeFiles/firmware.dir/__/libraries/PicoDVI/software/libdvi/dvi_timing.c.obj
                0x10005b3c                dvi_setup_scanline_for_vblank
 .text.dvi_setup_scanline_for_active
                0x10005c58      0x1b4 CMakeFiles/firmware.dir/__/libraries/PicoDVI/software/libdvi/dvi_timing.c.obj
                0x10005c58                dvi_setup_scanline_for_active
 .text.dma_claim_unused_channel
                0x10005e0c       0x24 CMakeFiles/firmware.dir/aux/pico/pico-sdk/src/rp2_common/hardware_dma/dma.c.obj
                0x10005e0c                dma_claim_unused_channel
 .text.interp_save
                0x10005e30       0x20 CMakeFiles/firmware.dir/aux/pico/pico-sdk/src/rp2_common/hardware_interp/interp.c.obj
                0x10005e30                interp_save
 .text.interp_restore
                0x10005e50       0x20 CMakeFiles/firmware.dir/aux/pico/pico-sdk/src/rp2_common/hardware_interp/interp.c.obj
                0x10005e50                interp_restore
 .text._pio_add_program_at_offset
                0x10005e70       0xa0 CMakeFiles/firmware.dir/aux/pico/pico-sdk/src/rp2_common/hardware_pio/pio.c.obj
 .text._pio_find_offset_for_program.isra.0
                0x10005f10       0x50 CMakeFiles/firmware.dir/aux/pico/pico-sdk/src/rp2_common/hardware_pio/pio.c.obj
 .text.pio_sm_claim
                0x10005f60       0x30 CMakeFiles/firmware.dir/aux/pico/pico-sdk/src/rp2_common/hardware_pio/pio.c.obj
                0x10005f60                pio_sm_claim
 .text.pio_add_program
                0x10005f90       0x3c CMakeFiles/firmware.dir/aux/pico/pico-sdk/src/rp2_common/hardware_pio/pio.c.obj
                0x10005f90                pio_add_program
 .text.pio_sm_set_pins_with_mask
                0x10005fcc       0xa8 CMakeFiles/firmware.dir/aux/pico/pico-sdk/src/rp2_common/hardware_pio/pio.c.obj
                0x10005fcc                pio_sm_set_pins_with_mask
 .text.pio_sm_set_pindirs_with_mask
                0x10006074       0xa8 CMakeFiles/firmware.dir/aux/pico/pico-sdk/src/rp2_common/hardware_pio/pio.c.obj
                0x10006074                pio_sm_set_pindirs_with_mask
 .text.pio_sm_init
                0x1000611c       0x98 CMakeFiles/firmware.dir/aux/pico/pico-sdk/src/rp2_common/hardware_pio/pio.c.obj
                0x1000611c                pio_sm_init
 .text._hw_endpoint_init
                0x100061b4       0xb0 CMakeFiles/firmware.dir/aux/pico/pico-sdk/lib/tinyusb/src/portable/raspberrypi/rp2040/hcd_rp2040.c.obj
 .text.hcd_rp2040_irq
                0x10006264      0x260 CMakeFiles/firmware.dir/aux/pico/pico-sdk/lib/tinyusb/src/portable/raspberrypi/rp2040/hcd_rp2040.c.obj
 .text.hcd_init
                0x100064c4       0x54 CMakeFiles/firmware.dir/aux/pico/pico-sdk/lib/tinyusb/src/portable/raspberrypi/rp2040/hcd_rp2040.c.obj
                0x100064c4                hcd_init
 .text.hcd_port_reset
                0x10006518        0x4 CMakeFiles/firmware.dir/aux/pico/pico-sdk/lib/tinyusb/src/portable/raspberrypi/rp2040/hcd_rp2040.c.obj
                0x10006518                hcd_port_reset
 .text.hcd_port_reset_end
                0x1000651c        0x4 CMakeFiles/firmware.dir/aux/pico/pico-sdk/lib/tinyusb/src/portable/raspberrypi/rp2040/hcd_rp2040.c.obj
                0x1000651c                hcd_port_reset_end
 .text.hcd_port_connect_status
                0x10006520       0x18 CMakeFiles/firmware.dir/aux/pico/pico-sdk/lib/tinyusb/src/portable/raspberrypi/rp2040/hcd_rp2040.c.obj
                0x10006520                hcd_port_connect_status
 .text.hcd_port_speed_get
                0x10006538       0x24 CMakeFiles/firmware.dir/aux/pico/pico-sdk/lib/tinyusb/src/portable/raspberrypi/rp2040/hcd_rp2040.c.obj
                0x10006538                hcd_port_speed_get
 .text.hcd_device_close
                0x1000655c       0x78 CMakeFiles/firmware.dir/aux/pico/pico-sdk/lib/tinyusb/src/portable/raspberrypi/rp2040/hcd_rp2040.c.obj
                0x1000655c                hcd_device_close
 .text.hcd_int_enable
                0x100065d4        0xc CMakeFiles/firmware.dir/aux/pico/pico-sdk/lib/tinyusb/src/portable/raspberrypi/rp2040/hcd_rp2040.c.obj
                0x100065d4                hcd_int_enable
 .text.hcd_edpt_open
                0x100065e0       0xa4 CMakeFiles/firmware.dir/aux/pico/pico-sdk/lib/tinyusb/src/portable/raspberrypi/rp2040/hcd_rp2040.c.obj
                0x100065e0                hcd_edpt_open
 .text.hcd_edpt_xfer
                0x10006684       0xf8 CMakeFiles/firmware.dir/aux/pico/pico-sdk/lib/tinyusb/src/portable/raspberrypi/rp2040/hcd_rp2040.c.obj
                0x10006684                hcd_edpt_xfer
 .text.hcd_setup_send
                0x1000677c       0x98 CMakeFiles/firmware.dir/aux/pico/pico-sdk/lib/tinyusb/src/portable/raspberrypi/rp2040/hcd_rp2040.c.obj
                0x1000677c                hcd_setup_send
 .text.prepare_ep_buffer
                0x10006814       0x6c CMakeFiles/firmware.dir/aux/pico/pico-sdk/lib/tinyusb/src/portable/raspberrypi/rp2040/rp2040_usb.c.obj
 .text._hw_endpoint_buffer_control_update32.part.0.isra.0
                0x10006880       0x1c CMakeFiles/firmware.dir/aux/pico/pico-sdk/lib/tinyusb/src/portable/raspberrypi/rp2040/rp2040_usb.c.obj
 .text.rp2040_usb_init
                0x1000689c       0x4c CMakeFiles/firmware.dir/aux/pico/pico-sdk/lib/tinyusb/src/portable/raspberrypi/rp2040/rp2040_usb.c.obj
                0x1000689c                rp2040_usb_init
 .text.hw_endpoint_reset_transfer
                0x100068e8        0xc CMakeFiles/firmware.dir/aux/pico/pico-sdk/lib/tinyusb/src/portable/raspberrypi/rp2040/rp2040_usb.c.obj
                0x100068e8                hw_endpoint_reset_transfer
 .text.hw_endpoint_start_next_buffer
                0x100068f4       0x84 CMakeFiles/firmware.dir/aux/pico/pico-sdk/lib/tinyusb/src/portable/raspberrypi/rp2040/rp2040_usb.c.obj
                0x100068f4                hw_endpoint_start_next_buffer
 .text.hw_endpoint_xfer_start
                0x10006978       0x14 CMakeFiles/firmware.dir/aux/pico/pico-sdk/lib/tinyusb/src/portable/raspberrypi/rp2040/rp2040_usb.c.obj
                0x10006978                hw_endpoint_xfer_start
 .text.hw_endpoint_xfer_continue
                0x1000698c       0xbc CMakeFiles/firmware.dir/aux/pico/pico-sdk/lib/tinyusb/src/portable/raspberrypi/rp2040/rp2040_usb.c.obj
                0x1000698c                hw_endpoint_xfer_continue
 .text._control_blocking_complete_cb
                0x10006a48        0x8 CMakeFiles/firmware.dir/aux/pico/pico-sdk/lib/tinyusb/src/host/usbh.c.obj
 .text._xfer_complete
                0x10006a50       0x64 CMakeFiles/firmware.dir/aux/pico/pico-sdk/lib/tinyusb/src/host/usbh.c.obj
 .text.process_device_unplugged
                0x10006ab4       0xf8 CMakeFiles/firmware.dir/aux/pico/pico-sdk/lib/tinyusb/src/host/usbh.c.obj
 .text.usbh_control_xfer_cb.isra.0
                0x10006bac       0xb4 CMakeFiles/firmware.dir/aux/pico/pico-sdk/lib/tinyusb/src/host/usbh.c.obj
 .text.tuh_speed_get
                0x10006c60       0x24 CMakeFiles/firmware.dir/aux/pico/pico-sdk/lib/tinyusb/src/host/usbh.c.obj
                0x10006c60                tuh_speed_get
 .text.tuh_inited
                0x10006c84       0x14 CMakeFiles/firmware.dir/aux/pico/pico-sdk/lib/tinyusb/src/host/usbh.c.obj
                0x10006c84                tuh_inited
 .text.tuh_init
                0x10006c98       0xc4 CMakeFiles/firmware.dir/aux/pico/pico-sdk/lib/tinyusb/src/host/usbh.c.obj
                0x10006c98                tuh_init
 .text.tuh_control_xfer
                0x10006d5c       0xec CMakeFiles/firmware.dir/aux/pico/pico-sdk/lib/tinyusb/src/host/usbh.c.obj
                0x10006d5c                tuh_control_xfer
 .text.process_enumeration.part.0
                0x10006e48      0x42c CMakeFiles/firmware.dir/aux/pico/pico-sdk/lib/tinyusb/src/host/usbh.c.obj
 .text.process_enumeration
                0x10007274       0x40 CMakeFiles/firmware.dir/aux/pico/pico-sdk/lib/tinyusb/src/host/usbh.c.obj
 .text.tuh_task_ext.part.0
                0x100072b4      0x18c CMakeFiles/firmware.dir/aux/pico/pico-sdk/lib/tinyusb/src/host/usbh.c.obj
 .text.tuh_task_ext
                0x10007440       0x10 CMakeFiles/firmware.dir/aux/pico/pico-sdk/lib/tinyusb/src/host/usbh.c.obj
                0x10007440                tuh_task_ext
 .text.usbh_get_rhport
                0x10007450       0x24 CMakeFiles/firmware.dir/aux/pico/pico-sdk/lib/tinyusb/src/host/usbh.c.obj
                0x10007450                usbh_get_rhport
 .text.usbh_get_enum_buf
                0x10007474        0x8 CMakeFiles/firmware.dir/aux/pico/pico-sdk/lib/tinyusb/src/host/usbh.c.obj
                0x10007474                usbh_get_enum_buf
 .text.usbh_edpt_claim
                0x1000747c       0x3c CMakeFiles/firmware.dir/aux/pico/pico-sdk/lib/tinyusb/src/host/usbh.c.obj
                0x1000747c                usbh_edpt_claim
 .text.usbh_edpt_release
                0x100074b8       0x3c CMakeFiles/firmware.dir/aux/pico/pico-sdk/lib/tinyusb/src/host/usbh.c.obj
                0x100074b8                usbh_edpt_release
 .text.usbh_edpt_xfer_with_callback
                0x100074f4       0x74 CMakeFiles/firmware.dir/aux/pico/pico-sdk/lib/tinyusb/src/host/usbh.c.obj
                0x100074f4                usbh_edpt_xfer_with_callback
 .text.tuh_edpt_open
                0x10007568       0x50 CMakeFiles/firmware.dir/aux/pico/pico-sdk/lib/tinyusb/src/host/usbh.c.obj
                0x10007568                tuh_edpt_open
 .text.tuh_descriptor_get_hid_report
                0x100075b8       0x58 CMakeFiles/firmware.dir/aux/pico/pico-sdk/lib/tinyusb/src/host/usbh.c.obj
                0x100075b8                tuh_descriptor_get_hid_report
 .text.usbh_driver_set_config_complete
                0x10007610       0x80 CMakeFiles/firmware.dir/aux/pico/pico-sdk/lib/tinyusb/src/host/usbh.c.obj
                0x10007610                usbh_driver_set_config_complete
 .text.connection_port_reset_complete
                0x10007690       0x34 CMakeFiles/firmware.dir/aux/pico/pico-sdk/lib/tinyusb/src/host/hub.c.obj
 .text.hub_clear_feature_complete_stub
                0x100076c4       0x30 CMakeFiles/firmware.dir/aux/pico/pico-sdk/lib/tinyusb/src/host/hub.c.obj
 .text.config_set_port_power
                0x100076f4       0x58 CMakeFiles/firmware.dir/aux/pico/pico-sdk/lib/tinyusb/src/host/hub.c.obj
 .text.config_port_power_complete
                0x1000774c       0x90 CMakeFiles/firmware.dir/aux/pico/pico-sdk/lib/tinyusb/src/host/hub.c.obj
 .text.connection_clear_conn_change_complete
                0x100077dc       0x98 CMakeFiles/firmware.dir/aux/pico/pico-sdk/lib/tinyusb/src/host/hub.c.obj
 .text.hub_get_status_complete
                0x10007874       0x90 CMakeFiles/firmware.dir/aux/pico/pico-sdk/lib/tinyusb/src/host/hub.c.obj
 .text.hub_port_get_status_complete
                0x10007904      0x19c CMakeFiles/firmware.dir/aux/pico/pico-sdk/lib/tinyusb/src/host/hub.c.obj
 .text.hub_port_clear_feature
                0x10007aa0       0x48 CMakeFiles/firmware.dir/aux/pico/pico-sdk/lib/tinyusb/src/host/hub.c.obj
                0x10007aa0                hub_port_clear_feature
 .text.hub_port_get_status
                0x10007ae8       0x4c CMakeFiles/firmware.dir/aux/pico/pico-sdk/lib/tinyusb/src/host/hub.c.obj
                0x10007ae8                hub_port_get_status
 .text.hub_init
                0x10007b34       0x14 CMakeFiles/firmware.dir/aux/pico/pico-sdk/lib/tinyusb/src/host/hub.c.obj
                0x10007b34                hub_init
 .text.hub_open
                0x10007b48       0x58 CMakeFiles/firmware.dir/aux/pico/pico-sdk/lib/tinyusb/src/host/hub.c.obj
                0x10007b48                hub_open
 .text.hub_close
                0x10007ba0       0x28 CMakeFiles/firmware.dir/aux/pico/pico-sdk/lib/tinyusb/src/host/hub.c.obj
                0x10007ba0                hub_close
 .text.hub_edpt_status_xfer
                0x10007bc8       0x2c CMakeFiles/firmware.dir/aux/pico/pico-sdk/lib/tinyusb/src/host/hub.c.obj
                0x10007bc8                hub_edpt_status_xfer
 .text.hub_set_config
                0x10007bf4       0x58 CMakeFiles/firmware.dir/aux/pico/pico-sdk/lib/tinyusb/src/host/hub.c.obj
                0x10007bf4                hub_set_config
 .text.hub_xfer_cb
                0x10007c4c      0x124 CMakeFiles/firmware.dir/aux/pico/pico-sdk/lib/tinyusb/src/host/hub.c.obj
                0x10007c4c                hub_xfer_cb
 .text.get_instance_id_by_itfnum
                0x10007d70       0x38 CMakeFiles/firmware.dir/aux/pico/pico-sdk/lib/tinyusb/src/class/hid/hid_host.c.obj
 .text.process_set_config
                0x10007da8      0x184 CMakeFiles/firmware.dir/aux/pico/pico-sdk/lib/tinyusb/src/class/hid/hid_host.c.obj
 .text.tuh_hid_interface_protocol
                0x10007f2c       0x20 CMakeFiles/firmware.dir/aux/pico/pico-sdk/lib/tinyusb/src/class/hid/hid_host.c.obj
                0x10007f2c                tuh_hid_interface_protocol
 .text.tuh_hid_receive_report
                0x10007f4c       0x6c CMakeFiles/firmware.dir/aux/pico/pico-sdk/lib/tinyusb/src/class/hid/hid_host.c.obj
                0x10007f4c                tuh_hid_receive_report
 .text.hidh_init
                0x10007fb8       0x18 CMakeFiles/firmware.dir/aux/pico/pico-sdk/lib/tinyusb/src/class/hid/hid_host.c.obj
                0x10007fb8                hidh_init
 .text.hidh_xfer_cb
                0x10007fd0       0x7c CMakeFiles/firmware.dir/aux/pico/pico-sdk/lib/tinyusb/src/class/hid/hid_host.c.obj
                0x10007fd0                hidh_xfer_cb
 .text.hidh_close
                0x1000804c       0x5c CMakeFiles/firmware.dir/aux/pico/pico-sdk/lib/tinyusb/src/class/hid/hid_host.c.obj
                0x1000804c                hidh_close
 .text.hidh_open
                0x100080a8      0x134 CMakeFiles/firmware.dir/aux/pico/pico-sdk/lib/tinyusb/src/class/hid/hid_host.c.obj
                0x100080a8                hidh_open
 .text.hidh_set_config
                0x100081dc       0x20 CMakeFiles/firmware.dir/aux/pico/pico-sdk/lib/tinyusb/src/class/hid/hid_host.c.obj
                0x100081dc                hidh_set_config
 .text.config_read_capacity_complete
                0x100081fc       0x6c CMakeFiles/firmware.dir/aux/pico/pico-sdk/lib/tinyusb/src/class/msc/msc_host.c.obj
 .text.tuh_msc_scsi_command
                0x10008268       0x64 CMakeFiles/firmware.dir/aux/pico/pico-sdk/lib/tinyusb/src/class/msc/msc_host.c.obj
                0x10008268                tuh_msc_scsi_command
 .text.config_get_maxlun_complete
                0x100082cc       0x68 CMakeFiles/firmware.dir/aux/pico/pico-sdk/lib/tinyusb/src/class/msc/msc_host.c.obj
 .text.config_request_sense_complete
                0x10008334       0x68 CMakeFiles/firmware.dir/aux/pico/pico-sdk/lib/tinyusb/src/class/msc/msc_host.c.obj
 .text.tuh_msc_read_capacity
                0x1000839c       0x70 CMakeFiles/firmware.dir/aux/pico/pico-sdk/lib/tinyusb/src/class/msc/msc_host.c.obj
                0x1000839c                tuh_msc_read_capacity
 .text.tuh_msc_request_sense
                0x1000840c       0x68 CMakeFiles/firmware.dir/aux/pico/pico-sdk/lib/tinyusb/src/class/msc/msc_host.c.obj
                0x1000840c                tuh_msc_request_sense
 .text.config_test_unit_ready_complete
                0x10008474       0x3c CMakeFiles/firmware.dir/aux/pico/pico-sdk/lib/tinyusb/src/class/msc/msc_host.c.obj
 .text.msch_init
                0x100084b0       0x14 CMakeFiles/firmware.dir/aux/pico/pico-sdk/lib/tinyusb/src/class/msc/msc_host.c.obj
                0x100084b0                msch_init
 .text.msch_close
                0x100084c4       0x38 CMakeFiles/firmware.dir/aux/pico/pico-sdk/lib/tinyusb/src/class/msc/msc_host.c.obj
                0x100084c4                msch_close
 .text.msch_xfer_cb
                0x100084fc       0xe0 CMakeFiles/firmware.dir/aux/pico/pico-sdk/lib/tinyusb/src/class/msc/msc_host.c.obj
                0x100084fc                msch_xfer_cb
 .text.msch_open
                0x100085dc       0xbc CMakeFiles/firmware.dir/aux/pico/pico-sdk/lib/tinyusb/src/class/msc/msc_host.c.obj
                0x100085dc                msch_open
 .text.msch_set_config
                0x10008698       0x5c CMakeFiles/firmware.dir/aux/pico/pico-sdk/lib/tinyusb/src/class/msc/msc_host.c.obj
                0x10008698                msch_set_config
 .text.tusb_init
                0x100086f4        0xc CMakeFiles/firmware.dir/aux/pico/pico-sdk/lib/tinyusb/src/tusb.c.obj
                0x100086f4                tusb_init
 .text.tusb_inited
                0x10008700        0x8 CMakeFiles/firmware.dir/aux/pico/pico-sdk/lib/tinyusb/src/tusb.c.obj
                0x10008700                tusb_inited
 .text.tu_edpt_claim
                0x10008708       0x50 CMakeFiles/firmware.dir/aux/pico/pico-sdk/lib/tinyusb/src/tusb.c.obj
                0x10008708                tu_edpt_claim
 .text.tu_edpt_release
                0x10008758       0x38 CMakeFiles/firmware.dir/aux/pico/pico-sdk/lib/tinyusb/src/tusb.c.obj
                0x10008758                tu_edpt_release
 .text.tu_edpt_validate
                0x10008790       0x7c CMakeFiles/firmware.dir/aux/pico/pico-sdk/lib/tinyusb/src/tusb.c.obj
                0x10008790                tu_edpt_validate
 .text.tu_edpt_bind_driver
                0x1000880c       0x28 CMakeFiles/firmware.dir/aux/pico/pico-sdk/lib/tinyusb/src/tusb.c.obj
                0x1000880c                tu_edpt_bind_driver
 .text.tu_desc_get_interface_total_len
                0x10008834       0x4c CMakeFiles/firmware.dir/aux/pico/pico-sdk/lib/tinyusb/src/tusb.c.obj
                0x10008834                tu_desc_get_interface_total_len
 .text._tu_fifo_peek
                0x10008880       0x54 CMakeFiles/firmware.dir/aux/pico/pico-sdk/lib/tinyusb/src/common/tusb_fifo.c.obj
 .text.tu_fifo_read
                0x100088d4       0x50 CMakeFiles/firmware.dir/aux/pico/pico-sdk/lib/tinyusb/src/common/tusb_fifo.c.obj
                0x100088d4                tu_fifo_read
 .text.tu_fifo_write
                0x10008924       0xa8 CMakeFiles/firmware.dir/aux/pico/pico-sdk/lib/tinyusb/src/common/tusb_fifo.c.obj
                0x10008924                tu_fifo_write
 .text.tu_fifo_clear
                0x100089cc       0x40 CMakeFiles/firmware.dir/aux/pico/pico-sdk/lib/tinyusb/src/common/tusb_fifo.c.obj
                0x100089cc                tu_fifo_clear
 .text.board_init
                0x10008a0c       0x30 CMakeFiles/firmware.dir/aux/pico/pico-sdk/lib/tinyusb/hw/bsp/rp2040/family.c.obj
                0x10008a0c                board_init
 .text.atexit   0x10008a3c       0x10 /usr/lib/gcc/arm-none-eabi/13.2.0/../../../../arm-none-eabi/lib/thumb/v6-m/nofp/libc.a(libc_a-atexit.o)
                0x10008a3c                atexit
 .text.calloc   0x10008a4c       0x18 /usr/lib/gcc/arm-none-eabi/13.2.0/../../../../arm-none-eabi/lib/thumb/v6-m/nofp/libc.a(libc_a-calloc.o)
                0x10008a4c                calloc
 .text._calloc_r
                0x10008a64       0xa8 /usr/lib/gcc/arm-none-eabi/13.2.0/../../../../arm-none-eabi/lib/thumb/v6-m/nofp/libc.a(libc_a-callocr.o)
                0x10008a64                _calloc_r
 .text.malloc   0x10008b0c       0x14 /usr/lib/gcc/arm-none-eabi/13.2.0/../../../../arm-none-eabi/lib/thumb/v6-m/nofp/libc.a(libc_a-malloc.o)
                0x10008b0c                malloc
 .text._malloc_r
                0x10008b20      0x5a4 /usr/lib/gcc/arm-none-eabi/13.2.0/../../../../arm-none-eabi/lib/thumb/v6-m/nofp/libc.a(libc_a-mallocr.o)
                0x10008b20                _malloc_r
 .text.__malloc_lock
                0x100090c4       0x10 /usr/lib/gcc/arm-none-eabi/13.2.0/../../../../arm-none-eabi/lib/thumb/v6-m/nofp/libc.a(libc_a-mlock.o)
                0x100090c4                __malloc_lock
 .text.__malloc_unlock
                0x100090d4       0x10 /usr/lib/gcc/arm-none-eabi/13.2.0/../../../../arm-none-eabi/lib/thumb/v6-m/nofp/libc.a(libc_a-mlock.o)
                0x100090d4                __malloc_unlock
 .text.random   0x100090e4       0x34 /usr/lib/gcc/arm-none-eabi/13.2.0/../../../../arm-none-eabi/lib/thumb/v6-m/nofp/libc.a(libc_a-random.o)
                0x100090e4                random
 .text.memmove  0x10009118       0xb0 /usr/lib/gcc/arm-none-eabi/13.2.0/../../../../arm-none-eabi/lib/thumb/v6-m/nofp/libc.a(libc_a-memmove.o)
                0x10009118                memmove
 .text._sbrk_r  0x100091c8       0x24 /usr/lib/gcc/arm-none-eabi/13.2.0/../../../../arm-none-eabi/lib/thumb/v6-m/nofp/libc.a(libc_a-sbrkr.o)
                0x100091c8                _sbrk_r
 .text.__errno  0x100091ec        0xc /usr/lib/gcc/arm-none-eabi/13.2.0/../../../../arm-none-eabi/lib/thumb/v6-m/nofp/libc.a(libc_a-errno.o)
                0x100091ec                __errno
 .text.__libc_fini_array
                0x100091f8       0x28 /usr/lib/gcc/arm-none-eabi/13.2.0/../../../../arm-none-eabi/lib/thumb/v6-m/nofp/libc.a(libc_a-fini.o)
                0x100091f8                __libc_fini_array
 .text.__retarget_lock_acquire_recursive
                0x10009220        0x4 /usr/lib/gcc/arm-none-eabi/13.2.0/../../../../arm-none-eabi/lib/thumb/v6-m/nofp/libc.a(libc_a-lock.o)
                0x10009220                __retarget_lock_acquire_recursive
 .text.__retarget_lock_release_recursive
                0x10009224        0x4 /usr/lib/gcc/arm-none-eabi/13.2.0/../../../../arm-none-eabi/lib/thumb/v6-m/nofp/libc.a(libc_a-lock.o)
                0x10009224                __retarget_lock_release_recursive
 .text.sysconf  0x10009228       0x1c /usr/lib/gcc/arm-none-eabi/13.2.0/../../../../arm-none-eabi/lib/thumb/v6-m/nofp/libc.a(libc_a-sysconf.o)
                0x10009228                sysconf
 .text.strlen   0x10009244       0x5c /usr/lib/gcc/arm-none-eabi/13.2.0/../../../../arm-none-eabi/lib/thumb/v6-m/nofp/libc.a(libc_a-strlen-stub.o)
                0x10009244                strlen
 .text.__register_exitproc
                0x100092a0       0xa8 /usr/lib/gcc/arm-none-eabi/13.2.0/../../../../arm-none-eabi/lib/thumb/v6-m/nofp/libc.a(libc_a-__atexit.o)
                0x100092a0                __register_exitproc
 .text.startup.register_fini
                0x10009348       0x18 /usr/lib/gcc/arm-none-eabi/13.2.0/../../../../arm-none-eabi/lib/thumb/v6-m/nofp/libc.a(libc_a-__call_atexit.o)
 .text._malloc_trim_r
                0x10009360       0xb4 /usr/lib/gcc/arm-none-eabi/13.2.0/../../../../arm-none-eabi/lib/thumb/v6-m/nofp/libc.a(libc_a-freer.o)
                0x10009360                _malloc_trim_r
 .text._free_r  0x10009414      0x1d4 /usr/lib/gcc/arm-none-eabi/13.2.0/../../../../arm-none-eabi/lib/thumb/v6-m/nofp/libc.a(libc_a-freer.o)
                0x10009414                _free_r
 *(.fini)
 .fini          0x100095e8        0x4 /usr/lib/gcc/arm-none-eabi/13.2.0/thumb/v6-m/nofp/crti.o
                0x100095e8                _fini
 *fill*         0x100095ec        0x4 
 .fini.__stub   0x100095f0       0x70 linker stubs
 *crtbegin.o(.ctors)
 *crtbegin?.o(.ctors)
 *(EXCLUDE_FILE(*crtend.o *crtend?.o) .ctors)
 *(SORT_BY_NAME(.ctors.*))
 *(.ctors)
 *crtbegin.o(.dtors)
 *crtbegin?.o(.dtors)
 *(EXCLUDE_FILE(*crtend.o *crtend?.o) .dtors)
 *(SORT_BY_NAME(.dtors.*))
 *(.dtors)
 *(.eh_frame*)
 .eh_frame      0x10009660        0x0 /usr/lib/gcc/arm-none-eabi/13.2.0/thumb/v6-m/nofp/crtbegin.o
                0x10009660                        . = ALIGN (0x4)

.glue_7         0x10009660        0x0
 .glue_7        0x10009660        0x0 linker stubs

.glue_7t        0x10009660        0x0
 .glue_7t       0x10009660        0x0 linker stubs

.vfp11_veneer   0x10009660        0x0
 .vfp11_veneer  0x10009660        0x0 linker stubs

.v4_bx          0x10009660        0x0
 .v4_bx         0x10009660        0x0 linker stubs

.iplt           0x10009660        0x0
 .iplt          0x10009660        0x0 /usr/lib/gcc/arm-none-eabi/13.2.0/thumb/v6-m/nofp/crtbegin.o

.rodata         0x10009660     0x37c8
 *(EXCLUDE_FILE(*libm.a: *libc.a:*lib_a-mem*.o *libgcc.a:) .rodata*)
 .rodata.DVIStart.str1.4
                0x10009660      0x2c4 CMakeFiles/firmware.dir/hardware/dvi_320x240x256.c.obj
                                 0x32 (size before relaxing)
 .rodata.default_palette
                0x10009924       0x30 CMakeFiles/firmware.dir/interface/graphics.c.obj
                0x10009924                default_palette
 .rodata.CONWrite
                0x10009954       0x44 CMakeFiles/firmware.dir/interface/console.c.obj
 .rodata.KBDEvent.str1.4
                0x10009998        0xb CMakeFiles/firmware.dir/interface/keyboard.c.obj
 .rodata.defaultControlKeys
                0x10009998       0x1d CMakeFiles/firmware.dir/interface/keyboard.c.obj
 *fill*         0x100099b5        0x3 
 .rodata.defaultShift
                0x100099b8       0x28 CMakeFiles/firmware.dir/interface/keyboard.c.obj
 .rodata.kernel_bin
                0x100099e0      0x400 CMakeFiles/firmware.dir/interface/memory.c.obj
                0x100099e0                kernel_bin
 .rodata        0x10009de0     0x2d98 CMakeFiles/firmware.dir/interface/memory.c.obj
 .rodata.DSPReset.str1.4
                0x1000cb78       0x3e CMakeFiles/firmware.dir/interface/dispatch.c.obj
 .rodata.MATHWriteFloat.str1.4
                0x1000cb78        0xe CMakeFiles/firmware.dir/interface/maths.c.obj
 .rodata.MATHWriteInt.str1.4
                0x1000cb78        0xe CMakeFiles/firmware.dir/interface/maths.c.obj
 .rodata.spin_lock_claim_unused.str1.4
                0x1000cb78       0x1b CMakeFiles/firmware.dir/aux/pico/pico-sdk/src/rp2_common/hardware_sync/sync.c.obj
 .rodata.hardware_alarm_claim.str1.4
                0x1000cb78       0x22 CMakeFiles/firmware.dir/aux/pico/pico-sdk/src/rp2_common/hardware_timer/timer.c.obj
 .rodata.panic.str1.4
                0x1000cb78       0x12 CMakeFiles/firmware.dir/aux/pico/pico-sdk/src/rp2_common/pico_runtime/runtime.c.obj
 .rodata.hard_assertion_failure.str1.4
                0x1000cb78        0xc CMakeFiles/firmware.dir/aux/pico/pico-sdk/src/rp2_common/pico_runtime/runtime.c.obj
 .rodata._ftoa.str1.4
                0x1000cb78       0x15 CMakeFiles/firmware.dir/aux/pico/pico-sdk/src/rp2_common/pico_printf/printf.c.obj
 .rodata._vsnprintf
                0x1000cb78      0x19c CMakeFiles/firmware.dir/aux/pico/pico-sdk/src/rp2_common/pico_printf/printf.c.obj
 *fill*         0x1000cd14        0x4 
 .rodata.pow10.0
                0x1000cd18       0x50 CMakeFiles/firmware.dir/aux/pico/pico-sdk/src/rp2_common/pico_printf/printf.c.obj
 .rodata.__wrap_malloc.str1.4
                0x1000cd68        0xe CMakeFiles/firmware.dir/aux/pico/pico-sdk/src/rp2_common/pico_malloc/pico_malloc.c.obj
 .rodata.str1.4
                0x1000cd68       0x40 CMakeFiles/firmware.dir/aux/pico/pico-sdk/src/rp2_common/pico_standard_link/binary_info.c.obj
 .rodata.__bi_81
                0x1000cd68        0xc CMakeFiles/firmware.dir/aux/pico/pico-sdk/src/rp2_common/pico_standard_link/binary_info.c.obj
 .rodata.__bi_75
                0x1000cd74        0xc CMakeFiles/firmware.dir/aux/pico/pico-sdk/src/rp2_common/pico_standard_link/binary_info.c.obj
 .rodata.__bi_44
                0x1000cd80        0xc CMakeFiles/firmware.dir/aux/pico/pico-sdk/src/rp2_common/pico_standard_link/binary_info.c.obj
 .rodata.crlf_str.0
                0x1000cd8c        0x2 CMakeFiles/firmware.dir/aux/pico/pico-sdk/src/rp2_common/pico_stdio/stdio.c.obj
 .rodata.str1.4
                0x1000cd8e       0x1d CMakeFiles/firmware.dir/__/libraries/PicoDVI/software/libdvi/dvi.c.obj
 .rodata.dvi_init.str1.4
                0x1000cd8e       0x1e CMakeFiles/firmware.dir/__/libraries/PicoDVI/software/libdvi/dvi.c.obj
 *fill*         0x1000cd8e        0x2 
 .rodata.dvi_serialiser_program
                0x1000cd90        0x6 CMakeFiles/firmware.dir/__/libraries/PicoDVI/software/libdvi/dvi_serialiser.c.obj
 *fill*         0x1000cd96        0x2 
 .rodata.dvi_serialiser_program_instructions
                0x1000cd98        0x4 CMakeFiles/firmware.dir/__/libraries/PicoDVI/software/libdvi/dvi_serialiser.c.obj
 .rodata.dma_claim_unused_channel.str1.4
                0x1000cd9c       0x1e CMakeFiles/firmware.dir/aux/pico/pico-sdk/src/rp2_common/hardware_dma/dma.c.obj
 .rodata._pio_add_program_at_offset.str1.4
                0x1000cd9c       0x11 CMakeFiles/firmware.dir/aux/pico/pico-sdk/src/rp2_common/hardware_pio/pio.c.obj
 .rodata.pio_sm_claim.str1.4
                0x1000cd9c       0x40 CMakeFiles/firmware.dir/aux/pico/pico-sdk/src/rp2_common/hardware_pio/pio.c.obj
 .rodata._hw_endpoint_init.str1.4
                0x1000cd9c        0xf CMakeFiles/firmware.dir/aux/pico/pico-sdk/lib/tinyusb/src/portable/raspberrypi/rp2040/hcd_rp2040.c.obj
 .rodata.hcd_rp2040_irq.str1.4
                0x1000cd9c       0x40 CMakeFiles/firmware.dir/aux/pico/pico-sdk/lib/tinyusb/src/portable/raspberrypi/rp2040/hcd_rp2040.c.obj
 .rodata._hw_endpoint_buffer_control_update32.part.0.isra.0.str1.4
                0x1000cd9c       0x1f CMakeFiles/firmware.dir/aux/pico/pico-sdk/lib/tinyusb/src/portable/raspberrypi/rp2040/rp2040_usb.c.obj
 .rodata.hw_endpoint_xfer_continue.str1.4
                0x1000cd9c       0x29 CMakeFiles/firmware.dir/aux/pico/pico-sdk/lib/tinyusb/src/portable/raspberrypi/rp2040/rp2040_usb.c.obj
 .rodata.str1.4
                0x1000cd9c        0x7 CMakeFiles/firmware.dir/aux/pico/pico-sdk/lib/tinyusb/src/portable/raspberrypi/rp2040/rp2040_usb.c.obj
 .rodata.process_enumeration.part.0
                0x1000cd9c       0x34 CMakeFiles/firmware.dir/aux/pico/pico-sdk/lib/tinyusb/src/host/usbh.c.obj
 .rodata.usbh_class_drivers
                0x1000cdd0       0x3c CMakeFiles/firmware.dir/aux/pico/pico-sdk/lib/tinyusb/src/host/usbh.c.obj
 .rodata        0x1000ce0c        0x8 CMakeFiles/firmware.dir/aux/pico/pico-sdk/lib/tinyusb/src/host/hub.c.obj
 .rodata.str1.4
                0x1000ce14        0x4 CMakeFiles/firmware.dir/aux/pico/pico-sdk/lib/tinyusb/hw/bsp/rp2040/family.c.obj
 .rodata.__bi_142.0
                0x1000ce14        0xc CMakeFiles/firmware.dir/aux/pico/pico-sdk/lib/tinyusb/hw/bsp/rp2040/family.c.obj
 .rodata.__bi_152.1
                0x1000ce20        0x8 CMakeFiles/firmware.dir/aux/pico/pico-sdk/lib/tinyusb/hw/bsp/rp2040/family.c.obj
                0x1000ce28                        . = ALIGN (0x4)
 *(SORT_BY_ALIGNMENT(SORT_BY_NAME(.flashdata*)))
                0x1000ce28                        . = ALIGN (0x4)

.ARM.extab
 *(.ARM.extab* .gnu.linkonce.armextab.*)
                0x1000ce28                        __exidx_start = .

.ARM.exidx
 *(.ARM.exidx* .gnu.linkonce.armexidx.*)
                0x1000ce28                        __exidx_end = .
                0x1000ce28                        . = ALIGN (0x4)
                0x1000ce28                        __binary_info_start = .

.binary_info    0x1000ce28       0x24
 *(.binary_info.keep.*)
 .binary_info.keep.__bi_ptr81
                0x1000ce28        0x4 CMakeFiles/firmware.dir/aux/pico/pico-sdk/src/rp2_common/pico_standard_link/binary_info.c.obj
 .binary_info.keep.__bi_ptr75
                0x1000ce2c        0x4 CMakeFiles/firmware.dir/aux/pico/pico-sdk/src/rp2_common/pico_standard_link/binary_info.c.obj
 .binary_info.keep.__bi_ptr50
                0x1000ce30        0x4 CMakeFiles/firmware.dir/aux/pico/pico-sdk/src/rp2_common/pico_standard_link/binary_info.c.obj
 .binary_info.keep.__bi_ptr44
                0x1000ce34        0x4 CMakeFiles/firmware.dir/aux/pico/pico-sdk/src/rp2_common/pico_standard_link/binary_info.c.obj
 .binary_info.keep.__bi_ptr38
                0x1000ce38        0x4 CMakeFiles/firmware.dir/aux/pico/pico-sdk/src/rp2_common/pico_standard_link/binary_info.c.obj
 .binary_info.keep.__bi_ptr30
                0x1000ce3c        0x4 CMakeFiles/firmware.dir/aux/pico/pico-sdk/src/rp2_common/pico_standard_link/binary_info.c.obj
 .binary_info.keep.__bi_ptr22
                0x1000ce40        0x4 CMakeFiles/firmware.dir/aux/pico/pico-sdk/src/rp2_common/pico_standard_link/binary_info.c.obj
 .binary_info.keep.__bi_ptr152
                0x1000ce44        0x4 CMakeFiles/firmware.dir/aux/pico/pico-sdk/lib/tinyusb/hw/bsp/rp2040/family.c.obj
 .binary_info.keep.__bi_ptr142
                0x1000ce48        0x4 CMakeFiles/firmware.dir/aux/pico/pico-sdk/lib/tinyusb/hw/bsp/rp2040/family.c.obj
 *(.binary_info.*)
                0x1000ce4c                        __binary_info_end = .
                0x1000ce4c                        . = ALIGN (0x4)

.ram_vector_table
                0x20000000       0xc0
 *(.ram_vector_table)
 .ram_vector_table
                0x20000000       0xc0 CMakeFiles/firmware.dir/aux/pico/pico-sdk/src/rp2_common/pico_runtime/runtime.c.obj
                0x20000000                ram_vector_table

.data           0x200000c0     0x1624 load address 0x1000ce4c
                0x200000c0                        __data_start__ = .
 *(vtable)
 *(.time_critical*)
 .time_critical.core1_main
                0x200000c0       0x20 CMakeFiles/firmware.dir/hardware/dvi_320x240x256.c.obj
 .time_critical._scanline_callback
                0x200000e0      0x194 CMakeFiles/firmware.dir/hardware/dvi_320x240x256.c.obj
 .time_critical.mutex_enter_blocking
                0x20000274       0x48 CMakeFiles/firmware.dir/aux/pico/pico-sdk/src/common/pico_sync/mutex.c.obj
                0x20000274                mutex_enter_blocking
 .time_critical.mutex_enter_block_until
                0x200002bc       0x74 CMakeFiles/firmware.dir/aux/pico/pico-sdk/src/common/pico_sync/mutex.c.obj
                0x200002bc                mutex_enter_block_until
 .time_critical.mutex_try_enter_block_until
                0x20000330       0x60 CMakeFiles/firmware.dir/aux/pico/pico-sdk/src/common/pico_sync/mutex.c.obj
                0x20000330                mutex_try_enter_block_until
 .time_critical.mutex_enter_timeout_ms
                0x20000390       0x40 CMakeFiles/firmware.dir/aux/pico/pico-sdk/src/common/pico_sync/mutex.c.obj
                0x20000390                mutex_enter_timeout_ms
 .time_critical.mutex_exit
                0x200003d0       0x28 CMakeFiles/firmware.dir/aux/pico/pico-sdk/src/common/pico_sync/mutex.c.obj
                0x200003d0                mutex_exit
 .time_critical.dvi_dma_irq_handler
                0x200003f8      0x50c CMakeFiles/firmware.dir/__/libraries/PicoDVI/software/libdvi/dvi.c.obj
 .time_critical.dvi_dma1_irq
                0x20000904       0x24 CMakeFiles/firmware.dir/__/libraries/PicoDVI/software/libdvi/dvi.c.obj
 .time_critical.dvi_dma0_irq
                0x20000928       0x24 CMakeFiles/firmware.dir/__/libraries/PicoDVI/software/libdvi/dvi.c.obj
 .time_critical.dvi_scanbuf_main_16bpp
                0x2000094c      0x248 CMakeFiles/firmware.dir/__/libraries/PicoDVI/software/libdvi/dvi.c.obj
                0x2000094c                dvi_scanbuf_main_16bpp
 .time_critical.dvi_timing_state_advance
                0x20000b94       0x44 CMakeFiles/firmware.dir/__/libraries/PicoDVI/software/libdvi/dvi_timing.c.obj
                0x20000b94                dvi_timing_state_advance
 .time_critical.dvi_update_scanline_data_dma
                0x20000bd8       0x14 CMakeFiles/firmware.dir/__/libraries/PicoDVI/software/libdvi/dvi_timing.c.obj
                0x20000bd8                dvi_update_scanline_data_dma
 .time_critical.empty_scanline_tmds
                0x20000bec        0xc CMakeFiles/firmware.dir/__/libraries/PicoDVI/software/libdvi/dvi_timing.c.obj
 .time_critical.dvi_ctrl_syms
                0x20000bf8       0x10 CMakeFiles/firmware.dir/__/libraries/PicoDVI/software/libdvi/dvi_timing.c.obj
                0x20000bf8                dvi_ctrl_syms
 .time_critical.dvi_timing_640x480p_60hz
                0x20000c08       0x2c CMakeFiles/firmware.dir/__/libraries/PicoDVI/software/libdvi/dvi_timing.c.obj
                0x20000c08                dvi_timing_640x480p_60hz
 .time_critical.tmds_encode_data_channel_16bpp
                0x20000c34       0xa4 CMakeFiles/firmware.dir/__/libraries/PicoDVI/software/libdvi/tmds_encode.c.obj
                0x20000c34                tmds_encode_data_channel_16bpp
 .time_critical.tinyusb
                0x20000cd8       0x38 CMakeFiles/firmware.dir/aux/pico/pico-sdk/lib/tinyusb/src/host/usbh.c.obj
                0x20000cd8                hcd_event_handler
 *(.text*)
 .text          0x20000d10        0x4 /usr/lib/gcc/arm-none-eabi/13.2.0/thumb/v6-m/nofp/libgcc.a(_dvmd_tls.o)
                0x20000d10                __aeabi_ldiv0
                0x20000d10                __aeabi_idiv0
 *fill*         0x20000d14        0x4 
 .text.__stub   0x20000d18       0x90 linker stubs
                0x20000da8                        . = ALIGN (0x4)
 *(.rodata*)
                0x20000da8                        . = ALIGN (0x4)
 *(.data*)
 .data.font_5x7
                0x20000da8      0x300 CMakeFiles/firmware.dir/interface/console.c.obj
 .data.controlPort
                0x200010a8        0x2 CMakeFiles/firmware.dir/interface/memory.c.obj
                0x200010a8                controlPort
 .data.striped_spin_lock_num
                0x200010aa        0x1 CMakeFiles/firmware.dir/aux/pico/pico-sdk/src/rp2_common/hardware_sync/sync.c.obj
 *fill*         0x200010ab        0x1 
 .data          0x200010ac       0x48 CMakeFiles/firmware.dir/aux/pico/pico-sdk/src/rp2_common/hardware_irq/irq_handler_chain.S.obj
                0x200010ac                irq_handler_chain_slots
                0x200010dc                irq_handler_chain_first_slot
                0x200010e6                irq_handler_chain_remove_tail
 .data.default_alarm_pool
                0x200010f4       0x18 CMakeFiles/firmware.dir/aux/pico/pico-sdk/src/common/pico_time/time.c.obj
 .data.default_alarm_pool_heap
                0x2000110c       0x10 CMakeFiles/firmware.dir/aux/pico/pico-sdk/src/common/pico_time/time.c.obj
 *fill*         0x2000111c        0x4 
 .data.aeabi_bits_funcs
                0x20001120       0x10 CMakeFiles/firmware.dir/aux/pico/pico-sdk/src/rp2_common/pico_bit_ops/bit_ops_aeabi.S.obj
                0x20001120                aeabi_bits_funcs
                0x20001130                aeabi_bits_funcs_end
 .data.aeabi_mem_funcs
                0x20001130       0x10 CMakeFiles/firmware.dir/aux/pico/pico-sdk/src/rp2_common/pico_mem_ops/mem_ops_aeabi.S.obj
                0x20001130                aeabi_mem_funcs
                0x20001140                aeabi_mem_funcs_end
 .data.stdio_uart
                0x20001140       0x18 CMakeFiles/firmware.dir/aux/pico/pico-sdk/src/rp2_common/pico_stdio_uart/stdio_uart.c.obj
                0x20001140                stdio_uart
 .data.ep_dir_string
                0x20001158        0x8 CMakeFiles/firmware.dir/aux/pico/pico-sdk/lib/tinyusb/src/portable/raspberrypi/rp2040/rp2040_usb.c.obj
                0x20001158                ep_dir_string
 .data._usbh_qdef
                0x20001160       0x1c CMakeFiles/firmware.dir/aux/pico/pico-sdk/lib/tinyusb/src/host/usbh.c.obj
                0x20001160                _usbh_qdef
 .data._usbh_controller
                0x2000117c        0x1 CMakeFiles/firmware.dir/aux/pico/pico-sdk/lib/tinyusb/src/host/usbh.c.obj
 *fill*         0x2000117d        0x3 
 .data.__malloc_sbrk_base
                0x20001180        0x4 /usr/lib/gcc/arm-none-eabi/13.2.0/../../../../arm-none-eabi/lib/thumb/v6-m/nofp/libc.a(libc_a-mallocr.o)
                0x20001180                __malloc_sbrk_base
 .data.__malloc_trim_threshold
                0x20001184        0x4 /usr/lib/gcc/arm-none-eabi/13.2.0/../../../../arm-none-eabi/lib/thumb/v6-m/nofp/libc.a(libc_a-mallocr.o)
                0x20001184                __malloc_trim_threshold
 .data.__malloc_av_
                0x20001188      0x408 /usr/lib/gcc/arm-none-eabi/13.2.0/../../../../arm-none-eabi/lib/thumb/v6-m/nofp/libc.a(libc_a-mallocr.o)
                0x20001188                __malloc_av_
 .data._impure_ptr
                0x20001590        0x4 /usr/lib/gcc/arm-none-eabi/13.2.0/../../../../arm-none-eabi/lib/thumb/v6-m/nofp/libc.a(libc_a-impure.o)
                0x20001590                _impure_ptr
 *fill*         0x20001594        0x4 
 .data._impure_data
                0x20001598      0x120 /usr/lib/gcc/arm-none-eabi/13.2.0/../../../../arm-none-eabi/lib/thumb/v6-m/nofp/libc.a(libc_a-impure.o)
                0x20001598                _impure_data
 .data.__atexit_recursive_mutex
                0x200016b8        0x4 /usr/lib/gcc/arm-none-eabi/13.2.0/../../../../arm-none-eabi/lib/thumb/v6-m/nofp/libc.a(libc_a-__call_atexit.o)
                0x200016b8                __atexit_recursive_mutex
                0x200016bc                        . = ALIGN (0x4)
 *(.after_data.*)
                0x200016bc                        . = ALIGN (0x4)
                0x200016bc                        PROVIDE (__mutex_array_start = .)
 *(SORT_BY_NAME(.mutex_array.*))
 *(.mutex_array)
 .mutex_array   0x200016bc        0x8 CMakeFiles/firmware.dir/aux/pico/pico-sdk/src/rp2_common/pico_malloc/pico_malloc.c.obj
 .mutex_array   0x200016c4        0x8 CMakeFiles/firmware.dir/aux/pico/pico-sdk/src/rp2_common/pico_stdio/stdio.c.obj
                0x200016cc                        PROVIDE (__mutex_array_end = .)
                0x200016cc                        . = ALIGN (0x4)
                0x200016cc                        PROVIDE (__preinit_array_start = .)
 *(SORT_BY_NAME(.preinit_array.*))
 .preinit_array.00001
                0x200016cc        0x4 CMakeFiles/firmware.dir/aux/pico/pico-sdk/src/rp2_common/pico_mem_ops/mem_ops_aeabi.S.obj
 .preinit_array.00010
                0x200016d0        0x4 CMakeFiles/firmware.dir/aux/pico/pico-sdk/src/rp2_common/pico_bit_ops/bit_ops_aeabi.S.obj
 .preinit_array.00020
                0x200016d4        0x4 CMakeFiles/firmware.dir/aux/pico/pico-sdk/src/rp2_common/pico_double/double_aeabi.S.obj
 .preinit_array.00020
                0x200016d8        0x4 CMakeFiles/firmware.dir/aux/pico/pico-sdk/src/rp2_common/pico_float/float_aeabi.S.obj
 *(.preinit_array)
                0x200016dc                        PROVIDE (__preinit_array_end = .)
                0x200016dc                        . = ALIGN (0x4)
                0x200016dc                        PROVIDE (__init_array_start = .)
 *(SORT_BY_NAME(.init_array.*))
 .init_array.00000
                0x200016dc        0x4 /usr/lib/gcc/arm-none-eabi/13.2.0/../../../../arm-none-eabi/lib/thumb/v6-m/nofp/libc.a(libc_a-__call_atexit.o)
 *(.init_array)
 .init_array    0x200016e0        0x4 /usr/lib/gcc/arm-none-eabi/13.2.0/thumb/v6-m/nofp/crtbegin.o
                0x200016e4                        PROVIDE (__init_array_end = .)
                0x200016e4                        . = ALIGN (0x4)
                0x200016e4                        PROVIDE (__fini_array_start = .)
 *(SORT_BY_NAME(.fini_array.*))
 *(.fini_array)
                0x200016e4                        PROVIDE (__fini_array_end = .)
 *(.jcr)
                0x200016e4                        . = ALIGN (0x4)
                0x200016e4                        __data_end__ = .
                0x1000ce4c                        __etext = LOADADDR (.data)

.igot.plt       0x200016e4        0x0 load address 0x1000e470
 .igot.plt      0x200016e4        0x0 /usr/lib/gcc/arm-none-eabi/13.2.0/thumb/v6-m/nofp/crtbegin.o

.uninitialized_data
                0x200016e4        0x0 load address 0x1000e470
                0x200016e4                        . = ALIGN (0x4)
 *(.uninitialized_data*)

.scratch_x      0x20040000      0x164 load address 0x1000e470
                0x20040000                        __scratch_x_start__ = .
 *(.scratch_x.*)
 .scratch_x.tmds_encode_loop_16bpp
                0x20040000       0x30 CMakeFiles/firmware.dir/__/libraries/PicoDVI/software/libdvi/tmds_encode.S.obj
                0x20040000                tmds_encode_loop_16bpp
 .scratch_x.tmds_encode_loop_16bpp_leftshift
                0x20040030       0x34 CMakeFiles/firmware.dir/__/libraries/PicoDVI/software/libdvi/tmds_encode.S.obj
                0x20040030                tmds_encode_loop_16bpp_leftshift
 .scratch_x.tmds_table
                0x20040064      0x100 CMakeFiles/firmware.dir/__/libraries/PicoDVI/software/libdvi/tmds_encode.c.obj
                0x20040164                        . = ALIGN (0x4)
                0x20040164                        __scratch_x_end__ = .
                0x1000e470                        __scratch_x_source__ = LOADADDR (.scratch_x)

.rel.dyn        0x20040164        0x0 load address 0x1000e5d4
 .rel.iplt      0x20040164        0x0 /usr/lib/gcc/arm-none-eabi/13.2.0/thumb/v6-m/nofp/crtbegin.o

.scratch_y      0x20041000        0x0 load address 0x1000e5d4
                0x20041000                        __scratch_y_start__ = .
 *(.scratch_y.*)
                0x20041000                        . = ALIGN (0x4)
                0x20041000                        __scratch_y_end__ = .
                0x1000e5d4                        __scratch_y_source__ = LOADADDR (.scratch_y)

.bss            0x20010000    0x25ac0
                0x20010000                        . = ALIGN (0x4)
                0x20010000                        __bss_start__ = .
 *(SORT_BY_ALIGNMENT(SORT_BY_NAME(.bss*)))
 .bss.cpuMemory
                0x20010000    0x10000 CMakeFiles/firmware.dir/interface/memory.c.obj
                0x20010000                cpuMemory
 .bss.default_alarm_pool_entries
                0x20020000      0x100 CMakeFiles/firmware.dir/aux/pico/pico-sdk/src/common/pico_time/time.c.obj
 .bss.timer     0x20020100       0x18 CMakeFiles/firmware.dir/hardware/sound.c.obj
                0x20020100                timer
 .bss.__atexit  0x20020118        0x4 /usr/lib/gcc/arm-none-eabi/13.2.0/../../../../arm-none-eabi/lib/thumb/v6-m/nofp/libc.a(libc_a-__call_atexit.o)
                0x20020118                __atexit
 .bss.__atexit0
                0x2002011c      0x190 /usr/lib/gcc/arm-none-eabi/13.2.0/../../../../arm-none-eabi/lib/thumb/v6-m/nofp/libc.a(libc_a-__atexit.o)
                0x2002011c                __atexit0
 .bss.__lock___atexit_recursive_mutex
                0x200202ac        0x1 /usr/lib/gcc/arm-none-eabi/13.2.0/../../../../arm-none-eabi/lib/thumb/v6-m/nofp/libc.a(libc_a-lock.o)
                0x200202ac                __lock___atexit_recursive_mutex
 *fill*         0x200202ad        0x3 
 .bss.__lock___malloc_recursive_mutex
                0x200202b0        0x1 /usr/lib/gcc/arm-none-eabi/13.2.0/../../../../arm-none-eabi/lib/thumb/v6-m/nofp/libc.a(libc_a-lock.o)
                0x200202b0                __lock___malloc_recursive_mutex
 *fill*         0x200202b1        0x3 
 .bss.__malloc_current_mallinfo
                0x200202b4       0x28 /usr/lib/gcc/arm-none-eabi/13.2.0/../../../../arm-none-eabi/lib/thumb/v6-m/nofp/libc.a(libc_a-mallocr.o)
                0x200202b4                __malloc_current_mallinfo
 .bss.__malloc_max_sbrked_mem
                0x200202dc        0x4 /usr/lib/gcc/arm-none-eabi/13.2.0/../../../../arm-none-eabi/lib/thumb/v6-m/nofp/libc.a(libc_a-mallocr.o)
                0x200202dc                __malloc_max_sbrked_mem
 .bss.__malloc_max_total_mem
                0x200202e0        0x4 /usr/lib/gcc/arm-none-eabi/13.2.0/../../../../arm-none-eabi/lib/thumb/v6-m/nofp/libc.a(libc_a-mallocr.o)
                0x200202e0                __malloc_max_total_mem
 .bss.__malloc_top_pad
                0x200202e4        0x4 /usr/lib/gcc/arm-none-eabi/13.2.0/../../../../arm-none-eabi/lib/thumb/v6-m/nofp/libc.a(libc_a-mallocr.o)
                0x200202e4                __malloc_top_pad
 .bss.__sf      0x200202e8      0x138 /usr/lib/gcc/arm-none-eabi/13.2.0/../../../../arm-none-eabi/lib/thumb/v6-m/nofp/libc.a(libc_a-findfp.o)
                0x200202e8                __sf
 .bss._ctrl_xfer
                0x20020420       0x18 CMakeFiles/firmware.dir/aux/pico/pico-sdk/lib/tinyusb/src/host/usbh.c.obj
                0x20020420                _ctrl_xfer
 .bss._dev0     0x20020438        0x5 CMakeFiles/firmware.dir/aux/pico/pico-sdk/lib/tinyusb/src/host/usbh.c.obj
 *fill*         0x2002043d        0x3 
 .bss._hidh_dev
                0x20020440      0xafa CMakeFiles/firmware.dir/aux/pico/pico-sdk/lib/tinyusb/src/class/hid/hid_host.c.obj
 *fill*         0x20020f3a        0x2 
 .bss._hub_buffer
                0x20020f3c        0x9 CMakeFiles/firmware.dir/aux/pico/pico-sdk/lib/tinyusb/src/host/hub.c.obj
 *fill*         0x20020f45        0x3 
 .bss._msch_buffer
                0x20020f48       0x24 CMakeFiles/firmware.dir/aux/pico/pico-sdk/lib/tinyusb/src/class/msc/msc_host.c.obj
 .bss._msch_itf
                0x20020f6c      0x1f4 CMakeFiles/firmware.dir/aux/pico/pico-sdk/lib/tinyusb/src/class/msc/msc_host.c.obj
 .bss._usbh_ctrl_buf
                0x20021160      0x100 CMakeFiles/firmware.dir/aux/pico/pico-sdk/lib/tinyusb/src/host/usbh.c.obj
 .bss._usbh_devices
                0x20021260      0x18c CMakeFiles/firmware.dir/aux/pico/pico-sdk/lib/tinyusb/src/host/usbh.c.obj
                0x20021260                _usbh_devices
 .bss._usbh_mutex
                0x200213ec        0x4 CMakeFiles/firmware.dir/aux/pico/pico-sdk/lib/tinyusb/src/host/usbh.c.obj
 .bss._usbh_mutexdef
                0x200213f0        0x8 CMakeFiles/firmware.dir/aux/pico/pico-sdk/lib/tinyusb/src/host/usbh.c.obj
 .bss._usbh_q   0x200213f8        0x4 CMakeFiles/firmware.dir/aux/pico/pico-sdk/lib/tinyusb/src/host/usbh.c.obj
 .bss._usbh_qdef_buf
                0x200213fc       0xc0 CMakeFiles/firmware.dir/aux/pico/pico-sdk/lib/tinyusb/src/host/usbh.c.obj
                0x200213fc                _usbh_qdef_buf
 .bss._used_instruction_space
                0x200214bc        0x8 CMakeFiles/firmware.dir/aux/pico/pico-sdk/src/rp2_common/hardware_pio/pio.c.obj
 .bss.alarm_callbacks
                0x200214c4       0x10 CMakeFiles/firmware.dir/aux/pico/pico-sdk/src/rp2_common/hardware_timer/timer.c.obj
 .bss.buffer1   0x200214d4      0x280 CMakeFiles/firmware.dir/hardware/dvi_320x240x256.c.obj
                0x200214d4                buffer1
 .bss.buffer2   0x20021754      0x280 CMakeFiles/firmware.dir/hardware/dvi_320x240x256.c.obj
                0x20021754                buffer2
 .bss.channel   0x200219d4        0x4 CMakeFiles/firmware.dir/hardware/sound.c.obj
 .bss.chars_available_callback
                0x200219d8        0x4 CMakeFiles/firmware.dir/aux/pico/pico-sdk/src/rp2_common/pico_stdio_uart/stdio_uart.c.obj
 .bss.chars_available_param
                0x200219dc        0x4 CMakeFiles/firmware.dir/aux/pico/pico-sdk/src/rp2_common/pico_stdio_uart/stdio_uart.c.obj
 .bss.claimed   0x200219e0        0x4 CMakeFiles/firmware.dir/aux/pico/pico-sdk/src/rp2_common/hardware_sync/sync.c.obj
 .bss.configured_freq
                0x200219e4       0x28 CMakeFiles/firmware.dir/aux/pico/pico-sdk/src/rp2_common/hardware_clocks/clocks.c.obj
 .bss.consoleMemory
                0x20021a0c      0xa00 CMakeFiles/firmware.dir/interface/graphics.c.obj
 .bss.default_alarm_pool_entry_ids_high
                0x2002240c       0x10 CMakeFiles/firmware.dir/aux/pico/pico-sdk/src/common/pico_time/time.c.obj
 .bss.default_alarm_pool_heap_nodes
                0x2002241c       0x30 CMakeFiles/firmware.dir/aux/pico/pico-sdk/src/common/pico_time/time.c.obj
 .bss.dma_irq_privdata
                0x2002244c        0x8 CMakeFiles/firmware.dir/__/libraries/PicoDVI/software/libdvi/dvi.c.obj
 .bss.drivers   0x20022454        0x4 CMakeFiles/firmware.dir/aux/pico/pico-sdk/src/rp2_common/pico_stdio/stdio.c.obj
 .bss.dvi0      0x20022458      0x2b4 CMakeFiles/firmware.dir/hardware/dvi_320x240x256.c.obj
                0x20022458                dvi0
 .bss.ep_pool   0x2002270c      0x200 CMakeFiles/firmware.dir/aux/pico/pico-sdk/lib/tinyusb/src/portable/raspberrypi/rp2040/hcd_rp2040.c.obj
 .bss.errno     0x2002290c        0x4 /usr/lib/gcc/arm-none-eabi/13.2.0/../../../../arm-none-eabi/lib/thumb/v6-m/nofp/libc.a(libc_a-reent.o)
                0x2002290c                errno
 .bss.filter    0x20022910        0x4 CMakeFiles/firmware.dir/aux/pico/pico-sdk/src/rp2_common/pico_stdio/stdio.c.obj
 .bss.gMode     0x20022914       0x20 CMakeFiles/firmware.dir/interface/graphics.c.obj
                0x20022914                gMode
 .bss.graphMode
                0x20022934        0x4 CMakeFiles/firmware.dir/interface/console.c.obj
                0x20022934                graphMode
 .bss.graphicsMemory
                0x20022938    0x12c00 CMakeFiles/firmware.dir/interface/graphics.c.obj
 .bss.heap_end.0
                0x20035538        0x4 CMakeFiles/firmware.dir/aux/pico/pico-sdk/src/rp2_common/pico_runtime/runtime.c.obj
 .bss.hub_data  0x2003553c        0xc CMakeFiles/firmware.dir/aux/pico/pico-sdk/lib/tinyusb/src/host/hub.c.obj
 .bss.keyboardState